 MiniX

 Timestamp is 562a53ed (Fri Oct 23 11:36:13 2015)

 Preferred load address is 10000000

 Start         Length     Name                   Class
 0001:00000000 000850b9H .textbss                DATA
 0002:00000000 0006b22eH .text                   CODE
 0002:0006b230 0000622cH .text$AFX_AUX           CODE
 0002:00071460 000150a1H .text$AFX_CMNCTL        CODE
 0002:00086510 0000a04dH .text$AFX_COL1          CODE
 0002:00090560 00006e57H .text$AFX_COL2          CODE
 0002:000973c0 0001d770H .text$AFX_CORE1         CODE
 0002:000b4b30 0000f869H .text$AFX_CORE2         CODE
 0002:000c43a0 00012221H .text$AFX_CORE3         CODE
 0002:000d65d0 00016e50H .text$AFX_CORE4         CODE
 0002:000ed420 00007d8eH .text$AFX_DBG1          CODE
 0002:000f51b0 0000fe3fH .text$AFX_DBG2          CODE
 0002:00104ff0 00001264H .text$AFX_INET          CODE
 0002:00106260 0000ef81H .text$AFX_INIT          CODE
 0002:001151f0 00005139H .text$AFX_OLE1          CODE
 0002:0011a330 000021adH .text$AFX_OLE3          CODE
 0002:0011c4e0 00002295H .text$AFX_OLE4          CODE
 0002:0011e780 00005be9H .text$AFX_OLE5          CODE
 0002:00124370 00002eecH .text$AFX_PRNT          CODE
 0002:00127260 0000151cH .text$AFX_TERM          CODE
 0002:00128780 00004fd2H .text$x                 CODE
 0002:0012d760 00001765H .text$yc                CODE
 0002:0012eed0 0000128cH .text$yd                CODE
 0003:00000000 0004011bH .rdata                  DATA
 0003:0004011c 00000179H .rdata$debug            DATA
 0003:00040298 000031feH .rdata$r                DATA
 0003:00043498 00000104H .rtc$IAA                DATA
 0003:0004359c 0000011cH .rtc$IMZ                DATA
 0003:000436b8 00000104H .rtc$IZZ                DATA
 0003:000437bc 00000104H .rtc$TAA                DATA
 0003:000438c0 0000011cH .rtc$TMZ                DATA
 0003:000439dc 00000104H .rtc$TZZ                DATA
 0003:00043ae0 00006364H .xdata$x                DATA
 0003:00049e44 00000104H ATL$__a                 DATA
 0003:00049f48 00000104H ATL$__z                 DATA
 0003:0004a050 000002d4H .edata                  DATA
 0004:00000000 00000104H .CRT$XCA                DATA
 0004:00000104 00000104H .CRT$XCAA               DATA
 0004:00000208 0000011cH .CRT$XCC                DATA
 0004:00000324 000001ebH .CRT$XCL                DATA
 0004:00000510 000001a6H .CRT$XCU                DATA
 0004:000006b8 00000104H .CRT$XCZ                DATA
 0004:000007bc 00000104H .CRT$XIA                DATA
 0004:000008c0 00000113H .CRT$XIC                DATA
 0004:000009d4 00000104H .CRT$XIY                DATA
 0004:00000ad8 00000104H .CRT$XIZ                DATA
 0004:00000bdc 00000104H .CRT$XPA                DATA
 0004:00000ce0 00000104H .CRT$XPX                DATA
 0004:00000de4 00000104H .CRT$XPZ                DATA
 0004:00000ee8 00000104H .CRT$XTA                DATA
 0004:00000fec 00000104H .CRT$XTB                DATA
 0004:000010f0 00000104H .CRT$XTZ                DATA
 0004:00001200 0000313aH .data                   DATA
 0004:00004340 00021d08H .bss                    DATA
 0005:00000000 000000f0H .idata$2                DATA
 0005:000000f0 00000014H .idata$3                DATA
 0005:00000104 00001060H .idata$4                DATA
 0005:00001164 00001060H .idata$5                DATA
 0005:000021c4 00003789H .idata$6                DATA
 0006:00000000 00000020H .didat$2                DATA
 0006:00000020 00000020H .didat$3                DATA
 0006:00000040 00000038H .didat$4                DATA
 0006:00000078 00000038H .didat$5                DATA
 0006:000000b0 00000155H .didat$6                DATA
 0006:00000208 00000111H .didat$7                DATA
 0007:00000000 0000122cH .rsrc$01                DATA
 0007:00001230 0003cf19H .rsrc$02                DATA

  Address         Publics by Value              Rva+Base     Lib:Object

 0000:00000000       __except_list              00000000     <absolute>
 0000:00000000       ___safe_se_handler_count   00000000     <absolute>
 0000:00000000       ___safe_se_handler_table   00000000     <absolute>
 0000:00000000       ___ImageBase               10000000     <linker-defined>
 0001:00000000       __enc$textbss$begin        10001000     <linker-defined>
 0001:000850b9       __enc$textbss$end          100860b9     <linker-defined>
 0002:00010820       ??0CColorEdit@@QAE@XZ      10097820 f   ColorControls.obj
 0002:00010910       ??_GCColorEdit@@UAEPAXI@Z  10097910 f i ColorControls.obj
 0002:00010910       ??_ECColorEdit@@UAEPAXI@Z  10097910 f i ColorControls.obj
 0002:00010980       ??1CColorEdit@@UAE@XZ      10097980 f   ColorControls.obj
 0002:00010a20       ?GetMessageMap@CColorEdit@@MBEPBUAFX_MSGMAP@@XZ 10097a20 f   ColorControls.obj
 0002:00010a60       ?SetTextColor@CColorEdit@@QAEXK@Z 10097a60 f   ColorControls.obj
 0002:00010ad0       ?SetBkColor@CColorEdit@@QAEXK@Z 10097ad0 f   ColorControls.obj
 0002:00010b60       ?CtlColor@CColorEdit@@IAEPAUHBRUSH__@@PAVCDC@@I@Z 10097b60 f   ColorControls.obj
 0002:00010c10       ?SetReadOnly@CColorEdit@@QAEHH@Z 10097c10 f   ColorControls.obj
 0002:00010ca0       ??0CColorStatic@@QAE@XZ    10097ca0 f   ColorControls.obj
 0002:00010d90       ??_GCColorStatic@@UAEPAXI@Z 10097d90 f i ColorControls.obj
 0002:00010d90       ??_ECColorStatic@@UAEPAXI@Z 10097d90 f i ColorControls.obj
 0002:00010e00       ??1CColorStatic@@UAE@XZ    10097e00 f   ColorControls.obj
 0002:00010ea0       ?GetMessageMap@CColorStatic@@MBEPBUAFX_MSGMAP@@XZ 10097ea0 f   ColorControls.obj
 0002:00010ee0       ?SetTextColor@CColorStatic@@QAEXK@Z 10097ee0 f   ColorControls.obj
 0002:00010f50       ?SetBkColor@CColorStatic@@QAEXK@Z 10097f50 f   ColorControls.obj
 0002:00010fe0       ?CtlColor@CColorStatic@@IAEPAUHBRUSH__@@PAVCDC@@I@Z 10097fe0 f   ColorControls.obj
 0002:00011090       ??0CINI@@QAE@V?$CStringT@DV?$StrTraitMFC@DV?$ChTraitsCRT@D@ATL@@@@@ATL@@@Z 10098090 f   INI.obj
 0002:00011260       ??_ECINI@@UAEPAXI@Z        10098260 f i INI.obj
 0002:00011260       ??_GCINI@@UAEPAXI@Z        10098260 f i INI.obj
 0002:000112d0       ??1CINI@@UAE@XZ            100982d0 f   INI.obj
 0002:00011440       ?getKeyValue@CINI@@QAE?AV?$CStringT@DV?$StrTraitMFC@DV?$ChTraitsCRT@D@ATL@@@@@ATL@@V23@0@Z 10098440 f   INI.obj
 0002:000115f0       ?setKey@CINI@@QAEJV?$CStringT@DV?$StrTraitMFC@DV?$ChTraitsCRT@D@ATL@@@@@ATL@@00@Z 100985f0 f   INI.obj
 0002:000116c0       ?DeleteKey@CINI@@QAEJV?$CStringT@DV?$StrTraitMFC@DV?$ChTraitsCRT@D@ATL@@@@@ATL@@0@Z 100986c0 f   INI.obj
 0002:00011780       ?DeleteSection@CINI@@QAEJV?$CStringT@DV?$StrTraitMFC@DV?$ChTraitsCRT@D@ATL@@@@@ATL@@@Z 10098780 f   INI.obj
 0002:00011830       ?sectionExists@CINI@@QAEHV?$CStringT@DV?$StrTraitMFC@DV?$ChTraitsCRT@D@ATL@@@@@ATL@@@Z 10098830 f   INI.obj
 0002:00011950       ?getSectionNames@CINI@@QAEPAVCStringList@@XZ 10098950 f   INI.obj
 0002:00011bd0       ?getSectionData@CINI@@QAEPAVCStringList@@V?$CStringT@DV?$StrTraitMFC@DV?$ChTraitsCRT@D@ATL@@@@@ATL@@@Z 10098bd0 f   INI.obj
 0002:00011e70       ?setINIFileName@CINI@@QAEXV?$CStringT@DV?$StrTraitMFC@DV?$ChTraitsCRT@D@ATL@@@@@ATL@@@Z 10098e70 f   INI.obj
 0002:00011f10       ??4?$CStringT@DV?$StrTraitMFC@DV?$ChTraitsCRT@D@ATL@@@@@ATL@@QAEAAV01@ABV01@@Z 10098f10 f i INI.obj
 0002:00011f70       ??HATL@@YA?AV?$CStringT@DV?$StrTraitMFC@DV?$ChTraitsCRT@D@ATL@@@@@0@ABV10@D@Z 10098f70 f i INI.obj
 0002:000120c0       ??9ATL@@YA_NABV?$CStringT@DV?$StrTraitMFC@DV?$ChTraitsCRT@D@ATL@@@@@0@PBD@Z 100990c0 f i INI.obj
 0002:00012120       ??0?$CStringT@DV?$StrTraitMFC@DV?$ChTraitsCRT@D@ATL@@@@@ATL@@QAE@PAUIAtlStringMgr@1@@Z 10099120 f i INI.obj
 0002:00012180       ?Compare@?$CStringT@DV?$StrTraitMFC@DV?$ChTraitsCRT@D@ATL@@@@@ATL@@QBEHPBD@Z 10099180 f i INI.obj
 0002:00012230       ??4?$CSimpleStringT@D$0A@@ATL@@QAEAAV01@ABV01@@Z 10099230 f i INI.obj
 0002:00012320       ?GetManager@?$CSimpleStringT@D$0A@@ATL@@QBEPAUIAtlStringMgr@2@XZ 10099320 f i INI.obj
 0002:000123a0       ?Concatenate@?$CSimpleStringT@D$0A@@ATL@@KAXAAV12@PBDH1H@Z 100993a0 f i INI.obj
 0002:00012450       ?StringCompare@?$ChTraitsCRT@D@ATL@@SAHPBD0@Z 10099450 f i INI.obj
 0002:000124b0       ?_AtlGetThreadACPThunk@ATL@@YGIXZ 100994b0 f i INI.obj
 0002:000125b0       ?InterlockedExchangePointer@@YGPAXPAPAXPAX@Z 100995b0 f i INI.obj
 0002:00012610       ?_AtlGetThreadACPFake@ATL@@YGIXZ 10099610 f i INI.obj
 0002:00012730       ?_AtlGetThreadACPReal@ATL@@YGIXZ 10099730 f i INI.obj
 0002:00012770       ?AtlIsValidString@ATL@@YAHPBDI@Z 10099770 f i INI.obj
 0002:000127e0       ?IsLocked@CStringData@ATL@@QBE_NXZ 100997e0 f i INI.obj
 0002:00012830       ?Release@CStringData@ATL@@QAEXXZ 10099830 f i INI.obj
 0002:000128e0       ??0?$CStringT@DV?$StrTraitMFC@DV?$ChTraitsCRT@D@ATL@@@@@ATL@@QAE@XZ 100998e0 f i INI.obj
 0002:00012940       ??0?$CStringT@DV?$StrTraitMFC@DV?$ChTraitsCRT@D@ATL@@@@@ATL@@QAE@ABV01@@Z 10099940 f i INI.obj
 0002:000129a0       ??0?$CStringT@DV?$StrTraitMFC@DV?$ChTraitsCRT@D@ATL@@@@@ATL@@QAE@PBD@Z 100999a0 f i INI.obj
 0002:00012a60       ??1?$CStringT@DV?$StrTraitMFC@DV?$ChTraitsCRT@D@ATL@@@@@ATL@@QAE@XZ 10099a60 f i INI.obj
 0002:00012ab0       ??B?$CSimpleStringT@D$0A@@ATL@@QBEPBDXZ 10099ab0 f i INI.obj
 0002:00012af0       ?GetLength@?$CSimpleStringT@D$0A@@ATL@@QBEHXZ 10099af0 f i INI.obj
 0002:00012b50       ??4?$CStringT@DV?$StrTraitMFC@DV?$ChTraitsCRT@D@ATL@@@@@ATL@@QAEAAV01@PBD@Z 10099b50 f i INI.obj
 0002:00012bb0       ?CheckImplicitLoad@?$CStringT@DV?$StrTraitMFC@DV?$ChTraitsCRT@D@ATL@@@@@ATL@@AAE_NPBX@Z 10099bb0 f i INI.obj
 0002:00012c80       ??0CTraceFileAndLineInfo@ATL@@QAE@PBDH@Z 10099c80 f i INI.obj
 0002:00012cd0       ??RCTraceFileAndLineInfo@ATL@@QBAXKIPBDZZ 10099cd0 f i INI.obj
 0002:00012d60       ?TraceV@CTrace@ATL@@QBAXPBDHKI0PAD@Z 10099d60 f i INI.obj
 0002:00012dd0       ??BCTraceCategory@ATL@@QBEKXZ 10099dd0 f i INI.obj
 0002:00012e10       ?LoadStringA@?$CStringT@DV?$StrTraitMFC@DV?$ChTraitsCRT@D@ATL@@@@@ATL@@QAEHI@Z 10099e10 f i INI.obj
 0002:00012e90       ?LoadStringA@?$CStringT@DV?$StrTraitMFC@DV?$ChTraitsCRT@D@ATL@@@@@ATL@@QAEHPAUHINSTANCE__@@I@Z 10099e90 f i INI.obj
 0002:00012f70       ?AtlGetStringResourceImage@ATL@@YAPBUATLSTRINGRESOURCEIMAGE@1@PAUHINSTANCE__@@I@Z 10099f70 f i INI.obj
 0002:00013010       ?_AtlGetStringResourceImage@ATL@@YAPBUATLSTRINGRESOURCEIMAGE@1@PAUHINSTANCE__@@PAUHRSRC__@@I@Z 1009a010 f i INI.obj
 0002:00013140       ??0?$CSimpleStringT@D$0A@@ATL@@QAE@PAUIAtlStringMgr@1@@Z 1009a140 f i INI.obj
 0002:000131f0       ??0?$CSimpleStringT@D$0A@@ATL@@QAE@ABV01@@Z 1009a1f0 f i INI.obj
 0002:00013270       ??1?$CSimpleStringT@D$0A@@ATL@@QAE@XZ 1009a270 f i INI.obj
 0002:000132d0       ?GetBuffer@?$CSimpleStringT@D$0A@@ATL@@QAEPADH@Z 1009a2d0 f i INI.obj
 0002:00013330       ?GetData@?$CSimpleStringT@D$0A@@ATL@@ABEPAUCStringData@2@XZ 1009a330 f i INI.obj
 0002:00013370       ?PrepareWrite@?$CSimpleStringT@D$0A@@ATL@@AAEPADH@Z 1009a370 f i INI.obj
 0002:00013410       ?FindStringResourceInstance@?$StrTraitMFC@DV?$ChTraitsCRT@D@ATL@@@@SAPAUHINSTANCE__@@I@Z 1009a410 f i INI.obj
 0002:00013460       ?GetDefaultManager@?$StrTraitMFC@DV?$ChTraitsCRT@D@ATL@@@@SAPAUIAtlStringMgr@ATL@@XZ 1009a460 f i INI.obj
 0002:000134b0       ??4?$CSimpleStringT@D$0A@@ATL@@QAEAAV01@PBD@Z 1009a4b0 f i INI.obj
 0002:00013510       ?ReleaseBufferSetLength@?$CSimpleStringT@D$0A@@ATL@@QAEXH@Z 1009a510 f i INI.obj
 0002:000135a0       ?SetLength@?$CSimpleStringT@D$0A@@ATL@@AAEXH@Z 1009a5a0 f i INI.obj
 0002:000136a0       ?AtlThrow@ATL@@YGXJ@Z      1009a6a0 f i INI.obj
 0002:00013750       ?Attach@?$CSimpleStringT@D$0A@@ATL@@AAEXPAUCStringData@2@@Z 1009a750 f i INI.obj
 0002:000137b0       ?data@CStringData@ATL@@QAEPAXXZ 1009a7b0 f i INI.obj
 0002:000137f0       ?PrepareWrite2@?$CSimpleStringT@D$0A@@ATL@@AAEXH@Z 1009a7f0 f i INI.obj
 0002:000138f0       ?IsShared@CStringData@ATL@@QBE_NXZ 1009a8f0 f i INI.obj
 0002:00013940       ?CloneData@?$CSimpleStringT@D$0A@@ATL@@CAPAUCStringData@2@PAU32@@Z 1009a940 f i INI.obj
 0002:00013a60       ?AddRef@CStringData@ATL@@QAEXXZ 1009aa60 f i INI.obj
 0002:00013af0       ?GetBaseTypeLength@?$ChTraitsCRT@D@ATL@@SAHPB_WH@Z 1009aaf0 f i INI.obj
 0002:00013b60       ?_AtlGetConversionACP@ATL@@YGIXZ 1009ab60 f i INI.obj
 0002:00013bc0       ?ConvertToBaseType@?$ChTraitsCRT@D@ATL@@SAXPADHPB_WH@Z 1009abc0 f i INI.obj
 0002:00013c40       ?SetString@?$CSimpleStringT@D$0A@@ATL@@QAEXPBD@Z 1009ac40 f i INI.obj
 0002:00013cb0       ?StringLength@?$CSimpleStringT@D$0A@@ATL@@SAHPBD@Z 1009acb0 f i INI.obj
 0002:00013d10       ?CopyChars@?$CSimpleStringT@D$0A@@ATL@@SAXPADPBDH@Z 1009ad10 f i INI.obj
 0002:00013d70       ?ThrowMemoryException@?$CSimpleStringT@D$0A@@ATL@@KAXXZ 1009ad70 f i INI.obj
 0002:00013dc0       ?Fork@?$CSimpleStringT@D$0A@@ATL@@AAEXH@Z 1009adc0 f i INI.obj
 0002:00013f00       ?Reallocate@?$CSimpleStringT@D$0A@@ATL@@AAEXH@Z 1009af00 f i INI.obj
 0002:00013fe0       ?SetString@?$CSimpleStringT@D$0A@@ATL@@QAEXPBDH@Z 1009afe0 f i INI.obj
 0002:000140e0       ?Empty@?$CSimpleStringT@D$0A@@ATL@@QAEXXZ 1009b0e0 f i INI.obj
 0002:000141b0       ?GetString@?$CSimpleStringT@D$0A@@ATL@@QBEPBDXZ 1009b1b0 f i INI.obj
 0002:000141f0       ?CopyCharsOverlapped@?$CSimpleStringT@D$0A@@ATL@@SAXPADPBDH@Z 1009b1f0 f i INI.obj
 0002:00014250       ?CreateObject@CDialogThread@@SGPAVCObject@@XZ 1009b250 f   MiniXAPI.obj
 0002:00014320       ??0CDialogThread@@QAE@XZ   1009b320 f i MiniXAPI.obj
 0002:00014380       ??_GCDialogThread@@UAEPAXI@Z 1009b380 f i MiniXAPI.obj
 0002:00014380       ??_ECDialogThread@@UAEPAXI@Z 1009b380 f i MiniXAPI.obj
 0002:000143f0       ??1CDialogThread@@UAE@XZ   1009b3f0 f i MiniXAPI.obj
 0002:00014440       ?GetRuntimeClass@CDialogThread@@UBEPAUCRuntimeClass@@XZ 1009b440 f   MiniXAPI.obj
 0002:00014480       ?InitInstance@CDialogThread@@UAEHXZ 1009b480 f   MiniXAPI.obj
 0002:00014590       ??1CMiniXDlg@@UAE@XZ       1009b590 f i MiniXAPI.obj
 0002:00014770       ?OpenMiniX@@YGXXZ          1009b770 f   MiniXAPI.obj
 0002:000147d0       ?isMiniXDlg@@YGEXZ         1009b7d0 f   MiniXAPI.obj
 0002:00014820       ?CloseMiniX@@YGXXZ         1009b820 f   MiniXAPI.obj
 0002:000148a0       ?SendMiniXCommand@@YGXE@Z  1009b8a0 f   MiniXAPI.obj
 0002:000149f0       ?MonitorToString@@YA?AV?$CStringT@DV?$StrTraitMFC@DV?$ChTraitsCRT@D@ATL@@@@@ATL@@PAU_MiniX_Monitor@@@Z 1009b9f0 f   MiniXAPI.obj
 0002:00015420       ?ReadMiniXMonitor@@YGXPAU_MiniX_Monitor@@@Z 1009c420 f   MiniXAPI.obj
 0002:000154d0       ?SetMiniXHV@@YGXN@Z        1009c4d0 f   MiniXAPI.obj
 0002:000155f0       ?SetMiniXCurrent@@YGXN@Z   1009c5f0 f   MiniXAPI.obj
 0002:00015710       ?ReadMiniXSettings@@YGXPAU_MiniX_Settings@@@Z 1009c710 f   MiniXAPI.obj
 0002:00015780       ?ReadMiniXSerialNumber@@YGJXZ 1009c780 f   MiniXAPI.obj
 0002:000157e0       ?ReadMinixOemMxDeviceType@@YGJXZ 1009c7e0 f   MiniXAPI.obj
 0002:00015840       ??Y?$CStringT@DV?$StrTraitMFC@DV?$ChTraitsCRT@D@ATL@@@@@ATL@@QAEAAV01@ABV?$CSimpleStringT@D$0A@@1@@Z 1009c840 f i MiniXAPI.obj
 0002:000158a0       ?Format@?$CStringT@DV?$StrTraitMFC@DV?$ChTraitsCRT@D@ATL@@@@@ATL@@QAAXPBDZZ 1009c8a0 f i MiniXAPI.obj
 0002:00015950       ??HATL@@YA?AV?$CStringT@DV?$StrTraitMFC@DV?$ChTraitsCRT@D@ATL@@@@@0@ABV10@PBD@Z 1009c950 f i MiniXAPI.obj
 0002:00015a90       ??HATL@@YA?AV?$CStringT@DV?$StrTraitMFC@DV?$ChTraitsCRT@D@ATL@@@@@0@PBDABV10@@Z 1009ca90 f i MiniXAPI.obj
 0002:00015bd0       ?FormatV@?$CStringT@DV?$StrTraitMFC@DV?$ChTraitsCRT@D@ATL@@@@@ATL@@QAEXPBDPAD@Z 1009cbd0 f i MiniXAPI.obj
 0002:00015cc0       ??Y?$CSimpleStringT@D$0A@@ATL@@QAEAAV01@ABV01@@Z 1009ccc0 f i MiniXAPI.obj
 0002:00015d20       ?Append@?$CSimpleStringT@D$0A@@ATL@@QAEXABV12@@Z 1009cd20 f i MiniXAPI.obj
 0002:00015d90       ?Append@?$CSimpleStringT@D$0A@@ATL@@QAEXPBDH@Z 1009cd90 f i MiniXAPI.obj
 0002:00015e60       ?GetFormattedLength@?$ChTraitsCRT@D@ATL@@SAHPBDPAD@Z 1009ce60 f i MiniXAPI.obj
 0002:00015ec0       ?Format@?$ChTraitsCRT@D@ATL@@SAHPADPBD0@Z 1009cec0 f i MiniXAPI.obj
 0002:00015f20       ??0CAboutDlg@@QAE@XZ       1009cf20 f   MiniXDlg.obj
 0002:00015f90       ??_GCAboutDlg@@UAEPAXI@Z   1009cf90 f i MiniXDlg.obj
 0002:00015f90       ??_ECAboutDlg@@UAEPAXI@Z   1009cf90 f i MiniXDlg.obj
 0002:00016000       ??1CAboutDlg@@UAE@XZ       1009d000 f i MiniXDlg.obj
 0002:00016050       ?DoDataExchange@CAboutDlg@@MAEXPAVCDataExchange@@@Z 1009d050 f   MiniXDlg.obj
 0002:000160b0       ?GetMessageMap@CAboutDlg@@MBEPBUAFX_MSGMAP@@XZ 1009d0b0 f   MiniXDlg.obj
 0002:000160f0       ?OnInitDialog@CAboutDlg@@MAEHXZ 1009d0f0 f   MiniXDlg.obj
 0002:000163c0       ??0CMiniXDlg@@QAE@PAVCWnd@@@Z 1009d3c0 f   MiniXDlg.obj
 0002:00016780       ??_ECMiniXDlg@@UAEPAXI@Z   1009d780 f i MiniXDlg.obj
 0002:00016780       ??_GCMiniXDlg@@UAEPAXI@Z   1009d780 f i MiniXDlg.obj
 0002:000167f0       ?DoDataExchange@CMiniXDlg@@MAEXPAVCDataExchange@@@Z 1009d7f0 f   MiniXDlg.obj
 0002:00016950       ?GetMessageMap@CMiniXDlg@@MBEPBUAFX_MSGMAP@@XZ 1009d950 f   MiniXDlg.obj
 0002:00016990       ?OnSysCommand@CMiniXDlg@@IAEXIJ@Z 1009d990 f   MiniXDlg.obj
 0002:00016aa0       ?OnPaint@CMiniXDlg@@IAEXXZ 1009daa0 f   MiniXDlg.obj
 0002:00016c80       ?OnQueryDragIcon@CMiniXDlg@@IAEPAUHICON__@@XZ 1009dc80 f   MiniXDlg.obj
 0002:00016cc0       ?OnInitDialog@CMiniXDlg@@MAEHXZ 1009dcc0 f   MiniXDlg.obj
 0002:00017210       ?LoadDLL@CMiniXDlg@@QAEHXZ 1009e210 f   MiniXDlg.obj
 0002:00017980       ?EE_Read@CMiniXDlg@@IAEKPAUft_program_data@@@Z 1009e980 f   MiniXDlg.obj
 0002:00017a30       ?EE_Program@CMiniXDlg@@IAEKPAUft_program_data@@@Z 1009ea30 f   MiniXDlg.obj
 0002:00017ae0       ?GetLatencyTimer@CMiniXDlg@@IAEKPAE@Z 1009eae0 f   MiniXDlg.obj
 0002:00017b90       ?SetLatencyTimer@CMiniXDlg@@IAEKE@Z 1009eb90 f   MiniXDlg.obj
 0002:00017c40       ?SetBitMode@CMiniXDlg@@IAEKEE@Z 1009ec40 f   MiniXDlg.obj
 0002:00017d00       ?Read@CMiniXDlg@@IAEKPAXKPAK@Z 1009ed00 f   MiniXDlg.obj
 0002:00017dc0       ?Write@CMiniXDlg@@IAEKPAXKPAK@Z 1009edc0 f   MiniXDlg.obj
 0002:00017e80       ?Open@CMiniXDlg@@IAEKPAX@Z 1009ee80 f   MiniXDlg.obj
 0002:00017f30       ?OpenEx@CMiniXDlg@@IAEKPAXK@Z 1009ef30 f   MiniXDlg.obj
 0002:00017ff0       ?ListDevices@CMiniXDlg@@IAEKPAX0K@Z 1009eff0 f   MiniXDlg.obj
 0002:000180a0       ?Close@CMiniXDlg@@IAEKXZ   1009f0a0 f   MiniXDlg.obj
 0002:00018150       ?ResetDevice@CMiniXDlg@@IAEKXZ 1009f150 f   MiniXDlg.obj
 0002:00018200       ?Purge@CMiniXDlg@@IAEKK@Z  1009f200 f   MiniXDlg.obj
 0002:000182b0       ?SetTimeouts@CMiniXDlg@@IAEKKK@Z 1009f2b0 f   MiniXDlg.obj
 0002:00018370       ?GetQueueStatus@CMiniXDlg@@IAEKPAK@Z 1009f370 f   MiniXDlg.obj
 0002:00018420       ?OnButtonSelectDevice@CMiniXDlg@@IAEXXZ 1009f420 f   MiniXDlg.obj
 0002:00018a80       ?GetDeviceSerialNumber@CMiniXDlg@@QAEXPAX@Z 1009fa80 f   MiniXDlg.obj
 0002:00018d50       ?OnButtonMpsseOn@CMiniXDlg@@IAEXXZ 1009fd50 f   MiniXDlg.obj
 0002:000190e0       ?OnButtonDisableMpsse@CMiniXDlg@@IAEXXZ 100a00e0 f   MiniXDlg.obj
 0002:00019270       ?OnButtonSetDacVoltage@CMiniXDlg@@IAEXXZ 100a0270 f   MiniXDlg.obj
 0002:00019800       ?OnButtonSetDacbVoltage@CMiniXDlg@@IAEXXZ 100a0800 f   MiniXDlg.obj
 0002:00019d00       ?OnButtonReadAdc@CMiniXDlg@@IAEXXZ 100a0d00 f   MiniXDlg.obj
 0002:0001a340       ?OnButtonReadAdc1@CMiniXDlg@@IAEXXZ 100a1340 f   MiniXDlg.obj
 0002:0001a980       ?ReadIOBitsIn@CMiniXDlg@@QAEXPAEE@Z 100a1980 f   MiniXDlg.obj
 0002:0001ab80       ?ReadMiniXDeviceType@CMiniXDlg@@QAEEXZ 100a1b80 f   MiniXDlg.obj
 0002:0001ac60       ?MonitorMiniXCtrlIO@CMiniXDlg@@QAEXXZ 100a1c60 f   MiniXDlg.obj
 0002:0001b3b0       ?AveMonitors@CMiniXDlg@@QAENNQAN_N@Z 100a23b0 f   MiniXDlg.obj
 0002:0001b4c0       ?OnTimer@CMiniXDlg@@IAEXI@Z 100a24c0 f   MiniXDlg.obj
 0002:0001bcf0       ?OnChangeEditDacVoltage@CMiniXDlg@@IAEXXZ 100a2cf0 f   MiniXDlg.obj
 0002:0001bd50       ?OnChangeEditDacbVoltage@CMiniXDlg@@IAEXXZ 100a2d50 f   MiniXDlg.obj
 0002:0001bdb0       ?SetHighVoltageDAC@CMiniXDlg@@QAEXN@Z 100a2db0 f   MiniXDlg.obj
 0002:0001be30       ?OnBnClickedSethighvoltagecontrolbutton@CMiniXDlg@@QAEXXZ 100a2e30 f   MiniXDlg.obj
 0002:0001c050       ?OnBnClickedStartmonitorbutton@CMiniXDlg@@QAEXXZ 100a3050 f   MiniXDlg.obj
 0002:0001c0d0       ?OnBnClickedStopmonitorbutton@CMiniXDlg@@QAEXXZ 100a30d0 f   MiniXDlg.obj
 0002:0001c130       ?SetCurrentDAC@CMiniXDlg@@QAEXN@Z 100a3130 f   MiniXDlg.obj
 0002:0001c1b0       ?OnBnClickedSetcurrentcontrolbutton@CMiniXDlg@@QAEXXZ 100a31b0 f   MiniXDlg.obj
 0002:0001c3d0       ?OnBnClickedHvOff@CMiniXDlg@@QAEXXZ 100a33d0 f   MiniXDlg.obj
 0002:0001c700       ?OnBnClickedHvOn@CMiniXDlg@@QAEXXZ 100a3700 f   MiniXDlg.obj
 0002:0001c960       ?MXControllerSetup@CMiniXDlg@@QAEXXZ 100a3960 f   MiniXDlg.obj
 0002:0001cad0       ?TubeControllerString@CMiniXDlg@@QAE?AV?$CStringT@DV?$StrTraitMFC@DV?$ChTraitsCRT@D@ATL@@@@@ATL@@W4_MINIX_CONTROLLER_ENUM@@_N@Z 100a3ad0 f   MiniXDlg.obj
 0002:0001cd10       ?ReadMXSetup@CMiniXDlg@@QAEXW4_MINIX_CONTROLLER_ENUM@@@Z 100a3d10 f   MiniXDlg.obj
 0002:0001cdb0       ?OnBnClickedStartMiniXController@CMiniXDlg@@QAEXXZ 100a3db0 f   MiniXDlg.obj
 0002:0001d050       ?FailSafe@CMiniXDlg@@QAEXXZ 100a4050 f   MiniXDlg.obj
 0002:0001d1a0       ?FsMessageBox@CMiniXDlg@@QAEXV?$CStringT@DV?$StrTraitMFC@DV?$ChTraitsCRT@D@ATL@@@@@ATL@@@Z 100a41a0 f   MiniXDlg.obj
 0002:0001d280       ?DllMessageBox@CMiniXDlg@@QAEXV?$CStringT@DV?$StrTraitMFC@DV?$ChTraitsCRT@D@ATL@@@@@ATL@@@Z 100a4280 f   MiniXDlg.obj
 0002:0001d360       ?OnClose@CMiniXDlg@@QAEXXZ 100a4360 f   MiniXDlg.obj
 0002:0001d400       ?OnCancel@CMiniXDlg@@MAEXXZ 100a4400 f   MiniXDlg.obj
 0002:0001d4a0       ?OnDestroy@CMiniXDlg@@QAEXXZ 100a44a0 f   MiniXDlg.obj
 0002:0001d530       ?OnOK@CMiniXDlg@@MAEXXZ    100a4530 f   MiniXDlg.obj
 0002:0001d5a0       ?OnBnClickedOk@CMiniXDlg@@QAEXXZ 100a45a0 f   MiniXDlg.obj
 0002:0001d610       ?EnableMINIXButtons@CMiniXDlg@@QAEX_N@Z 100a4610 f   MiniXDlg.obj
 0002:0001d6c0       ?BOOLtobool@CMiniXDlg@@QAE_NH@Z 100a46c0 f   MiniXDlg.obj
 0002:0001d710       ?EnableMINIXButtonsHVOn@CMiniXDlg@@QAE_N_N0@Z 100a4710 f   MiniXDlg.obj
 0002:0001d7d0       ?ReadMiniXSetup@CMiniXDlg@@QAEXXZ 100a47d0 f   MiniXDlg.obj
 0002:0001dbe0       ?ReadMiniXSetup50kv@CMiniXDlg@@QAEXXZ 100a4be0 f   MiniXDlg.obj
 0002:0001dff0       ?ReadMiniXSetup50kv4W@CMiniXDlg@@QAEXXZ 100a4ff0 f   MiniXDlg.obj
 0002:0001e040       ?ReadMiniXSetup50kv10W@CMiniXDlg@@QAEXXZ 100a5040 f   MiniXDlg.obj
 0002:0001e420       ?ReadMiniXSetup70kv10W@CMiniXDlg@@QAEXXZ 100a5420 f   MiniXDlg.obj
 0002:0001e800       ?ShowStatus@CMiniXDlg@@QAEXV?$CStringT@DV?$StrTraitMFC@DV?$ChTraitsCRT@D@ATL@@@@@ATL@@@Z 100a5800 f   MiniXDlg.obj
 0002:0001e8d0       ?SetClkDivisor@CMiniXDlg@@QAEXXZ 100a58d0 f   MiniXDlg.obj
 0002:0001ea20       ?OnBnClickedSethighvoltageandcurrentbutton@CMiniXDlg@@QAEXXZ 100a5a20 f   MiniXDlg.obj
 0002:0001f4c0       ?HV_InRange@CMiniXDlg@@QAE_NNN_N@Z 100a64c0 f   MiniXDlg.obj
 0002:0001f580       ?I_InRange@CMiniXDlg@@QAE_NNN_N@Z 100a6580 f   MiniXDlg.obj
 0002:0001f640       ?CreateLog@CMiniXDlg@@QAEXXZ 100a6640 f   MiniXDlg.obj
 0002:0001f830       ?CreateDateTimeStamp@CMiniXDlg@@QAE?AV?$CStringT@DV?$StrTraitMFC@DV?$ChTraitsCRT@D@ATL@@@@@ATL@@XZ 100a6830 f   MiniXDlg.obj
 0002:0001f9a0       ?AppendLog@CMiniXDlg@@QAEXV?$CStringT@DV?$StrTraitMFC@DV?$ChTraitsCRT@D@ATL@@@@@ATL@@@Z 100a69a0 f   MiniXDlg.obj
 0002:0001fb30       ?ReadTemperature@CMiniXDlg@@QAEXXZ 100a6b30 f   MiniXDlg.obj
 0002:00020320       ?SetTempSensor@CMiniXDlg@@QAEXXZ 100a7320 f   MiniXDlg.obj
 0002:00020820       ?GetTemp@CMiniXDlg@@QAENEE_N@Z 100a7820 f   MiniXDlg.obj
 0002:00020900       ?OnWindowPosChanging@CMiniXDlg@@QAEXPAUtagWINDOWPOS@@@Z 100a7900 f   MiniXDlg.obj
 0002:00020980       ?OnBnClickedGetstatusbutton@CMiniXDlg@@QAEXXZ 100a7980 f   MiniXDlg.obj
 0002:00020b00       ?CopyMiniXMonitor@CMiniXDlg@@QAEXPAU_MiniX_Monitor@@@Z 100a7b00 f   MiniXDlg.obj
 0002:00020c10       ?CopyMiniXSettings@CMiniXDlg@@QAEXPAU_MiniX_Settings@@@Z 100a7c10 f   MiniXDlg.obj
 0002:00020c90       ?GetEnabledButtons@CMiniXDlg@@QAEEXZ 100a7c90 f   MiniXDlg.obj
 0002:00020dc0       ?GetWindowDouble@CMiniXDlg@@QAENH@Z 100a7dc0 f   MiniXDlg.obj
 0002:00020ee0       ?Left@?$CStringT@DV?$StrTraitMFC@DV?$ChTraitsCRT@D@ATL@@@@@ATL@@QBE?AV12@H@Z 100a7ee0 f i MiniXDlg.obj
 0002:00020fc0       ?IsEmpty@?$CSimpleStringT@D$0A@@ATL@@QBE_NXZ 100a7fc0 f i MiniXDlg.obj
 0002:00021020       ??0?$CStringT@DV?$StrTraitMFC@DV?$ChTraitsCRT@D@ATL@@@@@ATL@@QAE@PBDHPAUIAtlStringMgr@1@@Z 100a8020 f i MiniXDlg.obj
 0002:00021090       ??0?$CSimpleStringT@D$0A@@ATL@@QAE@PBDHPAUIAtlStringMgr@1@@Z 100a8090 f i MiniXDlg.obj
 0002:000211a0       ?GetMessageMap@CMiniXDLLApp@@MBEPBUAFX_MSGMAP@@XZ 100a81a0 f   MiniXDLL.obj
 0002:000211e0       ??0CMiniXDLLApp@@QAE@XZ    100a81e0 f   MiniXDLL.obj
 0002:00021240       ??_ECMiniXDLLApp@@UAEPAXI@Z 100a8240 f i MiniXDLL.obj
 0002:00021240       ??_GCMiniXDLLApp@@UAEPAXI@Z 100a8240 f i MiniXDLL.obj
 0002:000212b0       ??1CMiniXDLLApp@@UAE@XZ    100a82b0 f i MiniXDLL.obj
 0002:00021300       ?InitInstance@CMiniXDLLApp@@UAEHXZ 100a8300 f   MiniXDLL.obj
 0002:00021360       _DllGetClassObject@12      100a8360 f   MiniXDLL.obj
 0002:000213c0       _DllCanUnloadNow@0         100a83c0 f   MiniXDLL.obj
 0002:00021410       _DllRegisterServer@0       100a8410 f   MiniXDLL.obj
 0002:00021460       ?GetEnvironmentVariableWThunk@ATL@@YGKPB_WPA_WK@Z 100a8460 f i stdafx.obj
 0002:000214e0       ?_AtlInstallStringThunk@ATL@@YAXPAPAXPAX1@Z 100a84e0 f i stdafx.obj
 0002:000215a0       ?GetEnvironmentVariableWFake@ATL@@YGKPB_WPA_WK@Z 100a85a0 f i stdafx.obj
 0002:00021880       ?CompareStringWThunk@ATL@@YGHKKPB_WH0H@Z 100a8880 f i stdafx.obj
 0002:00021910       ?CompareStringWFake@ATL@@YGHKKPB_WH0H@Z 100a8910 f i stdafx.obj
 0002:00021c50       ?_AtlVerifyStackAvailable@_ATL_SAFE_ALLOCA_IMPL@ATL@@YA_NK@Z 100a8c50 f i stdafx.obj
 0002:00021d70       ?AtlW2AHelper@@YGPADPADPB_WHI@Z 100a8d70 f i stdafx.obj
 0002:00021ec0       ?GetStringTypeExWThunk@ATL@@YGHKKPB_WHPAG@Z 100a8ec0 f i stdafx.obj
 0002:00021f50       ?GetStringTypeExWFake@ATL@@YGHKKPB_WHPAG@Z 100a8f50 f i stdafx.obj
 0002:00022100       ?lstrcmpiWThunk@ATL@@YGHPB_W0@Z 100a9100 f i stdafx.obj
 0002:00022180       ?lstrcmpiWFake@ATL@@YGHPB_W0@Z 100a9180 f i stdafx.obj
 0002:00022300       ?CharLowerWThunk@ATL@@YGPA_WPA_W@Z 100a9300 f i stdafx.obj
 0002:00022380       ?CharLowerWFake@ATL@@YGPA_WPA_W@Z 100a9380 f i stdafx.obj
 0002:00022520       ?AtlA2WHelper@@YGPA_WPA_WPBDHI@Z 100a9520 f i stdafx.obj
 0002:00022660       ?CharUpperWThunk@ATL@@YGPA_WPA_W@Z 100a9660 f i stdafx.obj
 0002:000226e0       ?CharUpperWFake@ATL@@YGPA_WPA_W@Z 100a96e0 f i stdafx.obj
 0002:00022880       ??0?$CAtlSafeAllocBufferManager@VCCRTAllocator@ATL@@@_ATL_SAFE_ALLOCA_IMPL@ATL@@QAE@XZ 100a9880 f i stdafx.obj
 0002:000228d0       ?Allocate@?$CAtlSafeAllocBufferManager@VCCRTAllocator@ATL@@@_ATL_SAFE_ALLOCA_IMPL@ATL@@QAEPAXK@Z 100a98d0 f i stdafx.obj
 0002:00022960       ?Allocate@CCRTAllocator@ATL@@SAPAXI@Z 100a9960 f i stdafx.obj
 0002:000229b0       ??1?$CAtlSafeAllocBufferManager@VCCRTAllocator@ATL@@@_ATL_SAFE_ALLOCA_IMPL@ATL@@QAE@XZ 100a99b0 f i stdafx.obj
 0002:00022a30       ?Free@CCRTAllocator@ATL@@SAXPAX@Z 100a9a30 f i stdafx.obj
 0002:00022a80       ??0?$CTempBuffer@D$0IA@VCCRTAllocator@ATL@@@ATL@@QAE@XZ 100a9a80 f i stdafx.obj
 0002:00022ad0       ??1?$CTempBuffer@D$0IA@VCCRTAllocator@ATL@@@ATL@@QAE@XZ 100a9ad0 f i stdafx.obj
 0002:00022b30       ??B?$CTempBuffer@D$0IA@VCCRTAllocator@ATL@@@ATL@@QBEPADXZ 100a9b30 f i stdafx.obj
 0002:00022b70       ?Allocate@?$CTempBuffer@D$0IA@VCCRTAllocator@ATL@@@ATL@@QAEPADI@Z 100a9b70 f i stdafx.obj
 0002:00022bd0       ??0?$CW2AEX@$0IA@@ATL@@QAE@PB_W@Z 100a9bd0 f i stdafx.obj
 0002:00022c40       ??1?$CW2AEX@$0IA@@ATL@@QAE@XZ 100a9c40 f i stdafx.obj
 0002:00022cb0       ??B?$CW2AEX@$0IA@@ATL@@QBEPADXZ 100a9cb0 f i stdafx.obj
 0002:00022cf0       ?AllocateBytes@?$CTempBuffer@D$0IA@VCCRTAllocator@ATL@@@ATL@@QAEPADI@Z 100a9cf0 f i stdafx.obj
 0002:00022da0       ?FreeHeap@?$CTempBuffer@D$0IA@VCCRTAllocator@ATL@@@ATL@@AAEXXZ 100a9da0 f i stdafx.obj
 0002:00022e00       ?Init@?$CW2AEX@$0IA@@ATL@@AAEXPB_WI@Z 100a9e00 f i stdafx.obj
 0002:00022f10       ?AtlThrowLastWin32@ATL@@YGXXZ 100a9f10 f i stdafx.obj
 0002:00022fb0       ?GetData@CAtlSafeAllocBufferNode@?$CAtlSafeAllocBufferManager@VCCRTAllocator@ATL@@@_ATL_SAFE_ALLOCA_IMPL@ATL@@QAEPAXXZ 100a9fb0 f i stdafx.obj
 0002:00022ff0       ?AllocateHeap@?$CTempBuffer@D$0IA@VCCRTAllocator@ATL@@@ATL@@AAEXI@Z 100a9ff0 f i stdafx.obj
 0002:00023070       ??0CSXButton@@QAE@XZ       100aa070 f   Sxbutton.obj
 0002:00023180       ??_ECSXButton@@UAEPAXI@Z   100aa180 f i Sxbutton.obj
 0002:00023180       ??_GCSXButton@@UAEPAXI@Z   100aa180 f i Sxbutton.obj
 0002:000231f0       ??1CSXButton@@UAE@XZ       100aa1f0 f   Sxbutton.obj
 0002:000232c0       ?GetMessageMap@CSXButton@@MBEPBUAFX_MSGMAP@@XZ 100aa2c0 f   Sxbutton.obj
 0002:00023300       ?SetIcon@CSXButton@@QAEHIHH@Z 100aa300 f   Sxbutton.obj
 0002:000233d0       ?Redraw@CSXButton@@AAEXXZ  100aa3d0 f i Sxbutton.obj
 0002:00023430       ?SetBitmap@CSXButton@@QAEHIHH@Z 100aa430 f   Sxbutton.obj
 0002:000234a0       ?SetMaskedBitmap@CSXButton@@QAEHIHHK@Z 100aa4a0 f   Sxbutton.obj
 0002:00023510       ?SetBitmapCommon@CSXButton@@AAEHIHHKH@Z 100aa510 f   Sxbutton.obj
 0002:000236e0       ?SetColorTab@CSXButton@@QAEXK@Z 100aa6e0 f   Sxbutton.obj
 0002:00023750       ?SetDefaultButton@CSXButton@@QAEHH@Z 100aa750 f   Sxbutton.obj
 0002:000237f0       ?SetImageOffset@CSXButton@@QAEHH@Z 100aa7f0 f   Sxbutton.obj
 0002:00023870       ?SetTextOffset@CSXButton@@QAEHH@Z 100aa870 f   Sxbutton.obj
 0002:000238f0       ?SetImagePos@CSXButton@@QAE?AVCPoint@@V2@@Z 100aa8f0 f   Sxbutton.obj
 0002:000239d0       ?SetTextPos@CSXButton@@QAE?AVCPoint@@V2@@Z 100aa9d0 f   Sxbutton.obj
 0002:00023ab0       ?CheckPointForCentering@CSXButton@@AAEXAAVCPoint@@HH@Z 100aaab0 f   Sxbutton.obj
 0002:00023ba0       ?DrawItem@CSXButton@@UAEXPAUtagDRAWITEMSTRUCT@@@Z 100aaba0 f   Sxbutton.obj
 0002:00024550       ?HasImage@CSXButton@@QAEHXZ 100ab550 f i Sxbutton.obj
 0002:000245b0       ??0CVersionInfo@@QAE@XZ    100ab5b0 f   VersionInfo.obj
 0002:000246d0       ??_GCVersionInfo@@UAEPAXI@Z 100ab6d0 f i VersionInfo.obj
 0002:000246d0       ??_ECVersionInfo@@UAEPAXI@Z 100ab6d0 f i VersionInfo.obj
 0002:00024740       ??0CVersionInfo@@QAE@PBD@Z 100ab740 f   VersionInfo.obj
 0002:00024890       ??1CVersionInfo@@UAE@XZ    100ab890 f   VersionInfo.obj
 0002:00024900       ?GetProductName@CVersionInfo@@QBE?AV?$CStringT@DV?$StrTraitMFC@DV?$ChTraitsCRT@D@ATL@@@@@ATL@@XZ 100ab900 f   VersionInfo.obj
 0002:00024980       ?GetProductVersion@CVersionInfo@@QBE?AV?$CStringT@DV?$StrTraitMFC@DV?$ChTraitsCRT@D@ATL@@@@@ATL@@XZ 100ab980 f   VersionInfo.obj
 0002:00024a00       ?GetCompanyName@CVersionInfo@@QBE?AV?$CStringT@DV?$StrTraitMFC@DV?$ChTraitsCRT@D@ATL@@@@@ATL@@XZ 100aba00 f   VersionInfo.obj
 0002:00024a80       ?GetCopyright@CVersionInfo@@QBE?AV?$CStringT@DV?$StrTraitMFC@DV?$ChTraitsCRT@D@ATL@@@@@ATL@@XZ 100aba80 f   VersionInfo.obj
 0002:00024b00       ?GetComments@CVersionInfo@@QBE?AV?$CStringT@DV?$StrTraitMFC@DV?$ChTraitsCRT@D@ATL@@@@@ATL@@XZ 100abb00 f   VersionInfo.obj
 0002:00024b80       ?GetFileDescription@CVersionInfo@@QBE?AV?$CStringT@DV?$StrTraitMFC@DV?$ChTraitsCRT@D@ATL@@@@@ATL@@XZ 100abb80 f   VersionInfo.obj
 0002:00024c00       ?GetFileVersion@CVersionInfo@@QBE?AV?$CStringT@DV?$StrTraitMFC@DV?$ChTraitsCRT@D@ATL@@@@@ATL@@XZ 100abc00 f   VersionInfo.obj
 0002:00024c80       ?GetInternalName@CVersionInfo@@QBE?AV?$CStringT@DV?$StrTraitMFC@DV?$ChTraitsCRT@D@ATL@@@@@ATL@@XZ 100abc80 f   VersionInfo.obj
 0002:00024d00       ?GetLegalTrademarks@CVersionInfo@@QBE?AV?$CStringT@DV?$StrTraitMFC@DV?$ChTraitsCRT@D@ATL@@@@@ATL@@XZ 100abd00 f   VersionInfo.obj
 0002:00024d80       ?GetPrivateBuild@CVersionInfo@@QBE?AV?$CStringT@DV?$StrTraitMFC@DV?$ChTraitsCRT@D@ATL@@@@@ATL@@XZ 100abd80 f   VersionInfo.obj
 0002:00024e00       ?GetSpecialBuild@CVersionInfo@@QBE?AV?$CStringT@DV?$StrTraitMFC@DV?$ChTraitsCRT@D@ATL@@@@@ATL@@XZ 100abe00 f   VersionInfo.obj
 0002:00024e80       ?InitVer@CVersionInfo@@AAEXPBD@Z 100abe80 f   VersionInfo.obj
 0002:00025010       ?GetValue@CVersionInfo@@ABE?AV?$CStringT@DV?$StrTraitMFC@DV?$ChTraitsCRT@D@ATL@@@@@ATL@@PBD@Z 100ac010 f   VersionInfo.obj
 0002:000251e0       ??Y?$CStringT@DV?$StrTraitMFC@DV?$ChTraitsCRT@D@ATL@@@@@ATL@@QAEAAV01@PBD@Z 100ac1e0 f i VersionInfo.obj
 0002:00025240       ??Y?$CSimpleStringT@D$0A@@ATL@@QAEAAV01@PBD@Z 100ac240 f i VersionInfo.obj
 0002:000252a0       ?Append@?$CSimpleStringT@D$0A@@ATL@@QAEXPBD@Z 100ac2a0 f i VersionInfo.obj
 0002:00025310       ?ReleaseBuffer@?$CSimpleStringT@D$0A@@ATL@@QAEXH@Z 100ac310 f i VersionInfo.obj
 0002:00025390       _DllMain@12                100ac390 f   nafxcwd:dllmodul.obj
 0002:00025520       _RawDllMain@12             100ac520 f   nafxcwd:dllmodul.obj
 0002:00025530       ?AfxTermDllState@@YAXXZ    100ac530 f   nafxcwd:dllmodul.obj
 0002:000255c0       _IsPlatformNT              100ac5c0 f   nafxcwd:wincore.obj
 0002:00025620       _InitMultipleMonitorStubs  100ac620 f   nafxcwd:wincore.obj
 0002:000257a0       _xGetSystemMetrics@4       100ac7a0 f   nafxcwd:wincore.obj
 0002:00025820       _xMonitorFromPoint@12      100ac820 f   nafxcwd:wincore.obj
 0002:00025880       _xMonitorFromRect@8        100ac880 f   nafxcwd:wincore.obj
 0002:000258f0       _xMonitorFromWindow@8      100ac8f0 f   nafxcwd:wincore.obj
 0002:00025970       _xGetMonitorInfo@8         100ac970 f   nafxcwd:wincore.obj
 0002:00025a60       _xEnumDisplayMonitors@16   100aca60 f   nafxcwd:wincore.obj
 0002:00025b90       _xEnumDisplayDevices@16    100acb90 f   nafxcwd:wincore.obj
 0002:00025c20       ?AtlIAccessibleInvokeHelper@ATL@@YGJPAUIAccessible@@JABU_GUID@@KGPAUtagDISPPARAMS@@PAUtagVARIANT@@PAUtagEXCEPINFO@@PAI@Z 100acc20 f   nafxcwd:wincore.obj
 0002:00026a40       ?AtlIAccessibleGetIDsOfNamesHelper@ATL@@YGJABU_GUID@@PAPA_WIKPAJ@Z 100ada40 f   nafxcwd:wincore.obj
 0002:00027010       __tcscmp                   100ae010 f i nafxcwd:wincore.obj
 0002:00027030       ??1CNoTrackObject@@UAE@XZ  100ae030 f i nafxcwd:wincore.obj
 0002:00027050       ?GetNextWindow@@YAPAUHWND__@@PAU1@I@Z 100ae050 f i nafxcwd:wincore.obj
 0002:00027070       ?UnlockResource@@YGHPAX@Z  100ae070 f i nafxcwd:wincore.obj
 0002:00027080       ?A2T@@YAPADPAD@Z           100ae080 f i nafxcwd:wincore.obj
 0002:00027090       ?SetWindowLongPtrA@@YAJPAUHWND__@@HJ@Z 100ae090 f i nafxcwd:wincore.obj
 0002:000270b0       ?GetWindowLongPtrA@@YAJPAUHWND__@@H@Z 100ae0b0 f i nafxcwd:wincore.obj
 0002:000270d0       ?LookupPermanent@CHandleMap@@QAEPAVCObject@@PAX@Z 100ae0d0 f i nafxcwd:wincore.obj
 0002:00027100       ?LookupTemporary@CHandleMap@@QAEPAVCObject@@PAX@Z 100ae100 f i nafxcwd:wincore.obj
 0002:00027130       ??0CAccessibleProxy@ATL@@QAE@XZ 100ae130 f i nafxcwd:wincore.obj
 0002:00027170       ??1CAccessibleProxy@ATL@@UAE@XZ 100ae170 f i nafxcwd:wincore.obj
 0002:00027180       ?GetWindow@CAccessibleProxy@ATL@@UAGJPAPAUHWND__@@@Z 100ae180 f i nafxcwd:wincore.obj
 0002:00027190       ?ContextSensitiveHelp@CAccessibleProxy@ATL@@UAGJH@Z 100ae190 f i nafxcwd:wincore.obj
 0002:000271a0       ??0?$CComObjectRootEx@VCComSingleThreadModel@ATL@@@ATL@@QAE@XZ 100ae1a0 f i nafxcwd:wincore.obj
 0002:000271c0       ??0IOleWindow@@QAE@XZ      100ae1c0 f i nafxcwd:wincore.obj
 0002:000271e0       ??0IUnknown@@QAE@XZ        100ae1e0 f i nafxcwd:wincore.obj
 0002:00027200       ?_InternalQueryInterface@CAccessibleProxy@ATL@@QAEJABU_GUID@@PAPAX@Z 100ae200 f i nafxcwd:wincore.obj
 0002:00027230       ?_GetEntries@CAccessibleProxy@ATL@@SGPBU_ATL_INTMAP_ENTRY@2@XZ 100ae230 f i nafxcwd:wincore.obj
 0002:00027240       ?FinalRelease@CAccessibleProxy@ATL@@QAEJXZ 100ae240 f i nafxcwd:wincore.obj
 0002:00027280       ??0CComObjectRootBase@ATL@@QAE@XZ 100ae280 f i nafxcwd:wincore.obj
 0002:000272a0       ?FinalConstruct@CComObjectRootBase@ATL@@QAEJXZ 100ae2a0 f i nafxcwd:wincore.obj
 0002:000272b0       ?_AtlFinalConstruct@CComObjectRootBase@ATL@@QAEJXZ 100ae2b0 f i nafxcwd:wincore.obj
 0002:000272c0       ?InternalQueryInterface@CComObjectRootBase@ATL@@SGJPAXPBU_ATL_INTMAP_ENTRY@2@ABU_GUID@@PAPAX@Z 100ae2c0 f i nafxcwd:wincore.obj
 0002:00027390       ?SetVoid@CComObjectRootBase@ATL@@QAEXPAX@Z 100ae390 f i nafxcwd:wincore.obj
 0002:000273a0       ?InternalFinalConstructAddRef@CComObjectRootBase@ATL@@QAEXXZ 100ae3a0 f i nafxcwd:wincore.obj
 0002:000273b0       ?InternalFinalConstructRelease@CComObjectRootBase@ATL@@QAEXXZ 100ae3b0 f i nafxcwd:wincore.obj
 0002:00027400       ?InternalAddRef@?$CComObjectRootEx@VCComSingleThreadModel@ATL@@@ATL@@QAEKXZ 100ae400 f i nafxcwd:wincore.obj
 0002:00027450       ?Increment@CComSingleThreadModel@ATL@@SGKPAJ@Z 100ae450 f i nafxcwd:wincore.obj
 0002:00027470       ?InternalRelease@?$CComObjectRootEx@VCComSingleThreadModel@ATL@@@ATL@@QAEKXZ 100ae470 f i nafxcwd:wincore.obj
 0002:000274d0       ?Decrement@CComSingleThreadModel@ATL@@SGKPAJ@Z 100ae4d0 f i nafxcwd:wincore.obj
 0002:000274f0       ?GetBufferSetLength@?$CSimpleStringT@D$0A@@ATL@@QAEPADH@Z 100ae4f0 f i nafxcwd:wincore.obj
 0002:00027530       _IsEqualGUID               100ae530 f i nafxcwd:cmdtarg.obj
 0002:00027560       ?DrawState@@YGHPAUHDC__@@PAUHBRUSH__@@P6GH0JIHH@ZJIHHHHI@Z 100ae560 f i nafxcwd:afxinl2.obj
 0002:000275b0       ??2@YAPAXIPAX@Z            100ae5b0 f i nafxcwd:list_s.obj
 0002:000275c0       ??4?$CStringT@DV?$StrTraitMFC@DV?$ChTraitsCRT@D@ATL@@@@@ATL@@QAEAAV01@PB_W@Z 100ae5c0 f i nafxcwd:list_s.obj
 0002:00027660       ??1?$CTempBuffer@_W$0IA@VCCRTAllocator@ATL@@@ATL@@QAE@XZ 100ae660 f i nafxcwd:list_s.obj
 0002:00027690       ??B?$CTempBuffer@_W$0IA@VCCRTAllocator@ATL@@@ATL@@QBEPA_WXZ 100ae690 f i nafxcwd:list_s.obj
 0002:000276b0       ?Allocate@?$CTempBuffer@_W$0IA@VCCRTAllocator@ATL@@@ATL@@QAEPA_WI@Z 100ae6b0 f i nafxcwd:list_s.obj
 0002:000276e0       ?GetBaseTypeLength@?$ChTraitsCRT@D@ATL@@SAHPB_W@Z 100ae6e0 f i nafxcwd:list_s.obj
 0002:00027710       ?AllocateBytes@?$CTempBuffer@_W$0IA@VCCRTAllocator@ATL@@@ATL@@QAEPA_WI@Z 100ae710 f i nafxcwd:list_s.obj
 0002:00027790       ?FreeHeap@?$CTempBuffer@_W$0IA@VCCRTAllocator@ATL@@@ATL@@AAEXXZ 100ae790 f i nafxcwd:list_s.obj
 0002:000277b0       ?AllocateHeap@?$CTempBuffer@_W$0IA@VCCRTAllocator@ATL@@@ATL@@AAEXI@Z 100ae7b0 f i nafxcwd:list_s.obj
 0002:00027800       ??0AFX_CLASSINIT@@QAE@PAUCRuntimeClass@@@Z 100ae800 f i nafxcwd:list_s.obj
 0002:00027820       __tcschr                   100ae820 f i nafxcwd:winstr.obj
 0002:00027840       ?GetBaseTypeLength@?$ChTraitsCRT@_W@ATL@@SAHPBD@Z 100ae840 f i nafxcwd:strcore.obj
 0002:00027870       ?ConvertToBaseType@?$ChTraitsCRT@_W@ATL@@SAXPA_WHPBDH@Z 100ae870 f i nafxcwd:strcore.obj
 0002:000278a0       ??0CComBSTR@ATL@@QAE@ABV01@@Z 100ae8a0 f i nafxcwd:strcore.obj
 0002:000278f0       ??1CComBSTR@ATL@@QAE@XZ    100ae8f0 f i nafxcwd:strcore.obj
 0002:00027910       ?Length@CComBSTR@ATL@@QBEIXZ 100ae910 f i nafxcwd:strcore.obj
 0002:00027950       ?Copy@CComBSTR@ATL@@QBEPA_WXZ 100ae950 f i nafxcwd:strcore.obj
 0002:00027990       ??7CComBSTR@ATL@@QBE_NXZ   100ae990 f i nafxcwd:strcore.obj
 0002:000279b0       ??0CNilStringData@ATL@@QAE@XZ 100ae9b0 f i nafxcwd:strcore.obj
 0002:00027a10       ?SetManager@CNilStringData@ATL@@QAEXPAUIAtlStringMgr@2@@Z 100aea10 f i nafxcwd:strcore.obj
 0002:00027a60       ?ocslen@@YAHPB_W@Z         100aea60 f i nafxcwd:olemisc.obj
 0002:00027a80       ?ocscpy@@YAPA_WPA_WPB_W@Z  100aea80 f i nafxcwd:olemisc.obj
 0002:00027ab0       ?AtlDevModeA2W@@YAPAU_devicemodeW@@PAU1@PBU_devicemodeA@@@Z 100aeab0 f i nafxcwd:olemisc.obj
 0002:00027c60       ?AtlDevModeW2A@@YGPAU_devicemodeA@@PAU1@PBU_devicemodeW@@@Z 100aec60 f i nafxcwd:olemisc.obj
 0002:00027dd0       ??Y?$CStringT@DV?$StrTraitMFC@DV?$ChTraitsCRT@D@ATL@@@@@ATL@@QAEAAV01@D@Z 100aedd0 f i nafxcwd:olemisc.obj
 0002:00027e00       ??Y?$CSimpleStringT@D$0A@@ATL@@QAEAAV01@D@Z 100aee00 f i nafxcwd:olemisc.obj
 0002:00027e30       ?AppendChar@?$CSimpleStringT@D$0A@@ATL@@QAEXD@Z 100aee30 f i nafxcwd:olemisc.obj
 0002:00027e90       ?GetHead@CSimpleList@@QBEPAXXZ 100aee90 f i nafxcwd:thrdcore.obj
 0002:00027eb0       ??_9@$BBFE@AE              100aeeb0 f i nafxcwd:dlgcore.obj
 0002:00027ec0       ??_9@$BBFI@AE              100aeec0 f i nafxcwd:dlgcore.obj
 0002:00027ed0       ?T2CA@@YAPBDPBD@Z          100aeed0 f i nafxcwd:appcore.obj
 0002:00027ee0       ?SetResourceInstance@CAtlBaseModule@ATL@@QAEPAUHINSTANCE__@@PAU3@@Z 100aeee0 f i nafxcwd:appcore.obj
 0002:00027f10       ?GetSize@CRecentFileList@@QBEHXZ 100aef10 f i nafxcwd:appcore.obj
 0002:00027f30       ??ACRecentFileList@@QAEAAV?$CStringT@DV?$StrTraitMFC@DV?$ChTraitsCRT@D@ATL@@@@@ATL@@H@Z 100aef30 f i nafxcwd:appcore.obj
 0002:00027f80       ?GetBuffer@?$CSimpleStringT@D$0A@@ATL@@QAEPADXZ 100aef80 f i nafxcwd:appui2.obj
 0002:00027fd0       _!=                        100aefd0 f i nafxcwd:olefact.obj
 0002:00027ff0       _==                        100aeff0 f i nafxcwd:olefact.obj
 0002:00028010       ??3@YAXPAX0@Z              100af010 f i nafxcwd:afxtls.obj
 0002:00028020       ??0CSimpleList@@QAE@H@Z    100af020 f i nafxcwd:afxtls.obj
 0002:00028050       ?Construct@CSimpleList@@QAEXH@Z 100af050 f i nafxcwd:afxtls.obj
 0002:00028090       ?GetNextPtr@CSimpleList@@QBEPAPAXPAX@Z 100af090 f i nafxcwd:afxtls.obj
 0002:000280d0       ??2CThreadSlotData@@SGPAXIPAX@Z 100af0d0 f i nafxcwd:afxtls.obj
 0002:000280e0       ?GetAllocSize@CFixedAllocNoSync@@QAEIXZ 100af0e0 f i nafxcwd:winhand.obj
 0002:00028100       ??_ECHandleMap@@UAEPAXI@Z  100af100 f i nafxcwd:winhand.obj
 0002:00028100       ??_GCHandleMap@@UAEPAXI@Z  100af100 f i nafxcwd:winhand.obj
 0002:00028140       ??1CHandleMap@@UAE@XZ      100af140 f i nafxcwd:winhand.obj
 0002:000281d0       ??0CTraceCategory@ATL@@QAE@PBDI@Z 100af1d0 f i nafxcwd:appinit.obj
 0002:00028230       ?ChangeCategory@CTrace@ATL@@QAE_NKIW4ATLTRACESTATUS@2@@Z 100af230 f i nafxcwd:appinit.obj
 0002:00028260       ?RegisterCategory@CTrace@ATL@@QAEKPBD@Z 100af260 f i nafxcwd:appinit.obj
 0002:00028290       ??0CTypeLibCache@@QAE@XZ   100af290 f i nafxcwd:afxstate.obj
 0002:000282e0       ??_Estringdispid@CComTypeInfoHolder@ATL@@QAEPAXI@Z 100af2e0 f i nafxcwd:objcore.obj
 0002:00028370       ??1stringdispid@CComTypeInfoHolder@ATL@@QAE@XZ 100af370 f i nafxcwd:objcore.obj
 0002:00028390       ??0CAtlWinModule@ATL@@QAE@XZ 100af390 f i nafxcwd:objcore.obj
 0002:000283e0       ??0_ATL_WIN_MODULE70@ATL@@QAE@XZ 100af3e0 f i nafxcwd:objcore.obj
 0002:00028410       ??0CComCriticalSection@ATL@@QAE@XZ 100af410 f i nafxcwd:objcore.obj
 0002:00028440       ??0?$CSimpleArray@GV?$CSimpleArrayEqualHelper@G@ATL@@@ATL@@QAE@XZ 100af440 f i nafxcwd:objcore.obj
 0002:00028480       ??1CAtlWinModule@ATL@@QAE@XZ 100af480 f i nafxcwd:objcore.obj
 0002:000284e0       ?Term@CAtlWinModule@ATL@@QAEXXZ 100af4e0 f i nafxcwd:objcore.obj
 0002:00028510       ?GetModuleInstance@CAtlBaseModule@ATL@@QAEPAUHINSTANCE__@@XZ 100af510 f i nafxcwd:objcore.obj
 0002:00028530       ??1_ATL_WIN_MODULE70@ATL@@QAE@XZ 100af530 f i nafxcwd:objcore.obj
 0002:00028550       ?AtlWinModuleTerm@ATL@@YGJPAU_ATL_WIN_MODULE70@1@PAUHINSTANCE__@@@Z 100af550 f i nafxcwd:objcore.obj
 0002:00028610       ?Term@CComCriticalSection@ATL@@QAEJXZ 100af610 f i nafxcwd:objcore.obj
 0002:00028630       ??1?$CSimpleArray@GV?$CSimpleArrayEqualHelper@G@ATL@@@ATL@@QAE@XZ 100af630 f i nafxcwd:objcore.obj
 0002:00028650       ?GetSize@?$CSimpleArray@GV?$CSimpleArrayEqualHelper@G@ATL@@@ATL@@QBEHXZ 100af650 f i nafxcwd:objcore.obj
 0002:00028670       ?RemoveAll@?$CSimpleArray@GV?$CSimpleArrayEqualHelper@G@ATL@@@ATL@@QAEXXZ 100af670 f i nafxcwd:objcore.obj
 0002:000286f0       ??A?$CSimpleArray@GV?$CSimpleArrayEqualHelper@G@ATL@@@ATL@@QAEAAGH@Z 100af6f0 f i nafxcwd:objcore.obj
 0002:00028770       ?_AtlRaiseException@ATL@@YAXKK@Z 100af770 f i nafxcwd:objcore.obj
 0002:00028790       ?_wcstombsz@ATL@@YAHPADPB_WK@Z 100af790 f i nafxcwd:dumpcont.obj
 0002:00028820       ?AtlGetCommCtrlVersion@ATL@@YAJPAK0@Z 100af820 f i nafxcwd:winctrl3.obj
 0002:00028900       ?AtlGetDllVersion@ATL@@YAJPBDPAU_DLLVERSIONINFO@@@Z 100af900 f i nafxcwd:winctrl3.obj
 0002:00028960       ?AtlHresultFromLastError@ATL@@YAJXZ 100af960 f i nafxcwd:winctrl3.obj
 0002:000289b0       ?AtlGetDllVersion@ATL@@YAJPAUHINSTANCE__@@PAU_DLLVERSIONINFO@@@Z 100af9b0 f i nafxcwd:winctrl3.obj
 0002:00028a30       ?AtlIsValidString@ATL@@YAHPB_WI@Z 100afa30 f i nafxcwd:validadd.obj
 0002:00028b20       ?AtlIsValidAddress@ATL@@YAHPBXIH@Z 100afb20 f i nafxcwd:validadd.obj
 0002:00028b80       ??0CAssoc@CMapStringToString@@QAE@PBD@Z 100afb80 f i nafxcwd:map_ss.obj
 0002:00028bb0       ??0CPair@CMapStringToString@@IAE@PBD@Z 100afbb0 f i nafxcwd:map_ss.obj
 0002:00028be0       ??1CPair@CMapStringToString@@QAE@XZ 100afbe0 f i nafxcwd:map_ss.obj
 0002:00028c10       __tcsrchr                  100afc10 f i nafxcwd:dlgfile.obj
 0002:00028c30       __tcsinc                   100afc30 f i nafxcwd:dlgfile.obj
 0002:00028c50       ??1CCommonDialog@@UAE@XZ   100afc50 f i nafxcwd:dlgfile.obj
 0002:00028c80       ?AfxCheckError@@YGXJ@Z     100afc80 f   nafxcwd:olevar.obj
 0002:00028cb0       ?_AfxCompareSafeArrays@@YGHPAUtagSAFEARRAY@@0@Z 100afcb0 f   nafxcwd:olevar.obj
 0002:00029100       ?_AfxCreateOneDimArray@@YGXAAUtagVARIANT@@K@Z 100b0100 f   nafxcwd:olevar.obj
 0002:00029220       ?_AfxCopyBinaryData@@YGXPAUtagSAFEARRAY@@PBXK@Z 100b0220 f   nafxcwd:olevar.obj
 0002:00029270       ??0COleVariant@@QAE@ABUtagVARIANT@@@Z 100b0270 f   nafxcwd:olevar.obj
 0002:000292a0       ??0COleVariant@@QAE@PBUtagVARIANT@@@Z 100b02a0 f   nafxcwd:olevar.obj
 0002:000292d0       ??0COleVariant@@QAE@ABV0@@Z 100b02d0 f   nafxcwd:olevar.obj
 0002:00029300       ??0COleVariant@@QAE@PBDG@Z 100b0300 f   nafxcwd:olevar.obj
 0002:00029410       ?SetString@COleVariant@@QAEXPBDG@Z 100b0410 f   nafxcwd:olevar.obj
 0002:00029530       ??0COleVariant@@QAE@FG@Z   100b0530 f   nafxcwd:olevar.obj
 0002:000295b0       ??0COleVariant@@QAE@JG@Z   100b05b0 f   nafxcwd:olevar.obj
 0002:000296f0       ?ChangeType@COleVariant@@QAEXGPAUtagVARIANT@@@Z 100b06f0 f   nafxcwd:olevar.obj
 0002:00029740       ?Attach@COleVariant@@QAEXAAUtagVARIANT@@@Z 100b0740 f   nafxcwd:olevar.obj
 0002:00029770       ?Detach@COleVariant@@QAE?AUtagVARIANT@@XZ 100b0770 f   nafxcwd:olevar.obj
 0002:000297c0       ?GetByteArrayFromVariantArray@COleVariant@@QAEXAAVCByteArray@@@Z 100b07c0 f   nafxcwd:olevar.obj
 0002:000298e0       ??8COleVariant@@QBEHABUtagVARIANT@@@Z 100b08e0 f   nafxcwd:olevar.obj
 0002:00029c60       ??4COleVariant@@QAEABV0@ABUtagVARIANT@@@Z 100b0c60 f   nafxcwd:olevar.obj
 0002:00029c90       ??4COleVariant@@QAEABV0@PBUtagVARIANT@@@Z 100b0c90 f   nafxcwd:olevar.obj
 0002:00029cc0       ??4COleVariant@@QAEABV0@ABV0@@Z 100b0cc0 f   nafxcwd:olevar.obj
 0002:00029cf0       ??4COleVariant@@QAEABV0@QBD@Z 100b0cf0 f   nafxcwd:olevar.obj
 0002:00029dc0       ??4COleVariant@@QAEABV0@ABV?$CStringT@DV?$StrTraitMFC@DV?$ChTraitsCRT@D@ATL@@@@@ATL@@@Z 100b0dc0 f   nafxcwd:olevar.obj
 0002:00029e80       ??4COleVariant@@QAEABV0@E@Z 100b0e80 f   nafxcwd:olevar.obj
 0002:00029ec0       ??4COleVariant@@QAEABV0@F@Z 100b0ec0 f   nafxcwd:olevar.obj
 0002:00029f30       ??4COleVariant@@QAEABV0@J@Z 100b0f30 f   nafxcwd:olevar.obj
 0002:00029fb0       ??4COleVariant@@QAEABV0@ABVCOleCurrency@@@Z 100b0fb0 f   nafxcwd:olevar.obj
 0002:00029ff0       ??4COleVariant@@QAEABV0@M@Z 100b0ff0 f   nafxcwd:olevar.obj
 0002:0002a030       ??4COleVariant@@QAEABV0@N@Z 100b1030 f   nafxcwd:olevar.obj
 0002:0002a070       ??4COleVariant@@QAEABV0@ABVCOleDateTime@ATL@@@Z 100b1070 f   nafxcwd:olevar.obj
 0002:0002a0b0       ??4COleVariant@@QAEABV0@ABVCByteArray@@@Z 100b10b0 f   nafxcwd:olevar.obj
 0002:0002a110       ??4COleVariant@@QAEABV0@ABVCLongBinary@@@Z 100b1110 f   nafxcwd:olevar.obj
 0002:0002a180       ?AfxVariantInit@@YGXPAUtagVARIANT@@@Z 100b1180 f   nafxcwd:olevar.obj
 0002:0002a1a0       ??6@YGAAVCDumpContext@@AAV0@VCOleVariant@@@Z 100b11a0 f   nafxcwd:olevar.obj
 0002:0002a6b0       ??6@YGAAVCArchive@@AAV0@VCOleVariant@@@Z 100b16b0 f   nafxcwd:olevar.obj
 0002:0002ac20       ??5@YGAAVCArchive@@AAV0@AAVCOleVariant@@@Z 100b1c20 f   nafxcwd:olevar.obj
 0002:0002b080       ??6@YGAAVCArchive@@AAV0@VCComBSTR@ATL@@@Z 100b2080 f   nafxcwd:olevar.obj
 0002:0002b100       ??5@YGAAVCArchive@@AAV0@AAVCComBSTR@ATL@@@Z 100b2100 f   nafxcwd:olevar.obj
 0002:0002b170       ??$CopyElements@VCOleVariant@@@@YGXPAVCOleVariant@@PBV0@H@Z 100b2170 f   nafxcwd:olevar.obj
 0002:0002b210       ??$SerializeElements@VCOleVariant@@@@YGXAAVCArchive@@PAVCOleVariant@@H@Z 100b2210 f   nafxcwd:olevar.obj
 0002:0002b2c0       ??$DumpElements@VCOleVariant@@@@YGXAAVCDumpContext@@PBVCOleVariant@@H@Z 100b22c0 f   nafxcwd:olevar.obj
 0002:0002b310       ??$HashKey@ABUtagVARIANT@@@@YGIABUtagVARIANT@@@Z 100b2310 f   nafxcwd:olevar.obj
 0002:0002b430       ??0COleCurrency@@QAE@JJ@Z  100b2430 f   nafxcwd:olevar.obj
 0002:0002b460       ??4COleCurrency@@QAEABV0@TtagCY@@@Z 100b2460 f   nafxcwd:olevar.obj
 0002:0002b490       ??4COleCurrency@@QAEABV0@ABV0@@Z 100b2490 f   nafxcwd:olevar.obj
 0002:0002b4c0       ??4COleCurrency@@QAEABV0@ABUtagVARIANT@@@Z 100b24c0 f   nafxcwd:olevar.obj
 0002:0002b5d0       ??MCOleCurrency@@QBEHABV0@@Z 100b25d0 f   nafxcwd:olevar.obj
 0002:0002b660       ??OCOleCurrency@@QBEHABV0@@Z 100b2660 f   nafxcwd:olevar.obj
 0002:0002b6f0       ??NCOleCurrency@@QBEHABV0@@Z 100b26f0 f   nafxcwd:olevar.obj
 0002:0002b780       ??PCOleCurrency@@QBEHABV0@@Z 100b2780 f   nafxcwd:olevar.obj
 0002:0002b810       ??HCOleCurrency@@QBE?AV0@ABV0@@Z 100b2810 f   nafxcwd:olevar.obj
 0002:0002b8f0       ??GCOleCurrency@@QBE?AV0@ABV0@@Z 100b28f0 f   nafxcwd:olevar.obj
 0002:0002b9d0       ??GCOleCurrency@@QBE?AV0@XZ 100b29d0 f   nafxcwd:olevar.obj
 0002:0002ba60       ??DCOleCurrency@@QBE?AV0@J@Z 100b2a60 f   nafxcwd:olevar.obj
 0002:0002bc60       ??KCOleCurrency@@QBE?AV0@J@Z 100b2c60 f   nafxcwd:olevar.obj
 0002:0002bd50       ?SetCurrency@COleCurrency@@QAEXJJ@Z 100b2d50 f   nafxcwd:olevar.obj
 0002:0002be00       ?ParseCurrency@COleCurrency@@QAEHPBDKK@Z 100b2e00 f   nafxcwd:olevar.obj
 0002:0002bfc0       ?Format@COleCurrency@@QBE?AV?$CStringT@DV?$StrTraitMFC@DV?$ChTraitsCRT@D@ATL@@@@@ATL@@KK@Z 100b2fc0 f   nafxcwd:olevar.obj
 0002:0002c170       ??6@YGAAVCDumpContext@@AAV0@VCOleCurrency@@@Z 100b3170 f   nafxcwd:olevar.obj
 0002:0002c210       ??6@YGAAVCArchive@@AAV0@VCOleCurrency@@@Z 100b3210 f   nafxcwd:olevar.obj
 0002:0002c240       ??5@YGAAVCArchive@@AAV0@AAVCOleCurrency@@@Z 100b3240 f   nafxcwd:olevar.obj
 0002:0002c280       ??6@YGAAVCDumpContext@@AAV0@VCOleDateTime@ATL@@@Z 100b3280 f   nafxcwd:olevar.obj
 0002:0002c320       ??6@YGAAVCArchive@@AAV0@VCOleDateTime@ATL@@@Z 100b3320 f   nafxcwd:olevar.obj
 0002:0002c350       ??5@YGAAVCArchive@@AAV0@AAVCOleDateTime@ATL@@@Z 100b3350 f   nafxcwd:olevar.obj
 0002:0002c380       ??6@YGAAVCDumpContext@@AAV0@VCOleDateTimeSpan@ATL@@@Z 100b3380 f   nafxcwd:olevar.obj
 0002:0002c430       ??6@YGAAVCArchive@@AAV0@VCOleDateTimeSpan@ATL@@@Z 100b3430 f   nafxcwd:olevar.obj
 0002:0002c460       ??5@YGAAVCArchive@@AAV0@AAVCOleDateTimeSpan@ATL@@@Z 100b3460 f   nafxcwd:olevar.obj
 0002:0002c490       ??0COleSafeArray@@QAE@ABUtagSAFEARRAY@@G@Z 100b3490 f   nafxcwd:olevar.obj
 0002:0002c4f0       ??0COleSafeArray@@QAE@PBUtagSAFEARRAY@@G@Z 100b34f0 f   nafxcwd:olevar.obj
 0002:0002c550       ??0COleSafeArray@@QAE@ABV0@@Z 100b3550 f   nafxcwd:olevar.obj
 0002:0002c5a0       ??0COleSafeArray@@QAE@ABUtagVARIANT@@@Z 100b35a0 f   nafxcwd:olevar.obj
 0002:0002c5f0       ??0COleSafeArray@@QAE@ABVCOleVariant@@@Z 100b35f0 f   nafxcwd:olevar.obj
 0002:0002c640       ??0COleSafeArray@@QAE@PBUtagVARIANT@@@Z 100b3640 f   nafxcwd:olevar.obj
 0002:0002c690       ?Attach@COleSafeArray@@QAEXAAUtagVARIANT@@@Z 100b3690 f   nafxcwd:olevar.obj
 0002:0002c700       ?Detach@COleSafeArray@@QAE?AUtagVARIANT@@XZ 100b3700 f   nafxcwd:olevar.obj
 0002:0002c750       ?GetByteArray@COleSafeArray@@QAEXAAVCByteArray@@@Z 100b3750 f   nafxcwd:olevar.obj
 0002:0002c870       ??4COleSafeArray@@QAEAAV0@ABV0@@Z 100b3870 f   nafxcwd:olevar.obj
 0002:0002c8d0       ??4COleSafeArray@@QAEAAV0@ABUtagVARIANT@@@Z 100b38d0 f   nafxcwd:olevar.obj
 0002:0002c930       ??4COleSafeArray@@QAEAAV0@PBUtagVARIANT@@@Z 100b3930 f   nafxcwd:olevar.obj
 0002:0002c990       ??4COleSafeArray@@QAEAAV0@ABVCOleVariant@@@Z 100b3990 f   nafxcwd:olevar.obj
 0002:0002c9f0       ??8COleSafeArray@@QBEHABUtagSAFEARRAY@@@Z 100b39f0 f   nafxcwd:olevar.obj
 0002:0002ca10       ??8COleSafeArray@@QBEHPBUtagSAFEARRAY@@@Z 100b3a10 f   nafxcwd:olevar.obj
 0002:0002ca30       ??8COleSafeArray@@QBEHABV0@@Z 100b3a30 f   nafxcwd:olevar.obj
 0002:0002ca70       ??8COleSafeArray@@QBEHABUtagVARIANT@@@Z 100b3a70 f   nafxcwd:olevar.obj
 0002:0002cab0       ??8COleSafeArray@@QBEHPBUtagVARIANT@@@Z 100b3ab0 f   nafxcwd:olevar.obj
 0002:0002caf0       ??8COleSafeArray@@QBEHABVCOleVariant@@@Z 100b3af0 f   nafxcwd:olevar.obj
 0002:0002cb30       ?_AfxDumpSafeArrayElement@@YAXAAVCDumpContext@@AAVCOleSafeArray@@PAJ@Z 100b3b30 f   nafxcwd:olevar.obj
 0002:0002ce10       ??6@YGAAVCDumpContext@@AAV0@AAVCOleSafeArray@@@Z 100b3e10 f   nafxcwd:olevar.obj
 0002:0002d090       ?CreateOneDim@COleSafeArray@@QAEXGKPBXJ@Z 100b4090 f   nafxcwd:olevar.obj
 0002:0002d120       ?GetOneDimSize@COleSafeArray@@QAEKXZ 100b4120 f   nafxcwd:olevar.obj
 0002:0002d180       ?ResizeOneDim@COleSafeArray@@QAEXK@Z 100b4180 f   nafxcwd:olevar.obj
 0002:0002d1e0       ?Create@COleSafeArray@@QAEXGKPAK@Z 100b41e0 f   nafxcwd:olevar.obj
 0002:0002d310       ?Create@COleSafeArray@@QAEXGKPAUtagSAFEARRAYBOUND@@@Z 100b4310 f   nafxcwd:olevar.obj
 0002:0002d490       ?AccessData@COleSafeArray@@QAEXPAPAX@Z 100b4490 f   nafxcwd:olevar.obj
 0002:0002d4c0       ?UnaccessData@COleSafeArray@@QAEXXZ 100b44c0 f   nafxcwd:olevar.obj
 0002:0002d4e0       ?AllocData@COleSafeArray@@QAEXXZ 100b44e0 f   nafxcwd:olevar.obj
 0002:0002d500       ?AllocDescriptor@COleSafeArray@@QAEXK@Z 100b4500 f   nafxcwd:olevar.obj
 0002:0002d530       ?Copy@COleSafeArray@@QAEXPAPAUtagSAFEARRAY@@@Z 100b4530 f   nafxcwd:olevar.obj
 0002:0002d560       ?GetLBound@COleSafeArray@@QAEXKPAJ@Z 100b4560 f   nafxcwd:olevar.obj
 0002:0002d590       ?GetUBound@COleSafeArray@@QAEXKPAJ@Z 100b4590 f   nafxcwd:olevar.obj
 0002:0002d5c0       ?GetElement@COleSafeArray@@QAEXPAJPAX@Z 100b45c0 f   nafxcwd:olevar.obj
 0002:0002d5f0       ?PtrOfIndex@COleSafeArray@@QAEXPAJPAPAX@Z 100b45f0 f   nafxcwd:olevar.obj
 0002:0002d620       ?PutElement@COleSafeArray@@QAEXPAJPAX@Z 100b4620 f   nafxcwd:olevar.obj
 0002:0002d650       ?Redim@COleSafeArray@@QAEXPAUtagSAFEARRAYBOUND@@@Z 100b4650 f   nafxcwd:olevar.obj
 0002:0002d680       ?Lock@COleSafeArray@@QAEXXZ 100b4680 f   nafxcwd:olevar.obj
 0002:0002d6a0       ?Unlock@COleSafeArray@@QAEXXZ 100b46a0 f   nafxcwd:olevar.obj
 0002:0002d6c0       ?Destroy@COleSafeArray@@QAEXXZ 100b46c0 f   nafxcwd:olevar.obj
 0002:0002d6e0       ?DestroyData@COleSafeArray@@QAEXXZ 100b46e0 f   nafxcwd:olevar.obj
 0002:0002d700       ?DestroyDescriptor@COleSafeArray@@QAEXXZ 100b4700 f   nafxcwd:olevar.obj
 0002:0002d720       ?AfxSafeArrayInit@@YGXPAVCOleSafeArray@@@Z 100b4720 f   nafxcwd:olevar.obj
 0002:0002d740       ?DDX_Text@@YGXPAVCDataExchange@@HAAVCOleDateTime@ATL@@@Z 100b4740 f   nafxcwd:olevar.obj
 0002:0002d860       ?DDX_Text@@YGXPAVCDataExchange@@HAAU_FILETIME@@@Z 100b4860 f   nafxcwd:olevar.obj
 0002:0002d9e0       ?DDX_Text@@YGXPAVCDataExchange@@HAAVCOleCurrency@@@Z 100b49e0 f   nafxcwd:olevar.obj
 0002:0002db00       ?DDX_Text@@YGXPAVCDataExchange@@HAAUtagDEC@@@Z 100b4b00 f   nafxcwd:olevar.obj
 0002:0002dce0       ?DDX_Text@@YGXPAVCDataExchange@@HAAU_GUID@@@Z 100b4ce0 f   nafxcwd:olevar.obj
 0002:0002f380       ?Attach@CComBSTR@ATL@@QAEXPA_W@Z 100b6380 f i nafxcwd:olevar.obj
 0002:0002f3c0       ?Detach@CComBSTR@ATL@@QAEPA_WXZ 100b63c0 f i nafxcwd:olevar.obj
 0002:0002f3f0       ??$HashKey@K@@YGIK@Z       100b63f0 f i nafxcwd:olevar.obj
 0002:0002f400       ?Empty@CComBSTR@ATL@@QAEXXZ 100b6400 f i nafxcwd:olevar.obj
 0002:0002f430       ?ParseDateTime@COleDateTime@ATL@@QAE_NPBDKK@Z 100b6430 f i nafxcwd:olevar.obj
 0002:0002f6c0       ?Format@COleDateTime@ATL@@QBE?AV?$CStringT@DV?$StrTraitMFC@DV?$ChTraitsCRT@D@ATL@@@@@2@KK@Z 100b66c0 f i nafxcwd:olevar.obj
 0002:0002f940       ??0CComBSTR@ATL@@QAE@XZ    100b6940 f i nafxcwd:olevar.obj
 0002:0002f960       ??BCComBSTR@ATL@@QBEPA_WXZ 100b6960 f i nafxcwd:olevar.obj
 0002:0002f980       ??ICComBSTR@ATL@@QAEPAPA_WXZ 100b6980 f i nafxcwd:olevar.obj
 0002:0002f9a0       ??0?$CStringT@DV?$StrTraitMFC@DV?$ChTraitsCRT@D@ATL@@@@@ATL@@QAE@PB_W@Z 100b69a0 f i nafxcwd:olevar.obj
 0002:0002fa30       ?AtlAllocTaskWideString@ATL@@YAPA_WPBD@Z 100b6a30 f i nafxcwd:olecnvrt.obj
 0002:0002faf0       ?AtlAllocTaskAnsiString@ATL@@YAPADPB_W@Z 100b6af0 f i nafxcwd:olecnvrt.obj
 0002:0002fbb0       ??RCTraceFileAndLineInfo@ATL@@QBAXPBDZZ 100b6bb0 f i nafxcwd:winfrm.obj
 0002:0002fc10       ?_mbstowcsz@ATL@@YAHPA_WPBDK@Z 100b6c10 f i nafxcwd:winfrm.obj
 0002:0002fcb0       ??0CPushRoutingFrame@@QAE@PAVCFrameWnd@@@Z 100b6cb0 f i nafxcwd:winfrm.obj
 0002:0002fd30       ??1CPushRoutingFrame@@QAE@XZ 100b6d30 f i nafxcwd:winfrm.obj
 0002:0002fdb0       ?Pop@CPushRoutingFrame@@QAEXXZ 100b6db0 f i nafxcwd:winfrm.obj
 0002:0002fe50       ?GetFileTitle@@YGFPBDPADG@Z 100b6e50 f i nafxcwd:filecore.obj
 0002:0002fe70       __tcsdec                   100b6e70 f i nafxcwd:docmgr.obj
 0002:0002fe90       ??0CFixedAllocNoSync@@QAE@II@Z 100b6e90 f   nafxcwd:fixalloc.obj
 0002:0002ff10       ??1CFixedAllocNoSync@@QAE@XZ 100b6f10 f   nafxcwd:fixalloc.obj
 0002:0002ff30       ?FreeAll@CFixedAllocNoSync@@QAEXXZ 100b6f30 f   nafxcwd:fixalloc.obj
 0002:0002ff60       ?Alloc@CFixedAllocNoSync@@QAEPAXXZ 100b6f60 f   nafxcwd:fixalloc.obj
 0002:00030030       ?Free@CFixedAllocNoSync@@QAEXPAX@Z 100b7030 f   nafxcwd:fixalloc.obj
 0002:00030060       ??0CFixedAlloc@@QAE@II@Z   100b7060 f   nafxcwd:fixalloc.obj
 0002:00030090       ??1CFixedAlloc@@QAE@XZ     100b7090 f   nafxcwd:fixalloc.obj
 0002:000300b0       ?FreeAll@CFixedAlloc@@QAEXXZ 100b70b0 f   nafxcwd:fixalloc.obj
 0002:00030160       ?Alloc@CFixedAlloc@@QAEPAXXZ 100b7160 f   nafxcwd:fixalloc.obj
 0002:00030220       ?Free@CFixedAlloc@@QAEXPAX@Z 100b7220 f   nafxcwd:fixalloc.obj
 0002:000303f0       ??0IStream@@QAE@XZ         100b73f0 f i nafxcwd:arcstrm.obj
 0002:00030410       ??0ISequentialStream@@QAE@XZ 100b7410 f i nafxcwd:arcstrm.obj
 0002:00030430       ?EnableTypeLib@CCmdTarget@@QAEXXZ 100b7430 f   nafxcwd:oletyplb.obj
 0002:00030480       ?GetTypeInfoOfGuid@CCmdTarget@@QAEJKABU_GUID@@PAPAUITypeInfo@@@Z 100b7480 f   nafxcwd:oletyplb.obj
 0002:00030640       ?AfxGetTypeLibCache@@YGPAVCTypeLibCache@@PBU_GUID@@@Z 100b7640 f   nafxcwd:oletyplb.obj
 0002:00030830       ?Lock@CTypeLibCache@@QAEXXZ 100b7830 f   nafxcwd:oletyplb.obj
 0002:00030880       ?Lookup@CTypeLibCache@@QAEHKPAPAUITypeLib@@@Z 100b7880 f   nafxcwd:oletyplb.obj
 0002:000308f0       ?Cache@CTypeLibCache@@QAEXKPAUITypeLib@@@Z 100b78f0 f   nafxcwd:oletyplb.obj
 0002:000309b0       ?LookupTypeInfo@CTypeLibCache@@QAEHKABU_GUID@@PAPAUITypeInfo@@@Z 100b79b0 f   nafxcwd:oletyplb.obj
 0002:00030a60       ?CacheTypeInfo@CTypeLibCache@@QAEXKABU_GUID@@PAUITypeInfo@@@Z 100b7a60 f   nafxcwd:oletyplb.obj
 0002:00030c90       ??0CTypeLibCacheMap@@QAE@XZ 100b7c90 f i nafxcwd:oletyplb.obj
 0002:00030cc0       ??_GCTypeLibCacheMap@@UAEPAXI@Z 100b7cc0 f i nafxcwd:oletyplb.obj
 0002:00030cc0       ??_ECTypeLibCacheMap@@UAEPAXI@Z 100b7cc0 f i nafxcwd:oletyplb.obj
 0002:00030d00       ??1CTypeLibCacheMap@@UAE@XZ 100b7d00 f i nafxcwd:oletyplb.obj
 0002:00030d20       ??_9@$BBGA@AE              100b7d20 f i nafxcwd:viewcore.obj
 0002:00030d30       ??0CPushRoutingView@@QAE@PAVCView@@@Z 100b7d30 f i nafxcwd:viewcore.obj
 0002:00030db0       ??1CPushRoutingView@@QAE@XZ 100b7db0 f i nafxcwd:viewcore.obj
 0002:00030e30       ?Pop@CPushRoutingView@@QAEXXZ 100b7e30 f i nafxcwd:viewcore.obj
 0002:00030ed0       ?_JumpToContinuation@@YGXPAXPAUEHRegistrationNode@@@Z 100b7ed0 f   libcmtd:trnsctrl.obj
 0002:00030f10       ?_CallMemberFunction0@@YGXPAX0@Z 100b7f10 f   libcmtd:trnsctrl.obj
 0002:00030f20       ?_CallMemberFunction1@@YGXPAX00@Z 100b7f20 f   libcmtd:trnsctrl.obj
 0002:00030f30       ?_CallMemberFunction2@@YGXPAX00H@Z 100b7f30 f   libcmtd:trnsctrl.obj
 0002:00030f40       ?_UnwindNestedFrames@@YGXPAUEHRegistrationNode@@PAUEHExceptionRecord@@@Z 100b7f40 f   libcmtd:trnsctrl.obj
 0002:00030fb0       ___CxxFrameHandler         100b7fb0 f   libcmtd:trnsctrl.obj
 0002:00031000       ___CxxLongjmpUnwind@4      100b8000 f   libcmtd:trnsctrl.obj
 0002:00031030       ?_CallCatchBlock2@@YAPAXPAUEHRegistrationNode@@PBU_s_FuncInfo@@PAXHK@Z 100b8030 f   libcmtd:trnsctrl.obj
 0002:00031130       ?_CallSETranslator@@YAHPAUEHExceptionRecord@@PAUEHRegistrationNode@@PAX2PBU_s_FuncInfo@@H1@Z 100b8130 f   libcmtd:trnsctrl.obj
 0002:00031350       ?_GetRangeOfTrysToCheck@@YAPBU_s_TryBlockMapEntry@@PBU_s_FuncInfo@@HHPAI1@Z 100b8350 f   libcmtd:trnsctrl.obj
 0002:00031400       ?_CreateFrameInfo@@YAPAUFrameInfo@@PAU1@PAX@Z 100b8400 f   libcmtd:trnsctrl.obj
 0002:00031440       ?IsExceptionObjectToBeDestroyed@@YAHPAX@Z 100b8440 f   libcmtd:trnsctrl.obj
 0002:00031480       ?_FindAndUnlinkFrame@@YAXPAUFrameInfo@@@Z 100b8480 f   libcmtd:trnsctrl.obj
 0002:000314ec       __global_unwind2           100b84ec f   libcmtd:exsup.obj
 0002:0003152e       __local_unwind2            100b852e f   libcmtd:exsup.obj
 0002:00031586       __NLG_Return2              100b8586     libcmtd:exsup.obj
 0002:00031596       __abnormal_termination     100b8596 f   libcmtd:exsup.obj
 0002:000315b9       __NLG_Notify1              100b85b9 f   libcmtd:exsup.obj
 0002:000315c2       __NLG_Notify               100b85c2 f   libcmtd:exsup.obj
 0002:000315d5       __NLG_Dispatch             100b85d5     libcmtd:exsup.obj
 0002:00031620       __RTC_CheckEsp             100b8620 f   libcmtd:stack.obj
 0002:00031650       @_RTC_CheckStackVars@8     100b8650 f   libcmtd:stack.obj
 0002:000316d0       __RTC_InitBase             100b86d0 f   libcmtd:init.obj
 0002:00031710       __RTC_Shutdown             100b8710 f   libcmtd:init.obj
 0002:00031730       __CrtDbgBreak              100b8730 f   libcmtd:dbgrpt.obj
 0002:00031740       __CrtSetReportMode         100b8740 f   libcmtd:dbgrpt.obj
 0002:000317b0       __CrtSetReportFile         100b87b0 f   libcmtd:dbgrpt.obj
 0002:00031850       __CrtSetReportHook         100b8850 f   libcmtd:dbgrpt.obj
 0002:00031880       __CrtSetReportHook2        100b8880 f   libcmtd:dbgrpt.obj
 0002:00031b60       __CrtDbgReport             100b8b60 f   libcmtd:dbgrpt.obj
 0002:000324a0       __mbscmp                   100b94a0 f   libcmtd:mbscmp.obj
 0002:00032620       _strlen                    100b9620 f   libcmtd:strlen.obj
 0002:000326d0       _memcpy                    100b96d0 f   libcmtd:memcpy.obj
 0002:00032ae0       _memmove                   100b9ae0 f   libcmtd:memmove.obj
 0002:00032ef0       __fpmath                   100b9ef0 f   libcmtd:fpinit.obj
 0002:00032f20       __fpclear                  100b9f20 f   libcmtd:fpinit.obj
 0002:00032f30       __cfltcvt_init             100b9f30 f   libcmtd:fpinit.obj
 0002:00032f90       ___setfflag                100b9f90 f   libcmtd:fpinit.obj
 0002:00032fc0       _vsprintf                  100b9fc0 f   libcmtd:vsprintf.obj
 0002:000330e0       __vscprintf                100ba0e0 f   libcmtd:vsprintf.obj
 0002:00033180       _atol                      100ba180 f   libcmtd:atox.obj
 0002:000332d0       _atoi                      100ba2d0 f   libcmtd:atox.obj
 0002:000332f0       __atoi64                   100ba2f0 f   libcmtd:atox.obj
 0002:00033474       __ftol2                    100ba474 f   libcmtd:ftol2.obj
 0002:00033510       _atof                      100ba510 f   libcmtd:atof.obj
 0002:00033570       _fclose                    100ba570 f   libcmtd:fclose.obj
 0002:00033660       __fclose_lk                100ba660 f   libcmtd:fclose.obj
 0002:00033740       _fprintf                   100ba740 f   libcmtd:fprintf.obj
 0002:00033870       __fsopen                   100ba870 f   libcmtd:fopen.obj
 0002:000339f0       _fopen                     100ba9f0 f   libcmtd:fopen.obj
 0002:00033a10       __onexit                   100baa10 f   libcmtd:onexit.obj
 0002:00033bb0       _atexit                    100babb0 f   libcmtd:onexit.obj
 0002:00033bd0       ___onexitinit              100babd0 f   libcmtd:onexit.obj
 0002:00033c30       __alloca_probe             100bac30     libcmtd:chkstk.obj
 0002:00033c30       __chkstk                   100bac30 f   libcmtd:chkstk.obj
 0002:00033c80       __resetstkoflw             100bac80 f   libcmtd:resetstk.obj
 0002:00033e24       __except_handler3          100bae24 f   libcmtd:exsup3.obj
 0002:00033f0a       __seh_longjmp_unwind@4     100baf0a f   libcmtd:exsup3.obj
 0002:00033f70       _wcscat                    100baf70 f   libcmtd:wcscat.obj
 0002:00033fe0       _wcscpy                    100bafe0 f   libcmtd:wcscat.obj
 0002:00034030       _malloc                    100bb030 f   libcmtd:dbgheap.obj
 0002:00034060       __malloc_dbg               100bb060 f   libcmtd:dbgheap.obj
 0002:000340a0       __nh_malloc                100bb0a0 f   libcmtd:dbgheap.obj
 0002:000340d0       __nh_malloc_dbg            100bb0d0 f   libcmtd:dbgheap.obj
 0002:000341a0       __heap_alloc               100bb1a0 f   libcmtd:dbgheap.obj
 0002:000341c0       __heap_alloc_dbg           100bb1c0 f   libcmtd:dbgheap.obj
 0002:000345a0       _calloc                    100bb5a0 f   libcmtd:dbgheap.obj
 0002:000345d0       __calloc_dbg               100bb5d0 f   libcmtd:dbgheap.obj
 0002:00034650       _realloc                   100bb650 f   libcmtd:dbgheap.obj
 0002:00034680       __realloc_dbg              100bb680 f   libcmtd:dbgheap.obj
 0002:00034d90       __expand                   100bbd90 f   libcmtd:dbgheap.obj
 0002:00034dc0       __expand_dbg               100bbdc0 f   libcmtd:dbgheap.obj
 0002:00034e70       _free                      100bbe70 f   libcmtd:dbgheap.obj
 0002:00034e90       __free_lk                  100bbe90 f   libcmtd:dbgheap.obj
 0002:00034eb0       __free_dbg                 100bbeb0 f   libcmtd:dbgheap.obj
 0002:00034f40       __free_dbg_lk              100bbf40 f   libcmtd:dbgheap.obj
 0002:00035460       __msize                    100bc460 f   libcmtd:dbgheap.obj
 0002:00035480       __msize_dbg                100bc480 f   libcmtd:dbgheap.obj
 0002:00035650       __CrtSetBreakAlloc         100bc650 f   libcmtd:dbgheap.obj
 0002:00035680       __CrtSetDbgBlockType       100bc680 f   libcmtd:dbgheap.obj
 0002:00035790       __CrtSetAllocHook          100bc790 f   libcmtd:dbgheap.obj
 0002:00035820       __CrtCheckMemory           100bc820 f   libcmtd:dbgheap.obj
 0002:00035c60       __CrtSetDbgFlag            100bcc60 f   libcmtd:dbgheap.obj
 0002:00035d30       __CrtDoForAllClientObjects 100bcd30 f   libcmtd:dbgheap.obj
 0002:00035e00       __CrtIsValidPointer        100bce00 f   libcmtd:dbgheap.obj
 0002:00035e60       __CrtIsValidHeapPointer    100bce60 f   libcmtd:dbgheap.obj
 0002:00035f40       __CrtIsMemoryBlock         100bcf40 f   libcmtd:dbgheap.obj
 0002:000360b0       __CrtReportBlockType       100bd0b0 f   libcmtd:dbgheap.obj
 0002:000360f0       __CrtSetDumpClient         100bd0f0 f   libcmtd:dbgheap.obj
 0002:00036120       __CrtMemCheckpoint         100bd120 f   libcmtd:dbgheap.obj
 0002:00036320       __CrtMemDifference         100bd320 f   libcmtd:dbgheap.obj
 0002:00036480       __CrtMemDumpAllObjectsSince 100bd480 f   libcmtd:dbgheap.obj
 0002:00036980       __CrtDumpMemoryLeaks       100bd980 f   libcmtd:dbgheap.obj
 0002:00036a00       __CrtMemDumpStatistics     100bda00 f   libcmtd:dbgheap.obj
 0002:00036ae0       __aligned_malloc           100bdae0 f   libcmtd:dbgheap.obj
 0002:00036b10       __aligned_malloc_dbg       100bdb10 f   libcmtd:dbgheap.obj
 0002:00036b40       __aligned_realloc          100bdb40 f   libcmtd:dbgheap.obj
 0002:00036b70       __aligned_realloc_dbg      100bdb70 f   libcmtd:dbgheap.obj
 0002:00036ba0       __aligned_offset_malloc    100bdba0 f   libcmtd:dbgheap.obj
 0002:00036bd0       __aligned_offset_malloc_dbg 100bdbd0 f   libcmtd:dbgheap.obj
 0002:00036d60       __aligned_offset_realloc   100bdd60 f   libcmtd:dbgheap.obj
 0002:00036d90       __aligned_offset_realloc_dbg 100bdd90 f   libcmtd:dbgheap.obj
 0002:00037080       __aligned_free             100be080 f   libcmtd:dbgheap.obj
 0002:000370a0       __aligned_free_dbg         100be0a0 f   libcmtd:dbgheap.obj
 0002:00037170       __CRT_INIT@12              100be170 f   libcmtd:dllcrt0.obj
 0002:00037450       __DllMainCRTStartup@12     100be450 f   libcmtd:dllcrt0.obj
 0002:00037630       __amsg_exit                100be630 f   libcmtd:dllcrt0.obj
 0002:00037680       @__security_check_cookie@4 100be680 f   libcmtd:secchk.obj
 0002:00037730       ??1type_info@@UAE@XZ       100be730 f   libcmtd:typinfo.obj
 0002:000377e0       ??_Gtype_info@@UAEPAXI@Z   100be7e0 f i libcmtd:typinfo.obj
 0002:000377e0       ??_Etype_info@@UAEPAXI@Z   100be7e0 f i libcmtd:typinfo.obj
 0002:00037820       ??8type_info@@QBEHABV0@@Z  100be820 f   libcmtd:typinfo.obj
 0002:00037860       ??9type_info@@QBEHABV0@@Z  100be860 f   libcmtd:typinfo.obj
 0002:000378a0       ?before@type_info@@QBEHABV1@@Z 100be8a0 f   libcmtd:typinfo.obj
 0002:000378e0       ?raw_name@type_info@@QBEPBDXZ 100be8e0 f   libcmtd:typinfo.obj
 0002:00037900       ??0type_info@@AAE@ABV0@@Z  100be900 f   libcmtd:typinfo.obj
 0002:00037920       ??4type_info@@AAEAAV0@ABV0@@Z 100be920 f   libcmtd:typinfo.obj
 0002:00037940       _memset                    100be940 f   libcmtd:memset.obj
 0002:000379c0       __CxxThrowException@8      100be9c0 f   libcmtd:throw.obj
 0002:00037a20       _sprintf                   100bea20 f   libcmtd:sprintf.obj
 0002:00037b50       __scprintf                 100beb50 f   libcmtd:sprintf.obj
 0002:00037bf0       __purecall                 100bebf0 f   libcmtd:purevirt.obj
 0002:00037c20       __set_purecall_handler     100bec20 f   libcmtd:purevirt.obj
 0002:00037c50       _memcmp                    100bec50 f   libcmtd:memcmp.obj
 0002:00037d40       _abs                       100bed40 f   libcmtd:abs.obj
 0002:00037d70       __abs64                    100bed70 f   libcmtd:abs.obj
 0002:00037dc0       __mbschr                   100bedc0 f   libcmtd:mbschr.obj
 0002:00037ec0       _wcslen                    100beec0 f   libcmtd:wcslen.obj
 0002:00037f00       _swprintf                  100bef00 f   libcmtd:swprintf.obj
 0002:00038080       __scwprintf                100bf080 f   libcmtd:swprintf.obj
 0002:00038120       __beginthreadex            100bf120 f   libcmtd:threadex.obj
 0002:00038380       __endthreadex              100bf380 f   libcmtd:threadex.obj
 0002:000383e0       _sscanf                    100bf3e0 f   libcmtd:sscanf.obj
 0002:000384b0       __snprintf                 100bf4b0 f   libcmtd:snprintf.obj
 0002:000385e0       __strdup                   100bf5e0 f   libcmtd:strdup.obj
 0002:00038640       __cinit                    100bf640 f   libcmtd:crt0dat.obj
 0002:000386c0       _exit                      100bf6c0 f   libcmtd:crt0dat.obj
 0002:000386e0       __exit                     100bf6e0 f   libcmtd:crt0dat.obj
 0002:00038700       __cexit                    100bf700 f   libcmtd:crt0dat.obj
 0002:00038720       __c_exit                   100bf720 f   libcmtd:crt0dat.obj
 0002:000388c0       ___crtExitProcess          100bf8c0 f   libcmtd:crt0dat.obj
 0002:00038920       __lockexit                 100bf920 f   libcmtd:crt0dat.obj
 0002:00038940       __unlockexit               100bf940 f   libcmtd:crt0dat.obj
 0002:000389e0       ??_M@YGXPAXIHP6EX0@Z@Z     100bf9e0 f   libcmtd:ehvecdtr.obj
 0002:00038ab0       ?__ArrayUnwind@@YGXPAXIHP6EX0@Z@Z 100bfab0 f   libcmtd:ehvecdtr.obj
 0002:00038b90       __dosmaperr                100bfb90 f   libcmtd:dosmap.obj
 0002:00038c50       __errno                    100bfc50 f   libcmtd:dosmap.obj
 0002:00038c60       ___doserrno                100bfc60 f   libcmtd:dosmap.obj
 0002:00038c70       __mbsrchr                  100bfc70 f   libcmtd:mbsrchr.obj
 0002:00038d70       __mbsinc                   100bfd70 f   libcmtd:mbsinc.obj
 0002:00038dc0       _labs                      100bfdc0 f   libcmtd:labs.obj
 0002:00038df0       __allshl                   100bfdf0 f   libcmtd:llshl.obj
 0002:00038e20       __allmul                   100bfe20 f   libcmtd:llmul.obj
 0002:00038e70       __aullshr                  100bfe70 f   libcmtd:ullshr.obj
 0002:00038ea0       __alldiv                   100bfea0 f   libcmtd:lldiv.obj
 0002:00038f80       ___updatetmbcinfo          100bff80 f   libcmtd:mbctype.obj
 0002:00039080       __setmbcp                  100c0080 f   libcmtd:mbctype.obj
 0002:00039c10       __getmbcp                  100c0c10 f   libcmtd:mbctype.obj
 0002:00039c30       ___initmbctable            100c0c30 f   libcmtd:mbctype.obj
 0002:00039c60       ??_L@YGXPAXIHP6EX0@Z1@Z    100c0c60 f   libcmtd:ehvecctr.obj
 0002:00039d30       __mbsdec                   100c0d30 f   libcmtd:mbsdec.obj
 0002:00039de0       __mbsspn                   100c0de0 f   libcmtd:mbsspn.obj
 0002:00039e30       ___mbsspn_mt               100c0e30 f   libcmtd:mbsspn.obj
 0002:00039f80       __mbscspn                  100c0f80 f   libcmtd:mbscspn.obj
 0002:00039fd0       ___mbscspn_mt              100c0fd0 f   libcmtd:mbscspn.obj
 0002:0003a120       __vsnprintf                100c1120 f   libcmtd:vsnprint.obj
 0002:0003a220       __gcvt                     100c1220 f   libcmtd:gcvt.obj
 0002:0003a3c0       __mbspbrk                  100c13c0 f   libcmtd:mbspbrk.obj
 0002:0003a410       ___mbspbrk_mt              100c1410 f   libcmtd:mbspbrk.obj
 0002:0003a560       __ctime64                  100c1560 f   libcmtd:ctime64.obj
 0002:0003a5a0       __ismbcspace               100c15a0 f   libcmtd:ismbspc.obj
 0002:0003a6a0       ___InternalCxxFrameHandler 100c16a0 f   libcmtd:frame.obj
 0002:0003ad70       ___FrameUnwindToState      100c1d70 f   libcmtd:frame.obj
 0002:0003b6b0       ___DestructExceptionObject 100c26b0 f   libcmtd:frame.obj
 0002:0003b7c0       ?__uncaught_exception@@YA_NXZ 100c27c0 f   libcmtd:frame.obj
 0002:0003b7e0       ___CxxExceptionFilter      100c27e0 f   libcmtd:frame.obj
 0002:0003ba00       ___CxxRegisterExceptionObject 100c2a00 f   libcmtd:frame.obj
 0002:0003bb60       ___CxxDetectRethrow        100c2b60 f   libcmtd:frame.obj
 0002:0003bbd0       ___CxxUnregisterExceptionObject 100c2bd0 f   libcmtd:frame.obj
 0002:0003bcd0       ___CxxQueryExceptionSize   100c2cd0 f   libcmtd:frame.obj
 0002:0003bce0       ___CxxCallUnwindDtor       100c2ce0 f   libcmtd:frame.obj
 0002:0003bd60       ___CxxCallUnwindVecDtor    100c2d60 f   libcmtd:frame.obj
 0002:0003bdf0       __CallSettingFrame@12      100c2df0 f   libcmtd:lowhelpr.obj
 0002:0003be17       __NLG_Return               100c2e17     libcmtd:lowhelpr.obj
 0002:0003be50       ___crtTlsAlloc@4           100c2e50 f   libcmtd:tidtable.obj
 0002:0003be60       __mtinit                   100c2e60 f   libcmtd:tidtable.obj
 0002:0003c000       __mtterm                   100c3000 f   libcmtd:tidtable.obj
 0002:0003c040       __initptd                  100c3040 f   libcmtd:tidtable.obj
 0002:0003c060       __getptd                   100c3060 f   libcmtd:tidtable.obj
 0002:0003c130       __freefls@4                100c3130 f   libcmtd:tidtable.obj
 0002:0003c440       __freeptd                  100c3440 f   libcmtd:tidtable.obj
 0002:0003c490       ___threadid                100c3490 f   libcmtd:tidtable.obj
 0002:0003c4a0       ___threadhandle            100c34a0 f   libcmtd:tidtable.obj
 0002:0003c4b0       ?terminate@@YAXXZ          100c34b0 f   libcmtd:hooks.obj
 0002:0003c540       ?unexpected@@YAXXZ         100c3540 f   libcmtd:hooks.obj
 0002:0003c570       ?_inconsistency@@YAXXZ     100c3570 f   libcmtd:hooks.obj
 0002:0003c600       ?_RTC_Failure@@YAXPAXH@Z   100c3600 f   libcmtd:error.obj
 0002:0003c8f0       ?_RTC_MemFailure@@YAXPAXHPBX@Z 100c38f0 f   libcmtd:error.obj
 0002:0003cbd0       ?_RTC_StackFailure@@YAXPAXPBD@Z 100c3bd0 f   libcmtd:error.obj
 0002:0003ccc0       __RTC_UninitUse            100c3cc0 f   libcmtd:error.obj
 0002:0003cef0       __RTC_NumErrors            100c3ef0 f   libcmtd:userapi.obj
 0002:0003cf00       __RTC_GetErrDesc           100c3f00 f   libcmtd:userapi.obj
 0002:0003cf30       __RTC_SetErrorType         100c3f30 f   libcmtd:userapi.obj
 0002:0003cf60       __RTC_SetErrorFunc         100c3f60 f   libcmtd:userapi.obj
 0002:0003cf80       ?_RTC_GetErrorFunc@@YAP6AHHPBDH00ZZPBX@Z 100c3f80 f   libcmtd:userapi.obj
 0002:0003cf90       __chkesp                   100c3f90 f   libcmtd:chkesp.obj
 0002:0003cfe0       __CRT_RTC_INIT             100c3fe0 f   libcmtd:chkesp.obj
 0002:0003cff0       __mtinitlocks              100c3ff0 f   libcmtd:mlock.obj
 0002:0003d0a0       __mtdeletelocks            100c40a0 f   libcmtd:mlock.obj
 0002:0003d190       __mtinitlocknum            100c4190 f   libcmtd:mlock.obj
 0002:0003d300       __lock                     100c4300 f   libcmtd:mlock.obj
 0002:0003d350       __unlock                   100c4350 f   libcmtd:mlock.obj
 0002:0003d370       __lockerr_exit             100c4370 f   libcmtd:mlock.obj
 0002:0003d3a0       __itoa                     100c43a0 f   libcmtd:xtoa.obj
 0002:0003d500       __ltoa                     100c4500 f   libcmtd:xtoa.obj
 0002:0003d550       __ultoa                    100c4550 f   libcmtd:xtoa.obj
 0002:0003d580       __i64toa                   100c4580 f   libcmtd:xtoa.obj
 0002:0003d710       __ui64toa                  100c4710 f   libcmtd:xtoa.obj
 0002:0003d740       _strcpy                    100c4740 f   libcmtd:strcat.obj
 0002:0003d750       _strcat                    100c4750 f   libcmtd:strcat.obj
 0002:0003d880       _signal                    100c4880 f   libcmtd:winsig.obj
 0002:0003dc80       _raise                     100c4c80 f   libcmtd:winsig.obj
 0002:0003dfe0       ___fpecode                 100c4fe0 f   libcmtd:winsig.obj
 0002:0003dff0       ___pxcptinfoptrs           100c4ff0 f   libcmtd:winsig.obj
 0002:0003e000       ___crtMessageBoxA          100c5000 f   libcmtd:crtmbox.obj
 0002:0003e1d0       _strncpy                   100c51d0 f   libcmtd:strncpy.obj
 0002:0003e340       _strcmp                    100c5340 f   libcmtd:strcmp.obj
 0002:0003e3f0       __setdefaultprecision      100c53f0 f   libcmtd:fp8.obj
 0002:0003e410       __ms_p5_test_fdiv          100c5410 f   libcmtd:testfdiv.obj
 0002:0003e480       __ms_p5_mp_test_fdiv       100c5480 f   libcmtd:testfdiv.obj
 0002:0003e4e0       __forcdecpt                100c54e0 f   libcmtd:cvt.obj
 0002:0003e580       __cropzeros                100c5580 f   libcmtd:cvt.obj
 0002:0003e690       __positive                 100c5690 f   libcmtd:cvt.obj
 0002:0003e6d0       __fassign                  100c56d0 f   libcmtd:cvt.obj
 0002:0003e730       __cftoe                    100c5730 f   libcmtd:cvt.obj
 0002:0003e9b0       __cftof                    100c59b0 f   libcmtd:cvt.obj
 0002:0003ebe0       __cftog                    100c5be0 f   libcmtd:cvt.obj
 0002:0003ed20       __cfltcvt                  100c5d20 f   libcmtd:cvt.obj
 0002:0003ede0       __flsbuf                   100c5de0 f   libcmtd:_flsbuf.obj
 0002:0003f0d0       __output                   100c60d0 f   libcmtd:output.obj
 0002:00040440       __chvalidator              100c7440 f   libcmtd:isctype.obj
 0002:00040490       __chvalidator_mt           100c7490 f   libcmtd:isctype.obj
 0002:000404e0       __isctype                  100c74e0 f   libcmtd:isctype.obj
 0002:00040530       ___isctype_mt              100c7530 f   libcmtd:isctype.obj
[...]
 0005:00001cac       __imp__ShowCaret@4         1022bcac     user32:USER32.dll
 0005:00001cb0       __imp__HideCaret@4         1022bcb0     user32:USER32.dll
 0005:00001cb4       __imp__SetCaretPos@8       1022bcb4     user32:USER32.dll
 0005:00001cb8       __imp__GetCaretPos@4       1022bcb8     user32:USER32.dll
 0005:00001cbc       __imp__CreateCaret@16      1022bcbc     user32:USER32.dll
 0005:00001cc0       __imp__GetClipboardViewer@0 1022bcc0     user32:USER32.dll
 0005:00001cc4       __imp__GetClipboardOwner@0 1022bcc4     user32:USER32.dll
 0005:00001cc8       __imp__GetOpenClipboardWindow@0 1022bcc8     user32:USER32.dll
 0005:00001ccc       __imp__OpenClipboard@4     1022bccc     user32:USER32.dll
 0005:00001cd0       __imp__SetClipboardViewer@4 1022bcd0     user32:USER32.dll
 0005:00001cd4       __imp__ChangeClipboardChain@8 1022bcd4     user32:USER32.dll
 0005:00001cd8       __imp__FlashWindow@8       1022bcd8     user32:USER32.dll
 0005:00001cdc       __imp__WindowFromPoint@8   1022bcdc     user32:USER32.dll
 0005:00001ce0       __imp__SetParent@8         1022bce0     user32:USER32.dll
 0005:00001ce4       __imp__GetLastActivePopup@4 1022bce4     user32:USER32.dll
 0005:00001ce8       __imp__FindWindowExA@16    1022bce8     user32:USER32.dll
 0005:00001cec       __imp__ChildWindowFromPointEx@16 1022bcec     user32:USER32.dll
 0005:00001cf0       __imp__ChildWindowFromPoint@12 1022bcf0     user32:USER32.dll
 0005:00001cf4       __imp__ShowScrollBar@12    1022bcf4     user32:USER32.dll
 0005:00001cf8       __imp__GetNextDlgTabItem@12 1022bcf8     user32:USER32.dll
 0005:00001cfc       __imp__GetNextDlgGroupItem@12 1022bcfc     user32:USER32.dll
 0005:00001d00       __imp__DlgDirSelectComboBoxExA@16 1022bd00     user32:USER32.dll
 0005:00001d04       __imp__DlgDirSelectExA@16  1022bd04     user32:USER32.dll
 0005:00001d08       __imp__SetRectEmpty@4      1022bd08     user32:USER32.dll
 0005:00001d0c       __imp__DlgDirListA@20      1022bd0c     user32:USER32.dll
 0005:00001d10       __imp__GetDesktopWindow@0  1022bd10     user32:USER32.dll
 0005:00001d14       __imp__SetCapture@4        1022bd14     user32:USER32.dll
 0005:00001d18       __imp__GetActiveWindow@0   1022bd18     user32:USER32.dll
 0005:00001d1c       __imp__KillTimer@8         1022bd1c     user32:USER32.dll
 0005:00001d20       __imp__SetTimer@16         1022bd20     user32:USER32.dll
 0005:00001d24       __imp__DrawCaption@16      1022bd24     user32:USER32.dll
 0005:00001d28       __imp__DrawAnimatedRects@16 1022bd28     user32:USER32.dll
 0005:00001d2c       __imp__EnableScrollBar@12  1022bd2c     user32:USER32.dll
 0005:00001d30       __imp__RedrawWindow@16     1022bd30     user32:USER32.dll
 0005:00001d34       __imp__LockWindowUpdate@4  1022bd34     user32:USER32.dll
 0005:00001d38       __imp__GetDCEx@12          1022bd38     user32:USER32.dll
 0005:00001d3c       __imp__ShowOwnedPopups@8   1022bd3c     user32:USER32.dll
 0005:00001d40       __imp__IsWindowVisible@4   1022bd40     user32:USER32.dll
 0005:00001d44       __imp__ValidateRgn@8       1022bd44     user32:USER32.dll
 0005:00001d48       __imp__ValidateRect@8      1022bd48     user32:USER32.dll
 0005:00001d4c       __imp__InvalidateRgn@12    1022bd4c     user32:USER32.dll
 0005:00001d50       __imp__InvalidateRect@12   1022bd50     user32:USER32.dll
 0005:00001d54       __imp__GetUpdateRgn@12     1022bd54     user32:USER32.dll
 0005:00001d58       __imp__GetUpdateRect@12    1022bd58     user32:USER32.dll
 0005:00001d5c       __imp__UpdateWindow@4      1022bd5c     user32:USER32.dll
 0005:00001d60       __imp__ReleaseDC@8         1022bd60     user32:USER32.dll
 0005:00001d64       __imp__GetWindowDC@4       1022bd64     user32:USER32.dll
 0005:00001d68       __imp__GetSysColor@4       1022bd68     user32:USER32.dll
 0005:00001d6c       __imp__SendMessageA@16     1022bd6c     user32:USER32.dll
 0005:00001d70       __imp__GetSystemMetrics@4  1022bd70     user32:USER32.dll
 0005:00001d74       __imp__FindWindowA@8       1022bd74     user32:USER32.dll
 0005:00001d78       __imp__CharLowerW@4        1022bd78     user32:USER32.dll
 0005:00001d7c       __imp__CharLowerA@4        1022bd7c     user32:USER32.dll
 0005:00001d80       __imp__CharUpperW@4        1022bd80     user32:USER32.dll
 0005:00001d84       __imp__MsgWaitForMultipleObjects@20 1022bd84     user32:USER32.dll
 0005:00001d88       __imp__IsWindowUnicode@4   1022bd88     user32:USER32.dll
 0005:00001d8c       __imp__GetMessageW@16      1022bd8c     user32:USER32.dll
 0005:00001d90       __imp__DispatchMessageW@4  1022bd90     user32:USER32.dll
 0005:00001d94       __imp__SubtractRect@12     1022bd94     user32:USER32.dll
 0005:00001d98       __imp__UnionRect@12        1022bd98     user32:USER32.dll
 0005:00001d9c       __imp__InflateRect@12      1022bd9c     user32:USER32.dll
 0005:00001da0       __imp__SetRect@20          1022bda0     user32:USER32.dll
 0005:00001da4       __imp__GetDC@4             1022bda4     user32:USER32.dll
 0005:00001da8       __imp__EndPaint@8          1022bda8     user32:USER32.dll
 0005:00001dac       __imp__BeginPaint@8        1022bdac     user32:USER32.dll
 0005:00001db0       __imp__ClientToScreen@8    1022bdb0     user32:USER32.dll
 0005:00001db4       __imp__BringWindowToTop@4  1022bdb4     user32:USER32.dll
 0005:00001db8       __imp__GetWindowRgn@8      1022bdb8     user32:USER32.dll
 0005:00001dbc       __imp__SetWindowRgn@12     1022bdbc     user32:USER32.dll
 0005:00001dc0       __imp__ArrangeIconicWindows@4 1022bdc0     user32:USER32.dll
 0005:00001dc4       __imp__IsZoomed@4          1022bdc4     user32:USER32.dll
 0005:00001dc8       __imp__HiliteMenuItem@16   1022bdc8     user32:USER32.dll
 0005:00001dcc       __imp__GetSystemMenu@8     1022bdcc     user32:USER32.dll
 0005:00001dd0       __imp__DrawMenuBar@4       1022bdd0     user32:USER32.dll
 0005:00001dd4       __imp__SetMenu@8           1022bdd4     user32:USER32.dll
 0005:00001dd8       __imp__GetMenu@4           1022bdd8     user32:USER32.dll
 0005:00001ddc       __imp__DragDetect@12       1022bddc     user32:USER32.dll
 0005:00001de0       __imp__ReleaseCapture@0    1022bde0     user32:USER32.dll
 0005:00001de4       __imp__GetDialogBaseUnits@0 1022bde4     user32:USER32.dll
 0005:00001de8       __imp__LoadAcceleratorsA@8 1022bde8     user32:USER32.dll
 0005:00001dec       __imp__TranslateAcceleratorA@12 1022bdec     user32:USER32.dll
 0005:00001df0       __imp__ReuseDDElParam@20   1022bdf0     user32:USER32.dll
 0005:00001df4       __imp__DestroyIcon@4       1022bdf4     user32:USER32.dll
 0005:00001df8       __imp__PostMessageA@16     1022bdf8     user32:USER32.dll
 0005:00001dfc       __imp__EnableWindow@8      1022bdfc     user32:USER32.dll
 0005:00001e00       __imp__IsWindowEnabled@4   1022be00     user32:USER32.dll
 0005:00001e04       __imp__ShowWindow@8        1022be04     user32:USER32.dll
 0005:00001e08       __imp__MoveWindow@24       1022be08     user32:USER32.dll
 0005:00001e0c       __imp__SetWindowTextA@8    1022be0c     user32:USER32.dll
 0005:00001e10       __imp__IsDialogMessageA@8  1022be10     user32:USER32.dll
 0005:00001e14       __imp__ScrollWindowEx@32   1022be14     user32:USER32.dll
 0005:00001e18       __imp__IsDlgButtonChecked@8 1022be18     user32:USER32.dll
 0005:00001e1c       __imp__SetDlgItemTextA@12  1022be1c     user32:USER32.dll
 0005:00001e20       __imp__SetDlgItemInt@16    1022be20     user32:USER32.dll
 0005:00001e24       __imp__GetDlgItemTextA@16  1022be24     user32:USER32.dll
 0005:00001e28       __imp__GetDlgItemInt@16    1022be28     user32:USER32.dll
 0005:00001e2c       __imp__CheckRadioButton@16 1022be2c     user32:USER32.dll
 0005:00001e30       __imp__CheckDlgButton@12   1022be30     user32:USER32.dll
 0005:00001e34       __imp__RegisterWindowMessageA@4 1022be34     user32:USER32.dll
 0005:00001e38       __imp__LoadIconA@8         1022be38     user32:USER32.dll
 0005:00001e3c       __imp__SendDlgItemMessageA@20 1022be3c     user32:USER32.dll
 0005:00001e40       __imp__GetClientRect@8     1022be40     user32:USER32.dll
 0005:00001e44       __imp__MapWindowPoints@16  1022be44     user32:USER32.dll
 0005:00001e48       __imp__PeekMessageA@20     1022be48     user32:USER32.dll
 0005:00001e4c       __imp__DispatchMessageA@4  1022be4c     user32:USER32.dll
 0005:00001e50       __imp__GetFocus@0          1022be50     user32:USER32.dll
 0005:00001e54       __imp__SetActiveWindow@4   1022be54     user32:USER32.dll
 0005:00001e58       __imp__SetFocus@4          1022be58     user32:USER32.dll
 0005:00001e5c       __imp__AdjustWindowRectEx@16 1022be5c     user32:USER32.dll
 0005:00001e60       __imp__ScreenToClient@8    1022be60     user32:USER32.dll
 0005:00001e64       __imp__EqualRect@8         1022be64     user32:USER32.dll
 0005:00001e68       __imp__DeferWindowPos@32   1022be68     user32:USER32.dll
 0005:00001e6c       __imp__BeginDeferWindowPos@4 1022be6c     user32:USER32.dll
 0005:00001e70       __imp__CopyRect@8          1022be70     user32:USER32.dll
 0005:00001e74       __imp__EndDeferWindowPos@4 1022be74     user32:USER32.dll
 0005:00001e78       __imp__ScrollWindow@20     1022be78     user32:USER32.dll
 0005:00001e7c       __imp__GetScrollInfo@12    1022be7c     user32:USER32.dll
 0005:00001e80       __imp__SetScrollInfo@16    1022be80     user32:USER32.dll
 0005:00001e84       __imp__GetScrollRange@16   1022be84     user32:USER32.dll
 0005:00001e88       __imp__SetScrollRange@20   1022be88     user32:USER32.dll
 0005:00001e8c       __imp__GetKeyNameTextA@12  1022be8c     user32:USER32.dll
 0005:00001e90       __imp__MapVirtualKeyA@8    1022be90     user32:USER32.dll
 0005:00001e94       __imp__IsClipboardFormatAvailable@4 1022be94     user32:USER32.dll
 0005:00001e98       __imp__MessageBeep@4       1022be98     user32:USER32.dll
 0005:00001e9c       __imp__DlgDirListComboBoxA@20 1022be9c     user32:USER32.dll
 0005:00001ea0       __imp__PtInRect@12         1022bea0     user32:USER32.dll
 0005:00001ea4       __imp__IsRectEmpty@4       1022bea4     user32:USER32.dll
 0005:00001ea8       __imp__CharUpperA@4        1022bea8     user32:USER32.dll
 0005:00001eac       __imp__LoadImageA@24       1022beac     user32:USER32.dll
 0005:00001eb0       __imp__CopyImage@20        1022beb0     user32:USER32.dll
 0005:00001eb4       __imp__GetWindowRect@8     1022beb4     user32:USER32.dll
 0005:00001eb8       __imp__GetWindowPlacement@8 1022beb8     user32:USER32.dll
 0005:00001ebc       __imp__IsIconic@4          1022bebc     user32:USER32.dll
 0005:00001ec0       __imp__SystemParametersInfoA@16 1022bec0     user32:USER32.dll
 0005:00001ec4       __imp__IntersectRect@12    1022bec4     user32:USER32.dll
 0005:00001ec8       __imp__OffsetRect@12       1022bec8     user32:USER32.dll
 0005:00001ecc       __imp__SetWindowPos@28     1022becc     user32:USER32.dll
 0005:00001ed0       __imp__SetWindowLongA@12   1022bed0     user32:USER32.dll
 0005:00001ed4       __imp__GetWindowLongA@8    1022bed4     user32:USER32.dll
 0005:00001ed8       __imp__GetMessagePos@0     1022bed8     user32:USER32.dll
 0005:00001edc       __imp__GetMessageTime@0    1022bedc     user32:USER32.dll
 0005:00001ee0       __imp__DefWindowProcA@16   1022bee0     user32:USER32.dll
 0005:00001ee4       __imp__RemovePropA@8       1022bee4     user32:USER32.dll
 0005:00001ee8       __imp__CallWindowProcA@20  1022bee8     user32:USER32.dll
 0005:00001eec       __imp__GetPropA@8          1022beec     user32:USER32.dll
 0005:00001ef0       __imp__UnhookWindowsHookEx@4 1022bef0     user32:USER32.dll
 0005:00001ef4       __imp__SetPropA@12         1022bef4     user32:USER32.dll
 0005:00001ef8       __imp__GetScrollPos@8      1022bef8     user32:USER32.dll
 0005:00001efc       __imp__SetScrollPos@16     1022befc     user32:USER32.dll
 0005:00001f00       __imp__GetTopWindow@4      1022bf00     user32:USER32.dll
 0005:00001f04       __imp__MessageBoxA@16      1022bf04     user32:USER32.dll
 0005:00001f08       __imp__IsChild@8           1022bf08     user32:USER32.dll
 0005:00001f0c       __imp__GetParent@4         1022bf0c     user32:USER32.dll
 0005:00001f10       __imp__GetWindow@8         1022bf10     user32:USER32.dll
 0005:00001f14       __imp__GetCapture@0        1022bf14     user32:USER32.dll
 0005:00001f18       __imp__WinHelpA@16         1022bf18     user32:USER32.dll
 0005:00001f1c       __imp__GetClassInfoA@12    1022bf1c     user32:USER32.dll
 0005:00001f20       __imp__RegisterClassA@4    1022bf20     user32:USER32.dll
 0005:00001f24       __imp__UnregisterClassA@8  1022bf24     user32:USER32.dll
 0005:00001f28       __imp__TrackPopupMenuEx@24 1022bf28     user32:USER32.dll
 0005:00001f2c       __imp__TrackPopupMenu@28   1022bf2c     user32:USER32.dll
 0005:00001f30       __imp__SetWindowPlacement@8 1022bf30     user32:USER32.dll
 0005:00001f34       __imp__GetDlgItem@8        1022bf34     user32:USER32.dll
 0005:00001f38       __imp__GetWindowTextLengthA@4 1022bf38     user32:USER32.dll
 0005:00001f3c       __imp__GetWindowTextA@12   1022bf3c     user32:USER32.dll
 0005:00001f40       __imp__GetKeyState@4       1022bf40     user32:USER32.dll
 0005:00001f44       __imp__DestroyWindow@4     1022bf44     user32:USER32.dll
 0005:00001f48       __imp__GetDlgCtrlID@4      1022bf48     user32:USER32.dll
 0005:00001f4c       __imp__IsWindow@4          1022bf4c     user32:USER32.dll
 0005:00001f50       __imp__CreateWindowExA@48  1022bf50     user32:USER32.dll
 0005:00001f54       __imp__SetWindowsHookExA@16 1022bf54     user32:USER32.dll
 0005:00001f58       __imp__CallNextHookEx@16   1022bf58     user32:USER32.dll
 0005:00001f5c       __imp__GetClassLongA@8     1022bf5c     user32:USER32.dll
 0005:00001f60       __imp__GetClassInfoExA@12  1022bf60     user32:USER32.dll
 0005:00001f64       __imp__GetClassNameA@12    1022bf64     user32:USER32.dll
 0005:00001f68       __imp__SetCursor@4         1022bf68     user32:USER32.dll
 0005:00001f6c       \177USER32_NULL_THUNK_DATA 1022bf6c     user32:USER32.dll
 0005:00002058       __imp__GetFileVersionInfoA@16 1022c058     version:VERSION.dll
 0005:0000205c       __imp__GetFileVersionInfoSizeA@8 1022c05c     version:VERSION.dll
 0005:00002060       __imp__VerQueryValueA@16   1022c060     version:VERSION.dll
 0005:00002064       \177VERSION_NULL_THUNK_DATA 1022c064     version:VERSION.dll
 0005:00002090       __imp__OpenPrinterA@12     1022c090     winspool:WINSPOOL.DRV
 0005:00002094       __imp__GetJobA@24          1022c094     winspool:WINSPOOL.DRV
 0005:00002098       __imp__ClosePrinter@4      1022c098     winspool:WINSPOOL.DRV
 0005:0000209c       __imp__DocumentPropertiesA@24 1022c09c     winspool:WINSPOOL.DRV
 0005:000020a0       \177WINSPOOL_NULL_THUNK_DATA 1022c0a0     winspool:WINSPOOL.DRV
 0005:000020cc       __imp__CommDlgExtendedError@0 1022c0cc     comdlg32:comdlg32.dll
 0005:000020d0       __imp__PrintDlgA@4         1022c0d0     comdlg32:comdlg32.dll
 0005:000020d4       __imp__PageSetupDlgA@4     1022c0d4     comdlg32:comdlg32.dll
 0005:000020d8       __imp__FindTextA@4         1022c0d8     comdlg32:comdlg32.dll
 0005:000020dc       __imp__ReplaceTextA@4      1022c0dc     comdlg32:comdlg32.dll
 0005:000020e0       __imp__ChooseColorA@4      1022c0e0     comdlg32:comdlg32.dll
 0005:000020e4       __imp__GetFileTitleA@12    1022c0e4     comdlg32:comdlg32.dll
 0005:000020e8       __imp__GetOpenFileNameA@4  1022c0e8     comdlg32:comdlg32.dll
 0005:000020ec       __imp__GetSaveFileNameA@4  1022c0ec     comdlg32:comdlg32.dll
 0005:000020f0       \177comdlg32_NULL_THUNK_DATA 1022c0f0     comdlg32:comdlg32.dll
 0005:00002120       __imp__WriteFmtUserTypeStg@12 1022c120     ole32:ole32.dll
 0005:00002124       __imp__SetConvertStg@8     1022c124     ole32:ole32.dll
 0005:00002128       __imp__WriteClassStg@8     1022c128     ole32:ole32.dll
 0005:0000212c       __imp__CreateBindCtx@8     1022c12c     ole32:ole32.dll
 0005:00002130       __imp__CoTaskMemAlloc@4    1022c130     ole32:ole32.dll
 0005:00002134       __imp__OleDuplicateData@12 1022c134     ole32:ole32.dll
 0005:00002138       __imp__OleRegGetUserType@12 1022c138     ole32:ole32.dll
 0005:0000213c       __imp__ReadFmtUserTypeStg@12 1022c13c     ole32:ole32.dll
 0005:00002140       __imp__ReadClassStg@8      1022c140     ole32:ole32.dll
 0005:00002144       __imp__StringFromCLSID@8   1022c144     ole32:ole32.dll
 0005:00002148       __imp__CoTreatAsClass@8    1022c148     ole32:ole32.dll
 0005:0000214c       __imp__ReleaseStgMedium@4  1022c14c     ole32:ole32.dll
 0005:00002150       __imp__CoRegisterClassObject@20 1022c150     ole32:ole32.dll
 0005:00002154       __imp__CoRevokeClassObject@4 1022c154     ole32:ole32.dll
 0005:00002158       __imp__CoDisconnectObject@8 1022c158     ole32:ole32.dll
 0005:0000215c       __imp__CoCreateInstance@20 1022c15c     ole32:ole32.dll
 0005:00002160       __imp__StringFromGUID2@12  1022c160     ole32:ole32.dll
 0005:00002164       __imp__CoReleaseMarshalData@4 1022c164     ole32:ole32.dll
 0005:00002168       __imp__CoMarshalInterface@24 1022c168     ole32:ole32.dll
 0005:0000216c       __imp__CreateStreamOnHGlobal@12 1022c16c     ole32:ole32.dll
 0005:00002170       __imp__CoUnmarshalInterface@12 1022c170     ole32:ole32.dll
 0005:00002174       __imp__CLSIDFromString@8   1022c174     ole32:ole32.dll
 0005:00002178       __imp__CLSIDFromProgID@8   1022c178     ole32:ole32.dll
 0005:0000217c       __imp__OleRun@4            1022c17c     ole32:ole32.dll
 0005:00002180       __imp__CoTaskMemFree@4     1022c180     ole32:ole32.dll
 0005:00002184       \177ole32_NULL_THUNK_DATA  1022c184     ole32:ole32.dll
 0006:00000000       __DELAY_IMPORT_DESCRIPTOR_OLEACC 10230000     oleacc:OLEACC.dll
 0006:00000020       __NULL_DELAY_IMPORT_DESCRIPTOR 10230020     oleacc:OLEACC.dll
 0006:0000004c       \177OLEACC_NULL_THUNK_DATA_DLN 1023004c     oleacc:OLEACC.dll
 0006:00000078       __imp__LresultFromObject@12 10230078     oleacc:OLEACC.dll
 0006:0000007c       __imp__AccessibleObjectFromWindow@16 1023007c     oleacc:OLEACC.dll
 0006:00000080       __imp__CreateStdAccessibleObject@16 10230080     oleacc:OLEACC.dll
 0006:00000084       \177OLEACC_NULL_THUNK_DATA_DLA 10230084     oleacc:OLEACC.dll
 0006:0000020c       \177OLEACC_NULL_THUNK_DATA_DLB 1023020c     oleacc:OLEACC.dll

 entry point at        0002:00001333


 Exports

  ordinal    name

        1    ?CloseMiniX@@YGXXZ (void __stdcall CloseMiniX(void))
               exported name: CloseMiniX
        2    ?OpenMiniX@@YGXXZ (void __stdcall OpenMiniX(void))
               exported name: OpenMiniX
        3    ?ReadMiniXMonitor@@YGXPAU_MiniX_Monitor@@@Z (void __stdcall ReadMiniXMonitor(struct _MiniX_Monitor *))
               exported name: ReadMiniXMonitor
        4    ?ReadMiniXSerialNumber@@YGJXZ (long __stdcall ReadMiniXSerialNumber(void))
               exported name: ReadMiniXSerialNumber
        5    ?ReadMiniXSettings@@YGXPAU_MiniX_Settings@@@Z (void __stdcall ReadMiniXSettings(struct _MiniX_Settings *))
               exported name: ReadMiniXSettings
        6    ?ReadMinixOemMxDeviceType@@YGJXZ (long __stdcall ReadMinixOemMxDeviceType(void))
               exported name: ReadMinixOemMxDeviceType
        7    ?SendMiniXCommand@@YGXE@Z (void __stdcall SendMiniXCommand(unsigned char))
               exported name: SendMiniXCommand
        8    ?SetMiniXCurrent@@YGXN@Z (void __stdcall SetMiniXCurrent(double))
               exported name: SetMiniXCurrent
        9    ?SetMiniXHV@@YGXN@Z (void __stdcall SetMiniXHV(double))
               exported name: SetMiniXHV
       10    ?isMiniXDlg@@YGEXZ (unsigned char __stdcall isMiniXDlg(void))
               exported name: isMiniXDlg
       11    _DllCanUnloadNow@0
               exported name: DllCanUnloadNow
       12    _DllGetClassObject@12
               exported name: DllGetClassObject
       13    _DllRegisterServer@0
               exported name: DllRegisterServer
