 MiniX

 Timestamp is 492c5f04 (Tue Nov 25 15:24:36 2008)

 Preferred load address is 10000000

 Start         Length     Name                   Class
 0001:00000000 00084501H .textbss                DATA
 0002:00000000 00069b1eH .text                   CODE
 0002:00069b20 0000622cH .text$AFX_AUX           CODE
 0002:0006fd50 000150a1H .text$AFX_CMNCTL        CODE
 0002:00084e00 0000a04dH .text$AFX_COL1          CODE
 0002:0008ee50 00006e57H .text$AFX_COL2          CODE
 0002:00095cb0 0001d770H .text$AFX_CORE1         CODE
 0002:000b3420 0000f869H .text$AFX_CORE2         CODE
 0002:000c2c90 00012221H .text$AFX_CORE3         CODE
 0002:000d4ec0 00016e50H .text$AFX_CORE4         CODE
 0002:000ebd10 00007d8eH .text$AFX_DBG1          CODE
 0002:000f3aa0 0000fe3fH .text$AFX_DBG2          CODE
 0002:001038e0 00001264H .text$AFX_INET          CODE
 0002:00104b50 0000ef81H .text$AFX_INIT          CODE
 0002:00113ae0 00005139H .text$AFX_OLE1          CODE
 0002:00118c20 000021adH .text$AFX_OLE3          CODE
 0002:0011add0 00002295H .text$AFX_OLE4          CODE
 0002:0011d070 00005be9H .text$AFX_OLE5          CODE
 0002:00122c60 00002eecH .text$AFX_PRNT          CODE
 0002:00125b50 0000151cH .text$AFX_TERM          CODE
 0002:00127070 00004f13H .text$x                 CODE
 0002:0012bf90 00001765H .text$yc                CODE
 0002:0012d700 0000128cH .text$yd                CODE
 0003:00000000 00040008H .rdata                  DATA
 0003:00040008 00000160H .rdata$debug            DATA
 0003:00040168 000031feH .rdata$r                DATA
 0003:00043368 00000104H .rtc$IAA                DATA
 0003:0004346c 0000011cH .rtc$IMZ                DATA
 0003:00043588 00000104H .rtc$IZZ                DATA
 0003:0004368c 00000104H .rtc$TAA                DATA
 0003:00043790 0000011cH .rtc$TMZ                DATA
 0003:000438ac 00000104H .rtc$TZZ                DATA
 0003:000439b0 0000627dH .xdata$x                DATA
 0003:00049c30 00000104H ATL$__a                 DATA
 0003:00049d34 00000104H ATL$__z                 DATA
 0003:00049e40 000002aaH .edata                  DATA
 0004:00000000 00000104H .CRT$XCA                DATA
 0004:00000104 00000104H .CRT$XCAA               DATA
 0004:00000208 0000011cH .CRT$XCC                DATA
 0004:00000324 000001ebH .CRT$XCL                DATA
 0004:00000510 000001a6H .CRT$XCU                DATA
 0004:000006b8 00000104H .CRT$XCZ                DATA
 0004:000007bc 00000104H .CRT$XIA                DATA
 0004:000008c0 00000113H .CRT$XIC                DATA
 0004:000009d4 00000104H .CRT$XIY                DATA
 0004:00000ad8 00000104H .CRT$XIZ                DATA
 0004:00000bdc 00000104H .CRT$XPA                DATA
 0004:00000ce0 00000104H .CRT$XPX                DATA
 0004:00000de4 00000104H .CRT$XPZ                DATA
 0004:00000ee8 00000104H .CRT$XTA                DATA
 0004:00000fec 00000104H .CRT$XTB                DATA
 0004:000010f0 00000104H .CRT$XTZ                DATA
 0004:00001200 000030a6H .data                   DATA
 0004:000042c0 00021d08H .bss                    DATA
 0005:00000000 000000f0H .idata$2                DATA
 0005:000000f0 00000014H .idata$3                DATA
 0005:00000104 00001060H .idata$4                DATA
 0005:00001164 00001060H .idata$5                DATA
 0005:000021c4 00003789H .idata$6                DATA
 0006:00000000 00000020H .didat$2                DATA
 0006:00000020 00000020H .didat$3                DATA
 0006:00000040 00000038H .didat$4                DATA
 0006:00000078 00000038H .didat$5                DATA
 0006:000000b0 00000155H .didat$6                DATA
 0006:00000208 00000111H .didat$7                DATA
 0007:00000000 000011f3H .rsrc$01                DATA
 0007:00001200 0002edb0H .rsrc$02                DATA

  Address         Publics by Value              Rva+Base     Lib:Object

 0000:00000000       __except_list              00000000     <absolute>
 0000:00000000       ___safe_se_handler_table   00000000     <absolute>
 0000:00000000       ___safe_se_handler_count   00000000     <absolute>
 0000:00000000       ___ImageBase               10000000     <linker-defined>
 0001:00000000       __enc$textbss$begin        10001000     <linker-defined>
 0001:00084501       __enc$textbss$end          10085501     <linker-defined>
 0002:000107d0       ??0CColorEdit@@QAE@XZ      100967d0 f   ColorControls.obj
 0002:000108c0       ??_GCColorEdit@@UAEPAXI@Z  100968c0 f i ColorControls.obj
 0002:000108c0       ??_ECColorEdit@@UAEPAXI@Z  100968c0 f i ColorControls.obj
 0002:00010930       ??1CColorEdit@@UAE@XZ      10096930 f   ColorControls.obj
 0002:000109d0       ?GetMessageMap@CColorEdit@@MBEPBUAFX_MSGMAP@@XZ 100969d0 f   ColorControls.obj
 0002:00010a10       ?SetTextColor@CColorEdit@@QAEXK@Z 10096a10 f   ColorControls.obj
 0002:00010a80       ?SetBkColor@CColorEdit@@QAEXK@Z 10096a80 f   ColorControls.obj
 0002:00010b10       ?CtlColor@CColorEdit@@IAEPAUHBRUSH__@@PAVCDC@@I@Z 10096b10 f   ColorControls.obj
 0002:00010bc0       ?SetReadOnly@CColorEdit@@QAEHH@Z 10096bc0 f   ColorControls.obj
 0002:00010c50       ??0CColorStatic@@QAE@XZ    10096c50 f   ColorControls.obj
 0002:00010d40       ??_ECColorStatic@@UAEPAXI@Z 10096d40 f i ColorControls.obj
 0002:00010d40       ??_GCColorStatic@@UAEPAXI@Z 10096d40 f i ColorControls.obj
 0002:00010db0       ??1CColorStatic@@UAE@XZ    10096db0 f   ColorControls.obj
 0002:00010e50       ?GetMessageMap@CColorStatic@@MBEPBUAFX_MSGMAP@@XZ 10096e50 f   ColorControls.obj
 0002:00010e90       ?SetTextColor@CColorStatic@@QAEXK@Z 10096e90 f   ColorControls.obj
 0002:00010f00       ?SetBkColor@CColorStatic@@QAEXK@Z 10096f00 f   ColorControls.obj
 0002:00010f90       ?CtlColor@CColorStatic@@IAEPAUHBRUSH__@@PAVCDC@@I@Z 10096f90 f   ColorControls.obj
 0002:00011040       ??0CINI@@QAE@V?$CStringT@DV?$StrTraitMFC@DV?$ChTraitsCRT@D@ATL@@@@@ATL@@@Z 10097040 f   INI.obj
 0002:00011210       ??_GCINI@@UAEPAXI@Z        10097210 f i INI.obj
 0002:00011210       ??_ECINI@@UAEPAXI@Z        10097210 f i INI.obj
 0002:00011280       ??1CINI@@UAE@XZ            10097280 f   INI.obj
 0002:000113f0       ?getKeyValue@CINI@@QAE?AV?$CStringT@DV?$StrTraitMFC@DV?$ChTraitsCRT@D@ATL@@@@@ATL@@V23@0@Z 100973f0 f   INI.obj
 0002:000115a0       ?setKey@CINI@@QAEJV?$CStringT@DV?$StrTraitMFC@DV?$ChTraitsCRT@D@ATL@@@@@ATL@@00@Z 100975a0 f   INI.obj
 0002:00011670       ?DeleteKey@CINI@@QAEJV?$CStringT@DV?$StrTraitMFC@DV?$ChTraitsCRT@D@ATL@@@@@ATL@@0@Z 10097670 f   INI.obj
 0002:00011730       ?DeleteSection@CINI@@QAEJV?$CStringT@DV?$StrTraitMFC@DV?$ChTraitsCRT@D@ATL@@@@@ATL@@@Z 10097730 f   INI.obj
 0002:000117e0       ?sectionExists@CINI@@QAEHV?$CStringT@DV?$StrTraitMFC@DV?$ChTraitsCRT@D@ATL@@@@@ATL@@@Z 100977e0 f   INI.obj
 0002:00011900       ?getSectionNames@CINI@@QAEPAVCStringList@@XZ 10097900 f   INI.obj
 0002:00011b80       ?getSectionData@CINI@@QAEPAVCStringList@@V?$CStringT@DV?$StrTraitMFC@DV?$ChTraitsCRT@D@ATL@@@@@ATL@@@Z 10097b80 f   INI.obj
 0002:00011e20       ?setINIFileName@CINI@@QAEXV?$CStringT@DV?$StrTraitMFC@DV?$ChTraitsCRT@D@ATL@@@@@ATL@@@Z 10097e20 f   INI.obj
 0002:00011ec0       ??4?$CStringT@DV?$StrTraitMFC@DV?$ChTraitsCRT@D@ATL@@@@@ATL@@QAEAAV01@ABV01@@Z 10097ec0 f i INI.obj
 0002:00011f20       ??HATL@@YA?AV?$CStringT@DV?$StrTraitMFC@DV?$ChTraitsCRT@D@ATL@@@@@0@ABV10@D@Z 10097f20 f i INI.obj
 0002:00012070       ??9ATL@@YA_NABV?$CStringT@DV?$StrTraitMFC@DV?$ChTraitsCRT@D@ATL@@@@@0@PBD@Z 10098070 f i INI.obj
 0002:000120d0       ??0?$CStringT@DV?$StrTraitMFC@DV?$ChTraitsCRT@D@ATL@@@@@ATL@@QAE@PAUIAtlStringMgr@1@@Z 100980d0 f i INI.obj
 0002:00012130       ?Compare@?$CStringT@DV?$StrTraitMFC@DV?$ChTraitsCRT@D@ATL@@@@@ATL@@QBEHPBD@Z 10098130 f i INI.obj
 0002:000121e0       ??4?$CSimpleStringT@D$0A@@ATL@@QAEAAV01@ABV01@@Z 100981e0 f i INI.obj
 0002:000122d0       ?GetManager@?$CSimpleStringT@D$0A@@ATL@@QBEPAUIAtlStringMgr@2@XZ 100982d0 f i INI.obj
 0002:00012350       ?Concatenate@?$CSimpleStringT@D$0A@@ATL@@KAXAAV12@PBDH1H@Z 10098350 f i INI.obj
 0002:00012400       ?StringCompare@?$ChTraitsCRT@D@ATL@@SAHPBD0@Z 10098400 f i INI.obj
 0002:00012460       ?_AtlGetThreadACPThunk@ATL@@YGIXZ 10098460 f i INI.obj
 0002:00012560       ?InterlockedExchangePointer@@YGPAXPAPAXPAX@Z 10098560 f i INI.obj
 0002:000125c0       ?_AtlGetThreadACPFake@ATL@@YGIXZ 100985c0 f i INI.obj
 0002:000126e0       ?_AtlGetThreadACPReal@ATL@@YGIXZ 100986e0 f i INI.obj
 0002:00012720       ?AtlIsValidString@ATL@@YAHPBDI@Z 10098720 f i INI.obj
 0002:00012790       ?IsLocked@CStringData@ATL@@QBE_NXZ 10098790 f i INI.obj
 0002:000127e0       ?Release@CStringData@ATL@@QAEXXZ 100987e0 f i INI.obj
 0002:00012890       ??0?$CStringT@DV?$StrTraitMFC@DV?$ChTraitsCRT@D@ATL@@@@@ATL@@QAE@XZ 10098890 f i INI.obj
 0002:000128f0       ??0?$CStringT@DV?$StrTraitMFC@DV?$ChTraitsCRT@D@ATL@@@@@ATL@@QAE@ABV01@@Z 100988f0 f i INI.obj
 0002:00012950       ??0?$CStringT@DV?$StrTraitMFC@DV?$ChTraitsCRT@D@ATL@@@@@ATL@@QAE@PBD@Z 10098950 f i INI.obj
 0002:00012a10       ??1?$CStringT@DV?$StrTraitMFC@DV?$ChTraitsCRT@D@ATL@@@@@ATL@@QAE@XZ 10098a10 f i INI.obj
 0002:00012a60       ??B?$CSimpleStringT@D$0A@@ATL@@QBEPBDXZ 10098a60 f i INI.obj
 0002:00012aa0       ?GetLength@?$CSimpleStringT@D$0A@@ATL@@QBEHXZ 10098aa0 f i INI.obj
 0002:00012b00       ??4?$CStringT@DV?$StrTraitMFC@DV?$ChTraitsCRT@D@ATL@@@@@ATL@@QAEAAV01@PBD@Z 10098b00 f i INI.obj
 0002:00012b60       ?CheckImplicitLoad@?$CStringT@DV?$StrTraitMFC@DV?$ChTraitsCRT@D@ATL@@@@@ATL@@AAE_NPBX@Z 10098b60 f i INI.obj
 0002:00012c30       ??0CTraceFileAndLineInfo@ATL@@QAE@PBDH@Z 10098c30 f i INI.obj
 0002:00012c80       ??RCTraceFileAndLineInfo@ATL@@QBAXKIPBDZZ 10098c80 f i INI.obj
 0002:00012d10       ?TraceV@CTrace@ATL@@QBAXPBDHKI0PAD@Z 10098d10 f i INI.obj
 0002:00012d80       ??BCTraceCategory@ATL@@QBEKXZ 10098d80 f i INI.obj
 0002:00012dc0       ?LoadStringA@?$CStringT@DV?$StrTraitMFC@DV?$ChTraitsCRT@D@ATL@@@@@ATL@@QAEHI@Z 10098dc0 f i INI.obj
 0002:00012e40       ?LoadStringA@?$CStringT@DV?$StrTraitMFC@DV?$ChTraitsCRT@D@ATL@@@@@ATL@@QAEHPAUHINSTANCE__@@I@Z 10098e40 f i INI.obj
 0002:00012f20       ?AtlGetStringResourceImage@ATL@@YAPBUATLSTRINGRESOURCEIMAGE@1@PAUHINSTANCE__@@I@Z 10098f20 f i INI.obj
 0002:00012fc0       ?_AtlGetStringResourceImage@ATL@@YAPBUATLSTRINGRESOURCEIMAGE@1@PAUHINSTANCE__@@PAUHRSRC__@@I@Z 10098fc0 f i INI.obj
 0002:000130f0       ??0?$CSimpleStringT@D$0A@@ATL@@QAE@PAUIAtlStringMgr@1@@Z 100990f0 f i INI.obj
 0002:000131a0       ??0?$CSimpleStringT@D$0A@@ATL@@QAE@ABV01@@Z 100991a0 f i INI.obj
 0002:00013220       ??1?$CSimpleStringT@D$0A@@ATL@@QAE@XZ 10099220 f i INI.obj
 0002:00013280       ?GetBuffer@?$CSimpleStringT@D$0A@@ATL@@QAEPADH@Z 10099280 f i INI.obj
 0002:000132e0       ?GetData@?$CSimpleStringT@D$0A@@ATL@@ABEPAUCStringData@2@XZ 100992e0 f i INI.obj
 0002:00013320       ?PrepareWrite@?$CSimpleStringT@D$0A@@ATL@@AAEPADH@Z 10099320 f i INI.obj
 0002:000133c0       ?FindStringResourceInstance@?$StrTraitMFC@DV?$ChTraitsCRT@D@ATL@@@@SAPAUHINSTANCE__@@I@Z 100993c0 f i INI.obj
 0002:00013410       ?GetDefaultManager@?$StrTraitMFC@DV?$ChTraitsCRT@D@ATL@@@@SAPAUIAtlStringMgr@ATL@@XZ 10099410 f i INI.obj
 0002:00013460       ??4?$CSimpleStringT@D$0A@@ATL@@QAEAAV01@PBD@Z 10099460 f i INI.obj
 0002:000134c0       ?ReleaseBufferSetLength@?$CSimpleStringT@D$0A@@ATL@@QAEXH@Z 100994c0 f i INI.obj
 0002:00013550       ?SetLength@?$CSimpleStringT@D$0A@@ATL@@AAEXH@Z 10099550 f i INI.obj
 0002:00013650       ?AtlThrow@ATL@@YGXJ@Z      10099650 f i INI.obj
 0002:00013700       ?Attach@?$CSimpleStringT@D$0A@@ATL@@AAEXPAUCStringData@2@@Z 10099700 f i INI.obj
 0002:00013760       ?data@CStringData@ATL@@QAEPAXXZ 10099760 f i INI.obj
 0002:000137a0       ?PrepareWrite2@?$CSimpleStringT@D$0A@@ATL@@AAEXH@Z 100997a0 f i INI.obj
 0002:000138a0       ?IsShared@CStringData@ATL@@QBE_NXZ 100998a0 f i INI.obj
 0002:000138f0       ?CloneData@?$CSimpleStringT@D$0A@@ATL@@CAPAUCStringData@2@PAU32@@Z 100998f0 f i INI.obj
 0002:00013a10       ?AddRef@CStringData@ATL@@QAEXXZ 10099a10 f i INI.obj
 0002:00013aa0       ?GetBaseTypeLength@?$ChTraitsCRT@D@ATL@@SAHPB_WH@Z 10099aa0 f i INI.obj
 0002:00013b10       ?_AtlGetConversionACP@ATL@@YGIXZ 10099b10 f i INI.obj
 0002:00013b70       ?ConvertToBaseType@?$ChTraitsCRT@D@ATL@@SAXPADHPB_WH@Z 10099b70 f i INI.obj
 0002:00013bf0       ?SetString@?$CSimpleStringT@D$0A@@ATL@@QAEXPBD@Z 10099bf0 f i INI.obj
 0002:00013c60       ?StringLength@?$CSimpleStringT@D$0A@@ATL@@SAHPBD@Z 10099c60 f i INI.obj
 0002:00013cc0       ?CopyChars@?$CSimpleStringT@D$0A@@ATL@@SAXPADPBDH@Z 10099cc0 f i INI.obj
 0002:00013d20       ?ThrowMemoryException@?$CSimpleStringT@D$0A@@ATL@@KAXXZ 10099d20 f i INI.obj
 0002:00013d70       ?Fork@?$CSimpleStringT@D$0A@@ATL@@AAEXH@Z 10099d70 f i INI.obj
 0002:00013eb0       ?Reallocate@?$CSimpleStringT@D$0A@@ATL@@AAEXH@Z 10099eb0 f i INI.obj
 0002:00013f90       ?SetString@?$CSimpleStringT@D$0A@@ATL@@QAEXPBDH@Z 10099f90 f i INI.obj
 0002:00014090       ?Empty@?$CSimpleStringT@D$0A@@ATL@@QAEXXZ 1009a090 f i INI.obj
 0002:00014160       ?GetString@?$CSimpleStringT@D$0A@@ATL@@QBEPBDXZ 1009a160 f i INI.obj
 0002:000141a0       ?CopyCharsOverlapped@?$CSimpleStringT@D$0A@@ATL@@SAXPADPBDH@Z 1009a1a0 f i INI.obj
 0002:00014200       ?CreateObject@CDialogThread@@SGPAVCObject@@XZ 1009a200 f   MiniXAPI.obj
 0002:000142d0       ??0CDialogThread@@QAE@XZ   1009a2d0 f i MiniXAPI.obj
 0002:00014330       ??_ECDialogThread@@UAEPAXI@Z 1009a330 f i MiniXAPI.obj
 0002:00014330       ??_GCDialogThread@@UAEPAXI@Z 1009a330 f i MiniXAPI.obj
 0002:000143a0       ??1CDialogThread@@UAE@XZ   1009a3a0 f i MiniXAPI.obj
 0002:000143f0       ?GetRuntimeClass@CDialogThread@@UBEPAUCRuntimeClass@@XZ 1009a3f0 f   MiniXAPI.obj
 0002:00014430       ?InitInstance@CDialogThread@@UAEHXZ 1009a430 f   MiniXAPI.obj
 0002:00014540       ??1CMiniXDlg@@UAE@XZ       1009a540 f i MiniXAPI.obj
 0002:00014720       ?OpenMiniX@@YGXXZ          1009a720 f   MiniXAPI.obj
 0002:00014780       ?isMiniXDlg@@YGEXZ         1009a780 f   MiniXAPI.obj
 0002:000147d0       ?CloseMiniX@@YGXXZ         1009a7d0 f   MiniXAPI.obj
 0002:00014850       ?SendMiniXCommand@@YGXE@Z  1009a850 f   MiniXAPI.obj
 0002:000149a0       ?MonitorToString@@YA?AV?$CStringT@DV?$StrTraitMFC@DV?$ChTraitsCRT@D@ATL@@@@@ATL@@PAU_MiniX_Monitor@@@Z 1009a9a0 f   MiniXAPI.obj
 0002:000153d0       ?ReadMiniXMonitor@@YGXPAU_MiniX_Monitor@@@Z 1009b3d0 f   MiniXAPI.obj
 0002:00015480       ?SetMiniXHV@@YGXN@Z        1009b480 f   MiniXAPI.obj
 0002:000155a0       ?SetMiniXCurrent@@YGXN@Z   1009b5a0 f   MiniXAPI.obj
 0002:000156c0       ?ReadMiniXSettings@@YGXPAU_MiniX_Settings@@@Z 1009b6c0 f   MiniXAPI.obj
 0002:00015730       ?ReadMiniXSerialNumber@@YGJXZ 1009b730 f   MiniXAPI.obj
 0002:00015790       ??Y?$CStringT@DV?$StrTraitMFC@DV?$ChTraitsCRT@D@ATL@@@@@ATL@@QAEAAV01@ABV?$CSimpleStringT@D$0A@@1@@Z 1009b790 f i MiniXAPI.obj
 0002:000157f0       ?Format@?$CStringT@DV?$StrTraitMFC@DV?$ChTraitsCRT@D@ATL@@@@@ATL@@QAAXPBDZZ 1009b7f0 f i MiniXAPI.obj
 0002:000158a0       ??HATL@@YA?AV?$CStringT@DV?$StrTraitMFC@DV?$ChTraitsCRT@D@ATL@@@@@0@ABV10@PBD@Z 1009b8a0 f i MiniXAPI.obj
 0002:000159e0       ??HATL@@YA?AV?$CStringT@DV?$StrTraitMFC@DV?$ChTraitsCRT@D@ATL@@@@@0@PBDABV10@@Z 1009b9e0 f i MiniXAPI.obj
 0002:00015b20       ?FormatV@?$CStringT@DV?$StrTraitMFC@DV?$ChTraitsCRT@D@ATL@@@@@ATL@@QAEXPBDPAD@Z 1009bb20 f i MiniXAPI.obj
 0002:00015c10       ??Y?$CSimpleStringT@D$0A@@ATL@@QAEAAV01@ABV01@@Z 1009bc10 f i MiniXAPI.obj
 0002:00015c70       ?Append@?$CSimpleStringT@D$0A@@ATL@@QAEXABV12@@Z 1009bc70 f i MiniXAPI.obj
 0002:00015ce0       ?Append@?$CSimpleStringT@D$0A@@ATL@@QAEXPBDH@Z 1009bce0 f i MiniXAPI.obj
 0002:00015db0       ?GetFormattedLength@?$ChTraitsCRT@D@ATL@@SAHPBDPAD@Z 1009bdb0 f i MiniXAPI.obj
 0002:00015e10       ?Format@?$ChTraitsCRT@D@ATL@@SAHPADPBD0@Z 1009be10 f i MiniXAPI.obj
 0002:00015e70       ??0CAboutDlg@@QAE@XZ       1009be70 f   MiniXDlg.obj
 0002:00015ee0       ??_GCAboutDlg@@UAEPAXI@Z   1009bee0 f i MiniXDlg.obj
 0002:00015ee0       ??_ECAboutDlg@@UAEPAXI@Z   1009bee0 f i MiniXDlg.obj
 0002:00015f50       ??1CAboutDlg@@UAE@XZ       1009bf50 f i MiniXDlg.obj
 0002:00015fa0       ?DoDataExchange@CAboutDlg@@MAEXPAVCDataExchange@@@Z 1009bfa0 f   MiniXDlg.obj
 0002:00016000       ?GetMessageMap@CAboutDlg@@MBEPBUAFX_MSGMAP@@XZ 1009c000 f   MiniXDlg.obj
 0002:00016040       ?OnInitDialog@CAboutDlg@@MAEHXZ 1009c040 f   MiniXDlg.obj
 0002:00016310       ??0CMiniXDlg@@QAE@PAVCWnd@@@Z 1009c310 f   MiniXDlg.obj
 0002:000166d0       ??_ECMiniXDlg@@UAEPAXI@Z   1009c6d0 f i MiniXDlg.obj
 0002:000166d0       ??_GCMiniXDlg@@UAEPAXI@Z   1009c6d0 f i MiniXDlg.obj
 0002:00016740       ?DoDataExchange@CMiniXDlg@@MAEXPAVCDataExchange@@@Z 1009c740 f   MiniXDlg.obj
 0002:000168a0       ?GetMessageMap@CMiniXDlg@@MBEPBUAFX_MSGMAP@@XZ 1009c8a0 f   MiniXDlg.obj
 0002:000168e0       ?OnSysCommand@CMiniXDlg@@IAEXIJ@Z 1009c8e0 f   MiniXDlg.obj
 0002:000169f0       ?OnPaint@CMiniXDlg@@IAEXXZ 1009c9f0 f   MiniXDlg.obj
 0002:00016bd0       ?OnQueryDragIcon@CMiniXDlg@@IAEPAUHICON__@@XZ 1009cbd0 f   MiniXDlg.obj
 0002:00016c10       ?OnInitDialog@CMiniXDlg@@MAEHXZ 1009cc10 f   MiniXDlg.obj
 0002:00017160       ?LoadDLL@CMiniXDlg@@QAEHXZ 1009d160 f   MiniXDlg.obj
 0002:000178d0       ?EE_Read@CMiniXDlg@@IAEKPAUft_program_data@@@Z 1009d8d0 f   MiniXDlg.obj
 0002:00017980       ?EE_Program@CMiniXDlg@@IAEKPAUft_program_data@@@Z 1009d980 f   MiniXDlg.obj
 0002:00017a30       ?GetLatencyTimer@CMiniXDlg@@IAEKPAE@Z 1009da30 f   MiniXDlg.obj
 0002:00017ae0       ?SetLatencyTimer@CMiniXDlg@@IAEKE@Z 1009dae0 f   MiniXDlg.obj
 0002:00017b90       ?SetBitMode@CMiniXDlg@@IAEKEE@Z 1009db90 f   MiniXDlg.obj
 0002:00017c50       ?Read@CMiniXDlg@@IAEKPAXKPAK@Z 1009dc50 f   MiniXDlg.obj
 0002:00017d10       ?Write@CMiniXDlg@@IAEKPAXKPAK@Z 1009dd10 f   MiniXDlg.obj
 0002:00017dd0       ?Open@CMiniXDlg@@IAEKPAX@Z 1009ddd0 f   MiniXDlg.obj
 0002:00017e80       ?OpenEx@CMiniXDlg@@IAEKPAXK@Z 1009de80 f   MiniXDlg.obj
 0002:00017f40       ?ListDevices@CMiniXDlg@@IAEKPAX0K@Z 1009df40 f   MiniXDlg.obj
 0002:00017ff0       ?Close@CMiniXDlg@@IAEKXZ   1009dff0 f   MiniXDlg.obj
 0002:000180a0       ?ResetDevice@CMiniXDlg@@IAEKXZ 1009e0a0 f   MiniXDlg.obj
 0002:00018150       ?Purge@CMiniXDlg@@IAEKK@Z  1009e150 f   MiniXDlg.obj
 0002:00018200       ?SetTimeouts@CMiniXDlg@@IAEKKK@Z 1009e200 f   MiniXDlg.obj
 0002:000182c0       ?GetQueueStatus@CMiniXDlg@@IAEKPAK@Z 1009e2c0 f   MiniXDlg.obj
 0002:00018370       ?OnButtonSelectDevice@CMiniXDlg@@IAEXXZ 1009e370 f   MiniXDlg.obj
 0002:00018990       ?GetDeviceSerialNumber@CMiniXDlg@@QAEXPAX@Z 1009e990 f   MiniXDlg.obj
 0002:00018be0       ?OnButtonMpsseOn@CMiniXDlg@@IAEXXZ 1009ebe0 f   MiniXDlg.obj
 0002:00018f70       ?OnButtonDisableMpsse@CMiniXDlg@@IAEXXZ 1009ef70 f   MiniXDlg.obj
 0002:00019100       ?OnButtonSetDacVoltage@CMiniXDlg@@IAEXXZ 1009f100 f   MiniXDlg.obj
 0002:00019690       ?OnButtonSetDacbVoltage@CMiniXDlg@@IAEXXZ 1009f690 f   MiniXDlg.obj
 0002:00019b90       ?OnButtonReadAdc@CMiniXDlg@@IAEXXZ 1009fb90 f   MiniXDlg.obj
 0002:0001a1d0       ?OnButtonReadAdc1@CMiniXDlg@@IAEXXZ 100a01d0 f   MiniXDlg.obj
 0002:0001a810       ?ReadIOBitsIn@CMiniXDlg@@QAEXPAEE@Z 100a0810 f   MiniXDlg.obj
 0002:0001aa10       ?MonitorMiniXCtrlIO@CMiniXDlg@@QAEXXZ 100a0a10 f   MiniXDlg.obj
 0002:0001b160       ?AveMonitors@CMiniXDlg@@QAENNQAN_N@Z 100a1160 f   MiniXDlg.obj
 0002:0001b270       ?OnTimer@CMiniXDlg@@IAEXI@Z 100a1270 f   MiniXDlg.obj
 0002:0001baa0       ?OnChangeEditDacVoltage@CMiniXDlg@@IAEXXZ 100a1aa0 f   MiniXDlg.obj
 0002:0001bb00       ?OnChangeEditDacbVoltage@CMiniXDlg@@IAEXXZ 100a1b00 f   MiniXDlg.obj
 0002:0001bb60       ?SetHighVoltageDAC@CMiniXDlg@@QAEXN@Z 100a1b60 f   MiniXDlg.obj
 0002:0001bbe0       ?OnBnClickedSethighvoltagecontrolbutton@CMiniXDlg@@QAEXXZ 100a1be0 f   MiniXDlg.obj
 0002:0001be00       ?OnBnClickedStartmonitorbutton@CMiniXDlg@@QAEXXZ 100a1e00 f   MiniXDlg.obj
 0002:0001be80       ?OnBnClickedStopmonitorbutton@CMiniXDlg@@QAEXXZ 100a1e80 f   MiniXDlg.obj
 0002:0001bee0       ?SetCurrentDAC@CMiniXDlg@@QAEXN@Z 100a1ee0 f   MiniXDlg.obj
 0002:0001bf60       ?OnBnClickedSetcurrentcontrolbutton@CMiniXDlg@@QAEXXZ 100a1f60 f   MiniXDlg.obj
 0002:0001c180       ?OnBnClickedHvOff@CMiniXDlg@@QAEXXZ 100a2180 f   MiniXDlg.obj
 0002:0001c430       ?OnBnClickedHvOn@CMiniXDlg@@QAEXXZ 100a2430 f   MiniXDlg.obj
 0002:0001c690       ?OnBnClickedStartMiniXController@CMiniXDlg@@QAEXXZ 100a2690 f   MiniXDlg.obj
 0002:0001c8c0       ?FailSafe@CMiniXDlg@@QAEXXZ 100a28c0 f   MiniXDlg.obj
 0002:0001c9e0       ?FsMessageBox@CMiniXDlg@@QAEXV?$CStringT@DV?$StrTraitMFC@DV?$ChTraitsCRT@D@ATL@@@@@ATL@@@Z 100a29e0 f   MiniXDlg.obj
 0002:0001cac0       ?DllMessageBox@CMiniXDlg@@QAEXV?$CStringT@DV?$StrTraitMFC@DV?$ChTraitsCRT@D@ATL@@@@@ATL@@@Z 100a2ac0 f   MiniXDlg.obj
 0002:0001cba0       ?OnClose@CMiniXDlg@@QAEXXZ 100a2ba0 f   MiniXDlg.obj
 0002:0001cc40       ?OnCancel@CMiniXDlg@@MAEXXZ 100a2c40 f   MiniXDlg.obj
 0002:0001cce0       ?OnDestroy@CMiniXDlg@@QAEXXZ 100a2ce0 f   MiniXDlg.obj
 0002:0001cd70       ?OnOK@CMiniXDlg@@MAEXXZ    100a2d70 f   MiniXDlg.obj
 0002:0001cde0       ?OnBnClickedOk@CMiniXDlg@@QAEXXZ 100a2de0 f   MiniXDlg.obj
 0002:0001ce50       ?EnableMINIXButtons@CMiniXDlg@@QAEX_N@Z 100a2e50 f   MiniXDlg.obj
 0002:0001cf00       ?BOOLtobool@CMiniXDlg@@QAE_NH@Z 100a2f00 f   MiniXDlg.obj
 0002:0001cf50       ?EnableMINIXButtonsHVOn@CMiniXDlg@@QAE_N_N0@Z 100a2f50 f   MiniXDlg.obj
 0002:0001d010       ?ReadMiniXSetup@CMiniXDlg@@QAEXXZ 100a3010 f   MiniXDlg.obj
 0002:0001d3f0       ?ShowStatus@CMiniXDlg@@QAEXV?$CStringT@DV?$StrTraitMFC@DV?$ChTraitsCRT@D@ATL@@@@@ATL@@@Z 100a33f0 f   MiniXDlg.obj
 0002:0001d4c0       ?SetClkDivisor@CMiniXDlg@@QAEXXZ 100a34c0 f   MiniXDlg.obj
 0002:0001d610       ?OnBnClickedSethighvoltageandcurrentbutton@CMiniXDlg@@QAEXXZ 100a3610 f   MiniXDlg.obj
 0002:0001ddb0       ?HV_InRange@CMiniXDlg@@QAE_NNN_N@Z 100a3db0 f   MiniXDlg.obj
 0002:0001de70       ?I_InRange@CMiniXDlg@@QAE_NNN_N@Z 100a3e70 f   MiniXDlg.obj
 0002:0001df30       ?CreateLog@CMiniXDlg@@QAEXXZ 100a3f30 f   MiniXDlg.obj
 0002:0001e120       ?CreateDateTimeStamp@CMiniXDlg@@QAE?AV?$CStringT@DV?$StrTraitMFC@DV?$ChTraitsCRT@D@ATL@@@@@ATL@@XZ 100a4120 f   MiniXDlg.obj
 0002:0001e290       ?AppendLog@CMiniXDlg@@QAEXV?$CStringT@DV?$StrTraitMFC@DV?$ChTraitsCRT@D@ATL@@@@@ATL@@@Z 100a4290 f   MiniXDlg.obj
 0002:0001e420       ?ReadTemperature@CMiniXDlg@@QAEXXZ 100a4420 f   MiniXDlg.obj
 0002:0001ec10       ?SetTempSensor@CMiniXDlg@@QAEXXZ 100a4c10 f   MiniXDlg.obj
 0002:0001f110       ?GetTemp@CMiniXDlg@@QAENEE_N@Z 100a5110 f   MiniXDlg.obj
 0002:0001f1f0       ?OnWindowPosChanging@CMiniXDlg@@QAEXPAUtagWINDOWPOS@@@Z 100a51f0 f   MiniXDlg.obj
 0002:0001f270       ?OnBnClickedGetstatusbutton@CMiniXDlg@@QAEXXZ 100a5270 f   MiniXDlg.obj
 0002:0001f3f0       ?CopyMiniXMonitor@CMiniXDlg@@QAEXPAU_MiniX_Monitor@@@Z 100a53f0 f   MiniXDlg.obj
 0002:0001f500       ?CopyMiniXSettings@CMiniXDlg@@QAEXPAU_MiniX_Settings@@@Z 100a5500 f   MiniXDlg.obj
 0002:0001f580       ?GetEnabledButtons@CMiniXDlg@@QAEEXZ 100a5580 f   MiniXDlg.obj
 0002:0001f6b0       ?GetWindowDouble@CMiniXDlg@@QAENH@Z 100a56b0 f   MiniXDlg.obj
 0002:0001f7d0       ?Left@?$CStringT@DV?$StrTraitMFC@DV?$ChTraitsCRT@D@ATL@@@@@ATL@@QBE?AV12@H@Z 100a57d0 f i MiniXDlg.obj
 0002:0001f8b0       ?IsEmpty@?$CSimpleStringT@D$0A@@ATL@@QBE_NXZ 100a58b0 f i MiniXDlg.obj
 0002:0001f910       ??0?$CStringT@DV?$StrTraitMFC@DV?$ChTraitsCRT@D@ATL@@@@@ATL@@QAE@PBDHPAUIAtlStringMgr@1@@Z 100a5910 f i MiniXDlg.obj
 0002:0001f980       ??0?$CSimpleStringT@D$0A@@ATL@@QAE@PBDHPAUIAtlStringMgr@1@@Z 100a5980 f i MiniXDlg.obj
 0002:0001fa90       ?GetMessageMap@CMiniXDLLApp@@MBEPBUAFX_MSGMAP@@XZ 100a5a90 f   minixdll.obj
 0002:0001fad0       ??0CMiniXDLLApp@@QAE@XZ    100a5ad0 f   minixdll.obj
 0002:0001fb30       ??_GCMiniXDLLApp@@UAEPAXI@Z 100a5b30 f i minixdll.obj
 0002:0001fb30       ??_ECMiniXDLLApp@@UAEPAXI@Z 100a5b30 f i minixdll.obj
 0002:0001fba0       ??1CMiniXDLLApp@@UAE@XZ    100a5ba0 f i minixdll.obj
 0002:0001fbf0       ?InitInstance@CMiniXDLLApp@@UAEHXZ 100a5bf0 f   minixdll.obj
 0002:0001fc50       _DllGetClassObject@12      100a5c50 f   minixdll.obj
 0002:0001fcb0       _DllCanUnloadNow@0         100a5cb0 f   minixdll.obj
 0002:0001fd00       _DllRegisterServer@0       100a5d00 f   minixdll.obj
 0002:0001fd50       ?GetEnvironmentVariableWThunk@ATL@@YGKPB_WPA_WK@Z 100a5d50 f i StdAfx.obj
 0002:0001fdd0       ?_AtlInstallStringThunk@ATL@@YAXPAPAXPAX1@Z 100a5dd0 f i StdAfx.obj
 0002:0001fe90       ?GetEnvironmentVariableWFake@ATL@@YGKPB_WPA_WK@Z 100a5e90 f i StdAfx.obj
 0002:00020170       ?CompareStringWThunk@ATL@@YGHKKPB_WH0H@Z 100a6170 f i StdAfx.obj
 0002:00020200       ?CompareStringWFake@ATL@@YGHKKPB_WH0H@Z 100a6200 f i StdAfx.obj
 0002:00020540       ?_AtlVerifyStackAvailable@_ATL_SAFE_ALLOCA_IMPL@ATL@@YA_NK@Z 100a6540 f i StdAfx.obj
 0002:00020660       ?AtlW2AHelper@@YGPADPADPB_WHI@Z 100a6660 f i StdAfx.obj
 0002:000207b0       ?GetStringTypeExWThunk@ATL@@YGHKKPB_WHPAG@Z 100a67b0 f i StdAfx.obj
 0002:00020840       ?GetStringTypeExWFake@ATL@@YGHKKPB_WHPAG@Z 100a6840 f i StdAfx.obj
 0002:000209f0       ?lstrcmpiWThunk@ATL@@YGHPB_W0@Z 100a69f0 f i StdAfx.obj
 0002:00020a70       ?lstrcmpiWFake@ATL@@YGHPB_W0@Z 100a6a70 f i StdAfx.obj
 0002:00020bf0       ?CharLowerWThunk@ATL@@YGPA_WPA_W@Z 100a6bf0 f i StdAfx.obj
 0002:00020c70       ?CharLowerWFake@ATL@@YGPA_WPA_W@Z 100a6c70 f i StdAfx.obj
 0002:00020e10       ?AtlA2WHelper@@YGPA_WPA_WPBDHI@Z 100a6e10 f i StdAfx.obj
 0002:00020f50       ?CharUpperWThunk@ATL@@YGPA_WPA_W@Z 100a6f50 f i StdAfx.obj
 0002:00020fd0       ?CharUpperWFake@ATL@@YGPA_WPA_W@Z 100a6fd0 f i StdAfx.obj
 0002:00021170       ??0?$CAtlSafeAllocBufferManager@VCCRTAllocator@ATL@@@_ATL_SAFE_ALLOCA_IMPL@ATL@@QAE@XZ 100a7170 f i StdAfx.obj
 0002:000211c0       ?Allocate@?$CAtlSafeAllocBufferManager@VCCRTAllocator@ATL@@@_ATL_SAFE_ALLOCA_IMPL@ATL@@QAEPAXK@Z 100a71c0 f i StdAfx.obj
 0002:00021250       ?Allocate@CCRTAllocator@ATL@@SAPAXI@Z 100a7250 f i StdAfx.obj
 0002:000212a0       ??1?$CAtlSafeAllocBufferManager@VCCRTAllocator@ATL@@@_ATL_SAFE_ALLOCA_IMPL@ATL@@QAE@XZ 100a72a0 f i StdAfx.obj
 0002:00021320       ?Free@CCRTAllocator@ATL@@SAXPAX@Z 100a7320 f i StdAfx.obj
 0002:00021370       ??0?$CTempBuffer@D$0IA@VCCRTAllocator@ATL@@@ATL@@QAE@XZ 100a7370 f i StdAfx.obj
 0002:000213c0       ??1?$CTempBuffer@D$0IA@VCCRTAllocator@ATL@@@ATL@@QAE@XZ 100a73c0 f i StdAfx.obj
 0002:00021420       ??B?$CTempBuffer@D$0IA@VCCRTAllocator@ATL@@@ATL@@QBEPADXZ 100a7420 f i StdAfx.obj
 0002:00021460       ?Allocate@?$CTempBuffer@D$0IA@VCCRTAllocator@ATL@@@ATL@@QAEPADI@Z 100a7460 f i StdAfx.obj
 0002:000214c0       ??0?$CW2AEX@$0IA@@ATL@@QAE@PB_W@Z 100a74c0 f i StdAfx.obj
 0002:00021530       ??1?$CW2AEX@$0IA@@ATL@@QAE@XZ 100a7530 f i StdAfx.obj
 0002:000215a0       ??B?$CW2AEX@$0IA@@ATL@@QBEPADXZ 100a75a0 f i StdAfx.obj
 0002:000215e0       ?AllocateBytes@?$CTempBuffer@D$0IA@VCCRTAllocator@ATL@@@ATL@@QAEPADI@Z 100a75e0 f i StdAfx.obj
 0002:00021690       ?FreeHeap@?$CTempBuffer@D$0IA@VCCRTAllocator@ATL@@@ATL@@AAEXXZ 100a7690 f i StdAfx.obj
 0002:000216f0       ?Init@?$CW2AEX@$0IA@@ATL@@AAEXPB_WI@Z 100a76f0 f i StdAfx.obj
 0002:00021800       ?AtlThrowLastWin32@ATL@@YGXXZ 100a7800 f i StdAfx.obj
 0002:000218a0       ?GetData@CAtlSafeAllocBufferNode@?$CAtlSafeAllocBufferManager@VCCRTAllocator@ATL@@@_ATL_SAFE_ALLOCA_IMPL@ATL@@QAEPAXXZ 100a78a0 f i StdAfx.obj
 0002:000218e0       ?AllocateHeap@?$CTempBuffer@D$0IA@VCCRTAllocator@ATL@@@ATL@@AAEXI@Z 100a78e0 f i StdAfx.obj
 0002:00021960       ??0CSXButton@@QAE@XZ       100a7960 f   Sxbutton.obj
 0002:00021a70       ??_GCSXButton@@UAEPAXI@Z   100a7a70 f i Sxbutton.obj
 0002:00021a70       ??_ECSXButton@@UAEPAXI@Z   100a7a70 f i Sxbutton.obj
 0002:00021ae0       ??1CSXButton@@UAE@XZ       100a7ae0 f   Sxbutton.obj
 0002:00021bb0       ?GetMessageMap@CSXButton@@MBEPBUAFX_MSGMAP@@XZ 100a7bb0 f   Sxbutton.obj
 0002:00021bf0       ?SetIcon@CSXButton@@QAEHIHH@Z 100a7bf0 f   Sxbutton.obj
 0002:00021cc0       ?Redraw@CSXButton@@AAEXXZ  100a7cc0 f i Sxbutton.obj
 0002:00021d20       ?SetBitmap@CSXButton@@QAEHIHH@Z 100a7d20 f   Sxbutton.obj
 0002:00021d90       ?SetMaskedBitmap@CSXButton@@QAEHIHHK@Z 100a7d90 f   Sxbutton.obj
 0002:00021e00       ?SetBitmapCommon@CSXButton@@AAEHIHHKH@Z 100a7e00 f   Sxbutton.obj
 0002:00021fd0       ?SetColorTab@CSXButton@@QAEXK@Z 100a7fd0 f   Sxbutton.obj
 0002:00022040       ?SetDefaultButton@CSXButton@@QAEHH@Z 100a8040 f   Sxbutton.obj
 0002:000220e0       ?SetImageOffset@CSXButton@@QAEHH@Z 100a80e0 f   Sxbutton.obj
 0002:00022160       ?SetTextOffset@CSXButton@@QAEHH@Z 100a8160 f   Sxbutton.obj
 0002:000221e0       ?SetImagePos@CSXButton@@QAE?AVCPoint@@V2@@Z 100a81e0 f   Sxbutton.obj
 0002:000222c0       ?SetTextPos@CSXButton@@QAE?AVCPoint@@V2@@Z 100a82c0 f   Sxbutton.obj
 0002:000223a0       ?CheckPointForCentering@CSXButton@@AAEXAAVCPoint@@HH@Z 100a83a0 f   Sxbutton.obj
 0002:00022490       ?DrawItem@CSXButton@@UAEXPAUtagDRAWITEMSTRUCT@@@Z 100a8490 f   Sxbutton.obj
 0002:00022e40       ?HasImage@CSXButton@@QAEHXZ 100a8e40 f i Sxbutton.obj
 0002:00022ea0       ??0CVersionInfo@@QAE@XZ    100a8ea0 f   VersionInfo.obj
 0002:00022fc0       ??_GCVersionInfo@@UAEPAXI@Z 100a8fc0 f i VersionInfo.obj
 0002:00022fc0       ??_ECVersionInfo@@UAEPAXI@Z 100a8fc0 f i VersionInfo.obj
 0002:00023030       ??0CVersionInfo@@QAE@PBD@Z 100a9030 f   VersionInfo.obj
 0002:00023180       ??1CVersionInfo@@UAE@XZ    100a9180 f   VersionInfo.obj
 0002:000231f0       ?GetProductName@CVersionInfo@@QBE?AV?$CStringT@DV?$StrTraitMFC@DV?$ChTraitsCRT@D@ATL@@@@@ATL@@XZ 100a91f0 f   VersionInfo.obj
 0002:00023270       ?GetProductVersion@CVersionInfo@@QBE?AV?$CStringT@DV?$StrTraitMFC@DV?$ChTraitsCRT@D@ATL@@@@@ATL@@XZ 100a9270 f   VersionInfo.obj
 0002:000232f0       ?GetCompanyName@CVersionInfo@@QBE?AV?$CStringT@DV?$StrTraitMFC@DV?$ChTraitsCRT@D@ATL@@@@@ATL@@XZ 100a92f0 f   VersionInfo.obj
 0002:00023370       ?GetCopyright@CVersionInfo@@QBE?AV?$CStringT@DV?$StrTraitMFC@DV?$ChTraitsCRT@D@ATL@@@@@ATL@@XZ 100a9370 f   VersionInfo.obj
 0002:000233f0       ?GetComments@CVersionInfo@@QBE?AV?$CStringT@DV?$StrTraitMFC@DV?$ChTraitsCRT@D@ATL@@@@@ATL@@XZ 100a93f0 f   VersionInfo.obj
 0002:00023470       ?GetFileDescription@CVersionInfo@@QBE?AV?$CStringT@DV?$StrTraitMFC@DV?$ChTraitsCRT@D@ATL@@@@@ATL@@XZ 100a9470 f   VersionInfo.obj
 0002:000234f0       ?GetFileVersion@CVersionInfo@@QBE?AV?$CStringT@DV?$StrTraitMFC@DV?$ChTraitsCRT@D@ATL@@@@@ATL@@XZ 100a94f0 f   VersionInfo.obj
 0002:00023570       ?GetInternalName@CVersionInfo@@QBE?AV?$CStringT@DV?$StrTraitMFC@DV?$ChTraitsCRT@D@ATL@@@@@ATL@@XZ 100a9570 f   VersionInfo.obj
 0002:000235f0       ?GetLegalTrademarks@CVersionInfo@@QBE?AV?$CStringT@DV?$StrTraitMFC@DV?$ChTraitsCRT@D@ATL@@@@@ATL@@XZ 100a95f0 f   VersionInfo.obj
 0002:00023670       ?GetPrivateBuild@CVersionInfo@@QBE?AV?$CStringT@DV?$StrTraitMFC@DV?$ChTraitsCRT@D@ATL@@@@@ATL@@XZ 100a9670 f   VersionInfo.obj
 0002:000236f0       ?GetSpecialBuild@CVersionInfo@@QBE?AV?$CStringT@DV?$StrTraitMFC@DV?$ChTraitsCRT@D@ATL@@@@@ATL@@XZ 100a96f0 f   VersionInfo.obj
 0002:00023770       ?InitVer@CVersionInfo@@AAEXPBD@Z 100a9770 f   VersionInfo.obj
 0002:00023900       ?GetValue@CVersionInfo@@ABE?AV?$CStringT@DV?$StrTraitMFC@DV?$ChTraitsCRT@D@ATL@@@@@ATL@@PBD@Z 100a9900 f   VersionInfo.obj
 0002:00023ad0       ??Y?$CStringT@DV?$StrTraitMFC@DV?$ChTraitsCRT@D@ATL@@@@@ATL@@QAEAAV01@PBD@Z 100a9ad0 f i VersionInfo.obj
 0002:00023b30       ??Y?$CSimpleStringT@D$0A@@ATL@@QAEAAV01@PBD@Z 100a9b30 f i VersionInfo.obj
 0002:00023b90       ?Append@?$CSimpleStringT@D$0A@@ATL@@QAEXPBD@Z 100a9b90 f i VersionInfo.obj
 0002:00023c00       ?ReleaseBuffer@?$CSimpleStringT@D$0A@@ATL@@QAEXH@Z 100a9c00 f i VersionInfo.obj
 0002:00023c80       _DllMain@12                100a9c80 f   nafxcwd:dllmodul.obj
 0002:00023e10       _RawDllMain@12             100a9e10 f   nafxcwd:dllmodul.obj
 0002:00023e20       ?AfxTermDllState@@YAXXZ    100a9e20 f   nafxcwd:dllmodul.obj
 0002:00023eb0       _IsPlatformNT              100a9eb0 f   nafxcwd:wincore.obj
 0002:00023f10       _InitMultipleMonitorStubs  100a9f10 f   nafxcwd:wincore.obj
 0002:00024090       _xGetSystemMetrics@4       100aa090 f   nafxcwd:wincore.obj
 0002:00024110       _xMonitorFromPoint@12      100aa110 f   nafxcwd:wincore.obj
 0002:00024170       _xMonitorFromRect@8        100aa170 f   nafxcwd:wincore.obj
 0002:000241e0       _xMonitorFromWindow@8      100aa1e0 f   nafxcwd:wincore.obj
 0002:00024260       _xGetMonitorInfo@8         100aa260 f   nafxcwd:wincore.obj
 0002:00024350       _xEnumDisplayMonitors@16   100aa350 f   nafxcwd:wincore.obj
 0002:00024480       _xEnumDisplayDevices@16    100aa480 f   nafxcwd:wincore.obj
 0002:00024510       ?AtlIAccessibleInvokeHelper@ATL@@YGJPAUIAccessible@@JABU_GUID@@KGPAUtagDISPPARAMS@@PAUtagVARIANT@@PAUtagEXCEPINFO@@PAI@Z 100aa510 f   nafxcwd:wincore.obj
 0002:00025330       ?AtlIAccessibleGetIDsOfNamesHelper@ATL@@YGJABU_GUID@@PAPA_WIKPAJ@Z 100ab330 f   nafxcwd:wincore.obj
 0002:00025900       __tcscmp                   100ab900 f i nafxcwd:wincore.obj
 0002:00025920       ??1CNoTrackObject@@UAE@XZ  100ab920 f i nafxcwd:wincore.obj
 0002:00025940       ?GetNextWindow@@YAPAUHWND__@@PAU1@I@Z 100ab940 f i nafxcwd:wincore.obj
 0002:00025960       ?UnlockResource@@YGHPAX@Z  100ab960 f i nafxcwd:wincore.obj
 0002:00025970       ?A2T@@YAPADPAD@Z           100ab970 f i nafxcwd:wincore.obj
 0002:00025980       ?SetWindowLongPtrA@@YAJPAUHWND__@@HJ@Z 100ab980 f i nafxcwd:wincore.obj
 0002:000259a0       ?GetWindowLongPtrA@@YAJPAUHWND__@@H@Z 100ab9a0 f i nafxcwd:wincore.obj
 0002:000259c0       ?LookupPermanent@CHandleMap@@QAEPAVCObject@@PAX@Z 100ab9c0 f i nafxcwd:wincore.obj
 0002:000259f0       ?LookupTemporary@CHandleMap@@QAEPAVCObject@@PAX@Z 100ab9f0 f i nafxcwd:wincore.obj
 0002:00025a20       ??0CAccessibleProxy@ATL@@QAE@XZ 100aba20 f i nafxcwd:wincore.obj
 0002:00025a60       ??1CAccessibleProxy@ATL@@UAE@XZ 100aba60 f i nafxcwd:wincore.obj
 0002:00025a70       ?GetWindow@CAccessibleProxy@ATL@@UAGJPAPAUHWND__@@@Z 100aba70 f i nafxcwd:wincore.obj
 0002:00025a80       ?ContextSensitiveHelp@CAccessibleProxy@ATL@@UAGJH@Z 100aba80 f i nafxcwd:wincore.obj
 0002:00025a90       ??0?$CComObjectRootEx@VCComSingleThreadModel@ATL@@@ATL@@QAE@XZ 100aba90 f i nafxcwd:wincore.obj
 0002:00025ab0       ??0IOleWindow@@QAE@XZ      100abab0 f i nafxcwd:wincore.obj
 0002:00025ad0       ??0IUnknown@@QAE@XZ        100abad0 f i nafxcwd:wincore.obj
 0002:00025af0       ?_InternalQueryInterface@CAccessibleProxy@ATL@@QAEJABU_GUID@@PAPAX@Z 100abaf0 f i nafxcwd:wincore.obj
 0002:00025b20       ?_GetEntries@CAccessibleProxy@ATL@@SGPBU_ATL_INTMAP_ENTRY@2@XZ 100abb20 f i nafxcwd:wincore.obj
 0002:00025b30       ?FinalRelease@CAccessibleProxy@ATL@@QAEJXZ 100abb30 f i nafxcwd:wincore.obj
 0002:00025b70       ??0CComObjectRootBase@ATL@@QAE@XZ 100abb70 f i nafxcwd:wincore.obj
 0002:00025b90       ?FinalConstruct@CComObjectRootBase@ATL@@QAEJXZ 100abb90 f i nafxcwd:wincore.obj
 0002:00025ba0       ?_AtlFinalConstruct@CComObjectRootBase@ATL@@QAEJXZ 100abba0 f i nafxcwd:wincore.obj
 0002:00025bb0       ?InternalQueryInterface@CComObjectRootBase@ATL@@SGJPAXPBU_ATL_INTMAP_ENTRY@2@ABU_GUID@@PAPAX@Z 100abbb0 f i nafxcwd:wincore.obj
 0002:00025c80       ?SetVoid@CComObjectRootBase@ATL@@QAEXPAX@Z 100abc80 f i nafxcwd:wincore.obj
 0002:00025c90       ?InternalFinalConstructAddRef@CComObjectRootBase@ATL@@QAEXXZ 100abc90 f i nafxcwd:wincore.obj
 0002:00025ca0       ?InternalFinalConstructRelease@CComObjectRootBase@ATL@@QAEXXZ 100abca0 f i nafxcwd:wincore.obj
 0002:00025cf0       ?InternalAddRef@?$CComObjectRootEx@VCComSingleThreadModel@ATL@@@ATL@@QAEKXZ 100abcf0 f i nafxcwd:wincore.obj
 0002:00025d40       ?Increment@CComSingleThreadModel@ATL@@SGKPAJ@Z 100abd40 f i nafxcwd:wincore.obj
 0002:00025d60       ?InternalRelease@?$CComObjectRootEx@VCComSingleThreadModel@ATL@@@ATL@@QAEKXZ 100abd60 f i nafxcwd:wincore.obj
 0002:00025dc0       ?Decrement@CComSingleThreadModel@ATL@@SGKPAJ@Z 100abdc0 f i nafxcwd:wincore.obj
 0002:00025de0       ?GetBufferSetLength@?$CSimpleStringT@D$0A@@ATL@@QAEPADH@Z 100abde0 f i nafxcwd:wincore.obj
 0002:00025e20       _IsEqualGUID               100abe20 f i nafxcwd:cmdtarg.obj
 0002:00025e50       ?DrawState@@YGHPAUHDC__@@PAUHBRUSH__@@P6GH0JIHH@ZJIHHHHI@Z 100abe50 f i nafxcwd:afxinl2.obj
 0002:00025ea0       ??2@YAPAXIPAX@Z            100abea0 f i nafxcwd:list_s.obj
 0002:00025eb0       ??4?$CStringT@DV?$StrTraitMFC@DV?$ChTraitsCRT@D@ATL@@@@@ATL@@QAEAAV01@PB_W@Z 100abeb0 f i nafxcwd:list_s.obj
 0002:00025f50       ??1?$CTempBuffer@_W$0IA@VCCRTAllocator@ATL@@@ATL@@QAE@XZ 100abf50 f i nafxcwd:list_s.obj
 0002:00025f80       ??B?$CTempBuffer@_W$0IA@VCCRTAllocator@ATL@@@ATL@@QBEPA_WXZ 100abf80 f i nafxcwd:list_s.obj
 0002:00025fa0       ?Allocate@?$CTempBuffer@_W$0IA@VCCRTAllocator@ATL@@@ATL@@QAEPA_WI@Z 100abfa0 f i nafxcwd:list_s.obj
 0002:00025fd0       ?GetBaseTypeLength@?$ChTraitsCRT@D@ATL@@SAHPB_W@Z 100abfd0 f i nafxcwd:list_s.obj
 0002:00026000       ?AllocateBytes@?$CTempBuffer@_W$0IA@VCCRTAllocator@ATL@@@ATL@@QAEPA_WI@Z 100ac000 f i nafxcwd:list_s.obj
 0002:00026080       ?FreeHeap@?$CTempBuffer@_W$0IA@VCCRTAllocator@ATL@@@ATL@@AAEXXZ 100ac080 f i nafxcwd:list_s.obj
 0002:000260a0       ?AllocateHeap@?$CTempBuffer@_W$0IA@VCCRTAllocator@ATL@@@ATL@@AAEXI@Z 100ac0a0 f i nafxcwd:list_s.obj
 0002:000260f0       ??0AFX_CLASSINIT@@QAE@PAUCRuntimeClass@@@Z 100ac0f0 f i nafxcwd:list_s.obj
 0002:00026110       __tcschr                   100ac110 f i nafxcwd:winstr.obj
 0002:00026130       ?GetBaseTypeLength@?$ChTraitsCRT@_W@ATL@@SAHPBD@Z 100ac130 f i nafxcwd:strcore.obj
 0002:00026160       ?ConvertToBaseType@?$ChTraitsCRT@_W@ATL@@SAXPA_WHPBDH@Z 100ac160 f i nafxcwd:strcore.obj
 0002:00026190       ??0CComBSTR@ATL@@QAE@ABV01@@Z 100ac190 f i nafxcwd:strcore.obj
 0002:000261e0       ??1CComBSTR@ATL@@QAE@XZ    100ac1e0 f i nafxcwd:strcore.obj
 0002:00026200       ?Length@CComBSTR@ATL@@QBEIXZ 100ac200 f i nafxcwd:strcore.obj
 0002:00026240       ?Copy@CComBSTR@ATL@@QBEPA_WXZ 100ac240 f i nafxcwd:strcore.obj
 0002:00026280       ??7CComBSTR@ATL@@QBE_NXZ   100ac280 f i nafxcwd:strcore.obj
 0002:000262a0       ??0CNilStringData@ATL@@QAE@XZ 100ac2a0 f i nafxcwd:strcore.obj
 0002:00026300       ?SetManager@CNilStringData@ATL@@QAEXPAUIAtlStringMgr@2@@Z 100ac300 f i nafxcwd:strcore.obj
 0002:00026350       ?ocslen@@YAHPB_W@Z         100ac350 f i nafxcwd:olemisc.obj
 0002:00026370       ?ocscpy@@YAPA_WPA_WPB_W@Z  100ac370 f i nafxcwd:olemisc.obj
 0002:000263a0       ?AtlDevModeA2W@@YAPAU_devicemodeW@@PAU1@PBU_devicemodeA@@@Z 100ac3a0 f i nafxcwd:olemisc.obj
 0002:00026550       ?AtlDevModeW2A@@YGPAU_devicemodeA@@PAU1@PBU_devicemodeW@@@Z 100ac550 f i nafxcwd:olemisc.obj
 0002:000266c0       ??Y?$CStringT@DV?$StrTraitMFC@DV?$ChTraitsCRT@D@ATL@@@@@ATL@@QAEAAV01@D@Z 100ac6c0 f i nafxcwd:olemisc.obj
 0002:000266f0       ??Y?$CSimpleStringT@D$0A@@ATL@@QAEAAV01@D@Z 100ac6f0 f i nafxcwd:olemisc.obj
 0002:00026720       ?AppendChar@?$CSimpleStringT@D$0A@@ATL@@QAEXD@Z 100ac720 f i nafxcwd:olemisc.obj
 0002:00026780       ?GetHead@CSimpleList@@QBEPAXXZ 100ac780 f i nafxcwd:thrdcore.obj
 0002:000267a0       ??_9@$BBFE@AE              100ac7a0 f i nafxcwd:dlgcore.obj
 0002:000267b0       ??_9@$BBFI@AE              100ac7b0 f i nafxcwd:dlgcore.obj
 0002:000267c0       ?T2CA@@YAPBDPBD@Z          100ac7c0 f i nafxcwd:appcore.obj
 0002:000267d0       ?SetResourceInstance@CAtlBaseModule@ATL@@QAEPAUHINSTANCE__@@PAU3@@Z 100ac7d0 f i nafxcwd:appcore.obj
 0002:00026800       ?GetSize@CRecentFileList@@QBEHXZ 100ac800 f i nafxcwd:appcore.obj
 0002:00026820       ??ACRecentFileList@@QAEAAV?$CStringT@DV?$StrTraitMFC@DV?$ChTraitsCRT@D@ATL@@@@@ATL@@H@Z 100ac820 f i nafxcwd:appcore.obj
 0002:00026870       ?GetBuffer@?$CSimpleStringT@D$0A@@ATL@@QAEPADXZ 100ac870 f i nafxcwd:appui2.obj
 0002:000268c0       _!=                        100ac8c0 f i nafxcwd:olefact.obj
 0002:000268e0       _==                        100ac8e0 f i nafxcwd:olefact.obj
 0002:00026900       ??3@YAXPAX0@Z              100ac900 f i nafxcwd:afxtls.obj
 0002:00026910       ??0CSimpleList@@QAE@H@Z    100ac910 f i nafxcwd:afxtls.obj
 0002:00026940       ?Construct@CSimpleList@@QAEXH@Z 100ac940 f i nafxcwd:afxtls.obj
 0002:00026980       ?GetNextPtr@CSimpleList@@QBEPAPAXPAX@Z 100ac980 f i nafxcwd:afxtls.obj
 0002:000269c0       ??2CThreadSlotData@@SGPAXIPAX@Z 100ac9c0 f i nafxcwd:afxtls.obj
 0002:000269d0       ?GetAllocSize@CFixedAllocNoSync@@QAEIXZ 100ac9d0 f i nafxcwd:winhand.obj
 0002:000269f0       ??_ECHandleMap@@UAEPAXI@Z  100ac9f0 f i nafxcwd:winhand.obj
 0002:000269f0       ??_GCHandleMap@@UAEPAXI@Z  100ac9f0 f i nafxcwd:winhand.obj
 0002:00026a30       ??1CHandleMap@@UAE@XZ      100aca30 f i nafxcwd:winhand.obj
 0002:00026ac0       ??0CTraceCategory@ATL@@QAE@PBDI@Z 100acac0 f i nafxcwd:appinit.obj
 0002:00026b20       ?ChangeCategory@CTrace@ATL@@QAE_NKIW4ATLTRACESTATUS@2@@Z 100acb20 f i nafxcwd:appinit.obj
 0002:00026b50       ?RegisterCategory@CTrace@ATL@@QAEKPBD@Z 100acb50 f i nafxcwd:appinit.obj
 0002:00026b80       ??0CTypeLibCache@@QAE@XZ   100acb80 f i nafxcwd:afxstate.obj
 0002:00026bd0       ??_Estringdispid@CComTypeInfoHolder@ATL@@QAEPAXI@Z 100acbd0 f i nafxcwd:objcore.obj
 0002:00026c60       ??1stringdispid@CComTypeInfoHolder@ATL@@QAE@XZ 100acc60 f i nafxcwd:objcore.obj
 0002:00026c80       ??0CAtlWinModule@ATL@@QAE@XZ 100acc80 f i nafxcwd:objcore.obj
 0002:00026cd0       ??0_ATL_WIN_MODULE70@ATL@@QAE@XZ 100accd0 f i nafxcwd:objcore.obj
 0002:00026d00       ??0CComCriticalSection@ATL@@QAE@XZ 100acd00 f i nafxcwd:objcore.obj
 0002:00026d30       ??0?$CSimpleArray@GV?$CSimpleArrayEqualHelper@G@ATL@@@ATL@@QAE@XZ 100acd30 f i nafxcwd:objcore.obj
 0002:00026d70       ??1CAtlWinModule@ATL@@QAE@XZ 100acd70 f i nafxcwd:objcore.obj
 0002:00026dd0       ?Term@CAtlWinModule@ATL@@QAEXXZ 100acdd0 f i nafxcwd:objcore.obj
 0002:00026e00       ?GetModuleInstance@CAtlBaseModule@ATL@@QAEPAUHINSTANCE__@@XZ 100ace00 f i nafxcwd:objcore.obj
 0002:00026e20       ??1_ATL_WIN_MODULE70@ATL@@QAE@XZ 100ace20 f i nafxcwd:objcore.obj
 0002:00026e40       ?AtlWinModuleTerm@ATL@@YGJPAU_ATL_WIN_MODULE70@1@PAUHINSTANCE__@@@Z 100ace40 f i nafxcwd:objcore.obj
 0002:00026f00       ?Term@CComCriticalSection@ATL@@QAEJXZ 100acf00 f i nafxcwd:objcore.obj
 0002:00026f20       ??1?$CSimpleArray@GV?$CSimpleArrayEqualHelper@G@ATL@@@ATL@@QAE@XZ 100acf20 f i nafxcwd:objcore.obj
 0002:00026f40       ?GetSize@?$CSimpleArray@GV?$CSimpleArrayEqualHelper@G@ATL@@@ATL@@QBEHXZ 100acf40 f i nafxcwd:objcore.obj
 0002:00026f60       ?RemoveAll@?$CSimpleArray@GV?$CSimpleArrayEqualHelper@G@ATL@@@ATL@@QAEXXZ 100acf60 f i nafxcwd:objcore.obj
 0002:00026fe0       ??A?$CSimpleArray@GV?$CSimpleArrayEqualHelper@G@ATL@@@ATL@@QAEAAGH@Z 100acfe0 f i nafxcwd:objcore.obj
 0002:00027060       ?_AtlRaiseException@ATL@@YAXKK@Z 100ad060 f i nafxcwd:objcore.obj
 0002:00027080       ?_wcstombsz@ATL@@YAHPADPB_WK@Z 100ad080 f i nafxcwd:dumpcont.obj
 0002:00027110       ?AtlGetCommCtrlVersion@ATL@@YAJPAK0@Z 100ad110 f i nafxcwd:winctrl3.obj
 0002:000271f0       ?AtlGetDllVersion@ATL@@YAJPBDPAU_DLLVERSIONINFO@@@Z 100ad1f0 f i nafxcwd:winctrl3.obj
 0002:00027250       ?AtlHresultFromLastError@ATL@@YAJXZ 100ad250 f i nafxcwd:winctrl3.obj
 0002:000272a0       ?AtlGetDllVersion@ATL@@YAJPAUHINSTANCE__@@PAU_DLLVERSIONINFO@@@Z 100ad2a0 f i nafxcwd:winctrl3.obj
 0002:00027320       ?AtlIsValidString@ATL@@YAHPB_WI@Z 100ad320 f i nafxcwd:validadd.obj
 0002:00027410       ?AtlIsValidAddress@ATL@@YAHPBXIH@Z 100ad410 f i nafxcwd:validadd.obj
 0002:00027470       ??0CAssoc@CMapStringToString@@QAE@PBD@Z 100ad470 f i nafxcwd:map_ss.obj
 0002:000274a0       ??0CPair@CMapStringToString@@IAE@PBD@Z 100ad4a0 f i nafxcwd:map_ss.obj
 0002:000274d0       ??1CPair@CMapStringToString@@QAE@XZ 100ad4d0 f i nafxcwd:map_ss.obj
 0002:00027500       __tcsrchr                  100ad500 f i nafxcwd:dlgfile.obj
 0002:00027520       __tcsinc                   100ad520 f i nafxcwd:dlgfile.obj
 0002:00027540       ??1CCommonDialog@@UAE@XZ   100ad540 f i nafxcwd:dlgfile.obj
 0002:00027570       ?AfxCheckError@@YGXJ@Z     100ad570 f   nafxcwd:olevar.obj
 0002:000275a0       ?_AfxCompareSafeArrays@@YGHPAUtagSAFEARRAY@@0@Z 100ad5a0 f   nafxcwd:olevar.obj
 0002:000279f0       ?_AfxCreateOneDimArray@@YGXAAUtagVARIANT@@K@Z 100ad9f0 f   nafxcwd:olevar.obj
 0002:00027b10       ?_AfxCopyBinaryData@@YGXPAUtagSAFEARRAY@@PBXK@Z 100adb10 f   nafxcwd:olevar.obj
 0002:00027b60       ??0COleVariant@@QAE@ABUtagVARIANT@@@Z 100adb60 f   nafxcwd:olevar.obj
 0002:00027b90       ??0COleVariant@@QAE@PBUtagVARIANT@@@Z 100adb90 f   nafxcwd:olevar.obj
 0002:00027bc0       ??0COleVariant@@QAE@ABV0@@Z 100adbc0 f   nafxcwd:olevar.obj
 0002:00027bf0       ??0COleVariant@@QAE@PBDG@Z 100adbf0 f   nafxcwd:olevar.obj
 0002:00027d00       ?SetString@COleVariant@@QAEXPBDG@Z 100add00 f   nafxcwd:olevar.obj
 0002:00027e20       ??0COleVariant@@QAE@FG@Z   100ade20 f   nafxcwd:olevar.obj
 0002:00027ea0       ??0COleVariant@@QAE@JG@Z   100adea0 f   nafxcwd:olevar.obj
 0002:00027fe0       ?ChangeType@COleVariant@@QAEXGPAUtagVARIANT@@@Z 100adfe0 f   nafxcwd:olevar.obj
 0002:00028030       ?Attach@COleVariant@@QAEXAAUtagVARIANT@@@Z 100ae030 f   nafxcwd:olevar.obj
 0002:00028060       ?Detach@COleVariant@@QAE?AUtagVARIANT@@XZ 100ae060 f   nafxcwd:olevar.obj
 0002:000280b0       ?GetByteArrayFromVariantArray@COleVariant@@QAEXAAVCByteArray@@@Z 100ae0b0 f   nafxcwd:olevar.obj
 0002:000281d0       ??8COleVariant@@QBEHABUtagVARIANT@@@Z 100ae1d0 f   nafxcwd:olevar.obj
 0002:00028550       ??4COleVariant@@QAEABV0@ABUtagVARIANT@@@Z 100ae550 f   nafxcwd:olevar.obj
 0002:00028580       ??4COleVariant@@QAEABV0@PBUtagVARIANT@@@Z 100ae580 f   nafxcwd:olevar.obj
 0002:000285b0       ??4COleVariant@@QAEABV0@ABV0@@Z 100ae5b0 f   nafxcwd:olevar.obj
 0002:000285e0       ??4COleVariant@@QAEABV0@QBD@Z 100ae5e0 f   nafxcwd:olevar.obj
 0002:000286b0       ??4COleVariant@@QAEABV0@ABV?$CStringT@DV?$StrTraitMFC@DV?$ChTraitsCRT@D@ATL@@@@@ATL@@@Z 100ae6b0 f   nafxcwd:olevar.obj
 0002:00028770       ??4COleVariant@@QAEABV0@E@Z 100ae770 f   nafxcwd:olevar.obj
 0002:000287b0       ??4COleVariant@@QAEABV0@F@Z 100ae7b0 f   nafxcwd:olevar.obj
 0002:00028820       ??4COleVariant@@QAEABV0@J@Z 100ae820 f   nafxcwd:olevar.obj
 0002:000288a0       ??4COleVariant@@QAEABV0@ABVCOleCurrency@@@Z 100ae8a0 f   nafxcwd:olevar.obj
 0002:000288e0       ??4COleVariant@@QAEABV0@M@Z 100ae8e0 f   nafxcwd:olevar.obj
 0002:00028920       ??4COleVariant@@QAEABV0@N@Z 100ae920 f   nafxcwd:olevar.obj
 0002:00028960       ??4COleVariant@@QAEABV0@ABVCOleDateTime@ATL@@@Z 100ae960 f   nafxcwd:olevar.obj
 0002:000289a0       ??4COleVariant@@QAEABV0@ABVCByteArray@@@Z 100ae9a0 f   nafxcwd:olevar.obj
 0002:00028a00       ??4COleVariant@@QAEABV0@ABVCLongBinary@@@Z 100aea00 f   nafxcwd:olevar.obj
 0002:00028a70       ?AfxVariantInit@@YGXPAUtagVARIANT@@@Z 100aea70 f   nafxcwd:olevar.obj
 0002:00028a90       ??6@YGAAVCDumpContext@@AAV0@VCOleVariant@@@Z 100aea90 f   nafxcwd:olevar.obj
 0002:00028fa0       ??6@YGAAVCArchive@@AAV0@VCOleVariant@@@Z 100aefa0 f   nafxcwd:olevar.obj
 0002:00029510       ??5@YGAAVCArchive@@AAV0@AAVCOleVariant@@@Z 100af510 f   nafxcwd:olevar.obj
 0002:00029970       ??6@YGAAVCArchive@@AAV0@VCComBSTR@ATL@@@Z 100af970 f   nafxcwd:olevar.obj
 0002:000299f0       ??5@YGAAVCArchive@@AAV0@AAVCComBSTR@ATL@@@Z 100af9f0 f   nafxcwd:olevar.obj
 0002:00029a60       ??$CopyElements@VCOleVariant@@@@YGXPAVCOleVariant@@PBV0@H@Z 100afa60 f   nafxcwd:olevar.obj
 0002:00029b00       ??$SerializeElements@VCOleVariant@@@@YGXAAVCArchive@@PAVCOleVariant@@H@Z 100afb00 f   nafxcwd:olevar.obj
 0002:00029bb0       ??$DumpElements@VCOleVariant@@@@YGXAAVCDumpContext@@PBVCOleVariant@@H@Z 100afbb0 f   nafxcwd:olevar.obj
 0002:00029c00       ??$HashKey@ABUtagVARIANT@@@@YGIABUtagVARIANT@@@Z 100afc00 f   nafxcwd:olevar.obj
 0002:00029d20       ??0COleCurrency@@QAE@JJ@Z  100afd20 f   nafxcwd:olevar.obj
 0002:00029d50       ??4COleCurrency@@QAEABV0@TtagCY@@@Z 100afd50 f   nafxcwd:olevar.obj
 0002:00029d80       ??4COleCurrency@@QAEABV0@ABV0@@Z 100afd80 f   nafxcwd:olevar.obj
 0002:00029db0       ??4COleCurrency@@QAEABV0@ABUtagVARIANT@@@Z 100afdb0 f   nafxcwd:olevar.obj
 0002:00029ec0       ??MCOleCurrency@@QBEHABV0@@Z 100afec0 f   nafxcwd:olevar.obj
 0002:00029f50       ??OCOleCurrency@@QBEHABV0@@Z 100aff50 f   nafxcwd:olevar.obj
 0002:00029fe0       ??NCOleCurrency@@QBEHABV0@@Z 100affe0 f   nafxcwd:olevar.obj
 0002:0002a070       ??PCOleCurrency@@QBEHABV0@@Z 100b0070 f   nafxcwd:olevar.obj
 0002:0002a100       ??HCOleCurrency@@QBE?AV0@ABV0@@Z 100b0100 f   nafxcwd:olevar.obj
 0002:0002a1e0       ??GCOleCurrency@@QBE?AV0@ABV0@@Z 100b01e0 f   nafxcwd:olevar.obj
 0002:0002a2c0       ??GCOleCurrency@@QBE?AV0@XZ 100b02c0 f   nafxcwd:olevar.obj
 0002:0002a350       ??DCOleCurrency@@QBE?AV0@J@Z 100b0350 f   nafxcwd:olevar.obj
 0002:0002a550       ??KCOleCurrency@@QBE?AV0@J@Z 100b0550 f   nafxcwd:olevar.obj
 0002:0002a640       ?SetCurrency@COleCurrency@@QAEXJJ@Z 100b0640 f   nafxcwd:olevar.obj
 0002:0002a6f0       ?ParseCurrency@COleCurrency@@QAEHPBDKK@Z 100b06f0 f   nafxcwd:olevar.obj
 0002:0002a8b0       ?Format@COleCurrency@@QBE?AV?$CStringT@DV?$StrTraitMFC@DV?$ChTraitsCRT@D@ATL@@@@@ATL@@KK@Z 100b08b0 f   nafxcwd:olevar.obj
 0002:0002aa60       ??6@YGAAVCDumpContext@@AAV0@VCOleCurrency@@@Z 100b0a60 f   nafxcwd:olevar.obj
 0002:0002ab00       ??6@YGAAVCArchive@@AAV0@VCOleCurrency@@@Z 100b0b00 f   nafxcwd:olevar.obj
 0002:0002ab30       ??5@YGAAVCArchive@@AAV0@AAVCOleCurrency@@@Z 100b0b30 f   nafxcwd:olevar.obj
 0002:0002ab70       ??6@YGAAVCDumpContext@@AAV0@VCOleDateTime@ATL@@@Z 100b0b70 f   nafxcwd:olevar.obj
 0002:0002ac10       ??6@YGAAVCArchive@@AAV0@VCOleDateTime@ATL@@@Z 100b0c10 f   nafxcwd:olevar.obj
 0002:0002ac40       ??5@YGAAVCArchive@@AAV0@AAVCOleDateTime@ATL@@@Z 100b0c40 f   nafxcwd:olevar.obj
 0002:0002ac70       ??6@YGAAVCDumpContext@@AAV0@VCOleDateTimeSpan@ATL@@@Z 100b0c70 f   nafxcwd:olevar.obj
 0002:0002ad20       ??6@YGAAVCArchive@@AAV0@VCOleDateTimeSpan@ATL@@@Z 100b0d20 f   nafxcwd:olevar.obj
 0002:0002ad50       ??5@YGAAVCArchive@@AAV0@AAVCOleDateTimeSpan@ATL@@@Z 100b0d50 f   nafxcwd:olevar.obj
 0002:0002ad80       ??0COleSafeArray@@QAE@ABUtagSAFEARRAY@@G@Z 100b0d80 f   nafxcwd:olevar.obj
 0002:0002ade0       ??0COleSafeArray@@QAE@PBUtagSAFEARRAY@@G@Z 100b0de0 f   nafxcwd:olevar.obj
 0002:0002ae40       ??0COleSafeArray@@QAE@ABV0@@Z 100b0e40 f   nafxcwd:olevar.obj
 0002:0002ae90       ??0COleSafeArray@@QAE@ABUtagVARIANT@@@Z 100b0e90 f   nafxcwd:olevar.obj
 0002:0002aee0       ??0COleSafeArray@@QAE@ABVCOleVariant@@@Z 100b0ee0 f   nafxcwd:olevar.obj
 0002:0002af30       ??0COleSafeArray@@QAE@PBUtagVARIANT@@@Z 100b0f30 f   nafxcwd:olevar.obj
 0002:0002af80       ?Attach@COleSafeArray@@QAEXAAUtagVARIANT@@@Z 100b0f80 f   nafxcwd:olevar.obj
 0002:0002aff0       ?Detach@COleSafeArray@@QAE?AUtagVARIANT@@XZ 100b0ff0 f   nafxcwd:olevar.obj
 0002:0002b040       ?GetByteArray@COleSafeArray@@QAEXAAVCByteArray@@@Z 100b1040 f   nafxcwd:olevar.obj
 0002:0002b160       ??4COleSafeArray@@QAEAAV0@ABV0@@Z 100b1160 f   nafxcwd:olevar.obj
 0002:0002b1c0       ??4COleSafeArray@@QAEAAV0@ABUtagVARIANT@@@Z 100b11c0 f   nafxcwd:olevar.obj
 0002:0002b220       ??4COleSafeArray@@QAEAAV0@PBUtagVARIANT@@@Z 100b1220 f   nafxcwd:olevar.obj
 0002:0002b280       ??4COleSafeArray@@QAEAAV0@ABVCOleVariant@@@Z 100b1280 f   nafxcwd:olevar.obj
 0002:0002b2e0       ??8COleSafeArray@@QBEHABUtagSAFEARRAY@@@Z 100b12e0 f   nafxcwd:olevar.obj
 0002:0002b300       ??8COleSafeArray@@QBEHPBUtagSAFEARRAY@@@Z 100b1300 f   nafxcwd:olevar.obj
 0002:0002b320       ??8COleSafeArray@@QBEHABV0@@Z 100b1320 f   nafxcwd:olevar.obj
 0002:0002b360       ??8COleSafeArray@@QBEHABUtagVARIANT@@@Z 100b1360 f   nafxcwd:olevar.obj
 0002:0002b3a0       ??8COleSafeArray@@QBEHPBUtagVARIANT@@@Z 100b13a0 f   nafxcwd:olevar.obj
 0002:0002b3e0       ??8COleSafeArray@@QBEHABVCOleVariant@@@Z 100b13e0 f   nafxcwd:olevar.obj
 0002:0002b420       ?_AfxDumpSafeArrayElement@@YAXAAVCDumpContext@@AAVCOleSafeArray@@PAJ@Z 100b1420 f   nafxcwd:olevar.obj
 0002:0002b700       ??6@YGAAVCDumpContext@@AAV0@AAVCOleSafeArray@@@Z 100b1700 f   nafxcwd:olevar.obj
 0002:0002b980       ?CreateOneDim@COleSafeArray@@QAEXGKPBXJ@Z 100b1980 f   nafxcwd:olevar.obj
 0002:0002ba10       ?GetOneDimSize@COleSafeArray@@QAEKXZ 100b1a10 f   nafxcwd:olevar.obj
 0002:0002ba70       ?ResizeOneDim@COleSafeArray@@QAEXK@Z 100b1a70 f   nafxcwd:olevar.obj
 0002:0002bad0       ?Create@COleSafeArray@@QAEXGKPAK@Z 100b1ad0 f   nafxcwd:olevar.obj
 0002:0002bc00       ?Create@COleSafeArray@@QAEXGKPAUtagSAFEARRAYBOUND@@@Z 100b1c00 f   nafxcwd:olevar.obj
 0002:0002bd80       ?AccessData@COleSafeArray@@QAEXPAPAX@Z 100b1d80 f   nafxcwd:olevar.obj
 0002:0002bdb0       ?UnaccessData@COleSafeArray@@QAEXXZ 100b1db0 f   nafxcwd:olevar.obj
 0002:0002bdd0       ?AllocData@COleSafeArray@@QAEXXZ 100b1dd0 f   nafxcwd:olevar.obj
 0002:0002bdf0       ?AllocDescriptor@COleSafeArray@@QAEXK@Z 100b1df0 f   nafxcwd:olevar.obj
 0002:0002be20       ?Copy@COleSafeArray@@QAEXPAPAUtagSAFEARRAY@@@Z 100b1e20 f   nafxcwd:olevar.obj
 0002:0002be50       ?GetLBound@COleSafeArray@@QAEXKPAJ@Z 100b1e50 f   nafxcwd:olevar.obj
 0002:0002be80       ?GetUBound@COleSafeArray@@QAEXKPAJ@Z 100b1e80 f   nafxcwd:olevar.obj
 0002:0002beb0       ?GetElement@COleSafeArray@@QAEXPAJPAX@Z 100b1eb0 f   nafxcwd:olevar.obj
 0002:0002bee0       ?PtrOfIndex@COleSafeArray@@QAEXPAJPAPAX@Z 100b1ee0 f   nafxcwd:olevar.obj
 0002:0002bf10       ?PutElement@COleSafeArray@@QAEXPAJPAX@Z 100b1f10 f   nafxcwd:olevar.obj
 0002:0002bf40       ?Redim@COleSafeArray@@QAEXPAUtagSAFEARRAYBOUND@@@Z 100b1f40 f   nafxcwd:olevar.obj
 0002:0002bf70       ?Lock@COleSafeArray@@QAEXXZ 100b1f70 f   nafxcwd:olevar.obj
 0002:0002bf90       ?Unlock@COleSafeArray@@QAEXXZ 100b1f90 f   nafxcwd:olevar.obj
 0002:0002bfb0       ?Destroy@COleSafeArray@@QAEXXZ 100b1fb0 f   nafxcwd:olevar.obj
 0002:0002bfd0       ?DestroyData@COleSafeArray@@QAEXXZ 100b1fd0 f   nafxcwd:olevar.obj
 0002:0002bff0       ?DestroyDescriptor@COleSafeArray@@QAEXXZ 100b1ff0 f   nafxcwd:olevar.obj
 0002:0002c010       ?AfxSafeArrayInit@@YGXPAVCOleSafeArray@@@Z 100b2010 f   nafxcwd:olevar.obj
 0002:0002c030       ?DDX_Text@@YGXPAVCDataExchange@@HAAVCOleDateTime@ATL@@@Z 100b2030 f   nafxcwd:olevar.obj
 0002:0002c150       ?DDX_Text@@YGXPAVCDataExchange@@HAAU_FILETIME@@@Z 100b2150 f   nafxcwd:olevar.obj
 0002:0002c2d0       ?DDX_Text@@YGXPAVCDataExchange@@HAAVCOleCurrency@@@Z 100b22d0 f   nafxcwd:olevar.obj
 0002:0002c3f0       ?DDX_Text@@YGXPAVCDataExchange@@HAAUtagDEC@@@Z 100b23f0 f   nafxcwd:olevar.obj
 0002:0002c5d0       ?DDX_Text@@YGXPAVCDataExchange@@HAAU_GUID@@@Z 100b25d0 f   nafxcwd:olevar.obj
 0002:0002dc70       ?Attach@CComBSTR@ATL@@QAEXPA_W@Z 100b3c70 f i nafxcwd:olevar.obj
 0002:0002dcb0       ?Detach@CComBSTR@ATL@@QAEPA_WXZ 100b3cb0 f i nafxcwd:olevar.obj
 0002:0002dce0       ??$HashKey@K@@YGIK@Z       100b3ce0 f i nafxcwd:olevar.obj
 0002:0002dcf0       ?Empty@CComBSTR@ATL@@QAEXXZ 100b3cf0 f i nafxcwd:olevar.obj
 0002:0002dd20       ?ParseDateTime@COleDateTime@ATL@@QAE_NPBDKK@Z 100b3d20 f i nafxcwd:olevar.obj
 0002:0002dfb0       ?Format@COleDateTime@ATL@@QBE?AV?$CStringT@DV?$StrTraitMFC@DV?$ChTraitsCRT@D@ATL@@@@@2@KK@Z 100b3fb0 f i nafxcwd:olevar.obj
 0002:0002e230       ??0CComBSTR@ATL@@QAE@XZ    100b4230 f i nafxcwd:olevar.obj
 0002:0002e250       ??BCComBSTR@ATL@@QBEPA_WXZ 100b4250 f i nafxcwd:olevar.obj
 0002:0002e270       ??ICComBSTR@ATL@@QAEPAPA_WXZ 100b4270 f i nafxcwd:olevar.obj
 0002:0002e290       ??0?$CStringT@DV?$StrTraitMFC@DV?$ChTraitsCRT@D@ATL@@@@@ATL@@QAE@PB_W@Z 100b4290 f i nafxcwd:olevar.obj
 0002:0002e320       ?AtlAllocTaskWideString@ATL@@YAPA_WPBD@Z 100b4320 f i nafxcwd:olecnvrt.obj
 0002:0002e3e0       ?AtlAllocTaskAnsiString@ATL@@YAPADPB_W@Z 100b43e0 f i nafxcwd:olecnvrt.obj
 0002:0002e4a0       ??RCTraceFileAndLineInfo@ATL@@QBAXPBDZZ 100b44a0 f i nafxcwd:winfrm.obj
 0002:0002e500       ?_mbstowcsz@ATL@@YAHPA_WPBDK@Z 100b4500 f i nafxcwd:winfrm.obj
 0002:0002e5a0       ??0CPushRoutingFrame@@QAE@PAVCFrameWnd@@@Z 100b45a0 f i nafxcwd:winfrm.obj
 0002:0002e620       ??1CPushRoutingFrame@@QAE@XZ 100b4620 f i nafxcwd:winfrm.obj
 0002:0002e6a0       ?Pop@CPushRoutingFrame@@QAEXXZ 100b46a0 f i nafxcwd:winfrm.obj
 0002:0002e740       ?GetFileTitle@@YGFPBDPADG@Z 100b4740 f i nafxcwd:filecore.obj
 0002:0002e760       __tcsdec                   100b4760 f i nafxcwd:docmgr.obj
 0002:0002e780       ??0CFixedAllocNoSync@@QAE@II@Z 100b4780 f   nafxcwd:fixalloc.obj
 0002:0002e800       ??1CFixedAllocNoSync@@QAE@XZ 100b4800 f   nafxcwd:fixalloc.obj
 0002:0002e820       ?FreeAll@CFixedAllocNoSync@@QAEXXZ 100b4820 f   nafxcwd:fixalloc.obj
 0002:0002e850       ?Alloc@CFixedAllocNoSync@@QAEPAXXZ 100b4850 f   nafxcwd:fixalloc.obj
 0002:0002e920       ?Free@CFixedAllocNoSync@@QAEXPAX@Z 100b4920 f   nafxcwd:fixalloc.obj
 0002:0002e950       ??0CFixedAlloc@@QAE@II@Z   100b4950 f   nafxcwd:fixalloc.obj
 0002:0002e980       ??1CFixedAlloc@@QAE@XZ     100b4980 f   nafxcwd:fixalloc.obj
 0002:0002e9a0       ?FreeAll@CFixedAlloc@@QAEXXZ 100b49a0 f   nafxcwd:fixalloc.obj
 0002:0002ea50       ?Alloc@CFixedAlloc@@QAEPAXXZ 100b4a50 f   nafxcwd:fixalloc.obj
 0002:0002eb10       ?Free@CFixedAlloc@@QAEXPAX@Z 100b4b10 f   nafxcwd:fixalloc.obj
 0002:0002ece0       ??0IStream@@QAE@XZ         100b4ce0 f i nafxcwd:arcstrm.obj
 0002:0002ed00       ??0ISequentialStream@@QAE@XZ 100b4d00 f i nafxcwd:arcstrm.obj
 0002:0002ed20       ?EnableTypeLib@CCmdTarget@@QAEXXZ 100b4d20 f   nafxcwd:oletyplb.obj
 0002:0002ed70       ?GetTypeInfoOfGuid@CCmdTarget@@QAEJKABU_GUID@@PAPAUITypeInfo@@@Z 100b4d70 f   nafxcwd:oletyplb.obj
 0002:0002ef30       ?AfxGetTypeLibCache@@YGPAVCTypeLibCache@@PBU_GUID@@@Z 100b4f30 f   nafxcwd:oletyplb.obj
 0002:0002f120       ?Lock@CTypeLibCache@@QAEXXZ 100b5120 f   nafxcwd:oletyplb.obj
 0002:0002f170       ?Lookup@CTypeLibCache@@QAEHKPAPAUITypeLib@@@Z 100b5170 f   nafxcwd:oletyplb.obj
 0002:0002f1e0       ?Cache@CTypeLibCache@@QAEXKPAUITypeLib@@@Z 100b51e0 f   nafxcwd:oletyplb.obj
 0002:0002f2a0       ?LookupTypeInfo@CTypeLibCache@@QAEHKABU_GUID@@PAPAUITypeInfo@@@Z 100b52a0 f   nafxcwd:oletyplb.obj
 0002:0002f350       ?CacheTypeInfo@CTypeLibCache@@QAEXKABU_GUID@@PAUITypeInfo@@@Z 100b5350 f   nafxcwd:oletyplb.obj
 0002:0002f580       ??0CTypeLibCacheMap@@QAE@XZ 100b5580 f i nafxcwd:oletyplb.obj
 0002:0002f5b0       ??_ECTypeLibCacheMap@@UAEPAXI@Z 100b55b0 f i nafxcwd:oletyplb.obj
 0002:0002f5b0       ??_GCTypeLibCacheMap@@UAEPAXI@Z 100b55b0 f i nafxcwd:oletyplb.obj
 0002:0002f5f0       ??1CTypeLibCacheMap@@UAE@XZ 100b55f0 f i nafxcwd:oletyplb.obj
 0002:0002f610       ??_9@$BBGA@AE              100b5610 f i nafxcwd:viewcore.obj
 0002:0002f620       ??0CPushRoutingView@@QAE@PAVCView@@@Z 100b5620 f i nafxcwd:viewcore.obj
 0002:0002f6a0       ??1CPushRoutingView@@QAE@XZ 100b56a0 f i nafxcwd:viewcore.obj
 0002:0002f720       ?Pop@CPushRoutingView@@QAEXXZ 100b5720 f i nafxcwd:viewcore.obj
 0002:0002f7c0       ?_JumpToContinuation@@YGXPAXPAUEHRegistrationNode@@@Z 100b57c0 f   libcmtd:trnsctrl.obj
 0002:0002f800       ?_CallMemberFunction0@@YGXPAX0@Z 100b5800 f   libcmtd:trnsctrl.obj
 0002:0002f810       ?_CallMemberFunction1@@YGXPAX00@Z 100b5810 f   libcmtd:trnsctrl.obj
 0002:0002f820       ?_CallMemberFunction2@@YGXPAX00H@Z 100b5820 f   libcmtd:trnsctrl.obj
 0002:0002f830       ?_UnwindNestedFrames@@YGXPAUEHRegistrationNode@@PAUEHExceptionRecord@@@Z 100b5830 f   libcmtd:trnsctrl.obj
 0002:0002f8a0       ___CxxFrameHandler         100b58a0 f   libcmtd:trnsctrl.obj
 0002:0002f8f0       ___CxxLongjmpUnwind@4      100b58f0 f   libcmtd:trnsctrl.obj
 0002:0002f920       ?_CallCatchBlock2@@YAPAXPAUEHRegistrationNode@@PBU_s_FuncInfo@@PAXHK@Z 100b5920 f   libcmtd:trnsctrl.obj
 0002:0002fa20       ?_CallSETranslator@@YAHPAUEHExceptionRecord@@PAUEHRegistrationNode@@PAX2PBU_s_FuncInfo@@H1@Z 100b5a20 f   libcmtd:trnsctrl.obj
 0002:0002fc40       ?_GetRangeOfTrysToCheck@@YAPBU_s_TryBlockMapEntry@@PBU_s_FuncInfo@@HHPAI1@Z 100b5c40 f   libcmtd:trnsctrl.obj
 0002:0002fcf0       ?_CreateFrameInfo@@YAPAUFrameInfo@@PAU1@PAX@Z 100b5cf0 f   libcmtd:trnsctrl.obj
 0002:0002fd30       ?IsExceptionObjectToBeDestroyed@@YAHPAX@Z 100b5d30 f   libcmtd:trnsctrl.obj
 0002:0002fd70       ?_FindAndUnlinkFrame@@YAXPAUFrameInfo@@@Z 100b5d70 f   libcmtd:trnsctrl.obj
 0002:0002fddc       __global_unwind2           100b5ddc f   libcmtd:exsup.obj
 0002:0002fe1e       __local_unwind2            100b5e1e f   libcmtd:exsup.obj
 0002:0002fe76       __NLG_Return2              100b5e76     libcmtd:exsup.obj
 0002:0002fe86       __abnormal_termination     100b5e86 f   libcmtd:exsup.obj
 0002:0002fea9       __NLG_Notify1              100b5ea9 f   libcmtd:exsup.obj
 0002:0002feb2       __NLG_Notify               100b5eb2 f   libcmtd:exsup.obj
 0002:0002fec5       __NLG_Dispatch             100b5ec5     libcmtd:exsup.obj
 0002:0002ff10       __RTC_CheckEsp             100b5f10 f   libcmtd:stack.obj
 0002:0002ff40       @_RTC_CheckStackVars@8     100b5f40 f   libcmtd:stack.obj
 0002:0002ffc0       __RTC_InitBase             100b5fc0 f   libcmtd:init.obj
 0002:00030000       __RTC_Shutdown             100b6000 f   libcmtd:init.obj
 0002:00030020       __CrtDbgBreak              100b6020 f   libcmtd:dbgrpt.obj
 0002:00030030       __CrtSetReportMode         100b6030 f   libcmtd:dbgrpt.obj
 0002:000300a0       __CrtSetReportFile         100b60a0 f   libcmtd:dbgrpt.obj
 0002:00030140       __CrtSetReportHook         100b6140 f   libcmtd:dbgrpt.obj
 0002:00030170       __CrtSetReportHook2        100b6170 f   libcmtd:dbgrpt.obj
 0002:00030450       __CrtDbgReport             100b6450 f   libcmtd:dbgrpt.obj
 0002:00030d90       __mbscmp                   100b6d90 f   libcmtd:mbscmp.obj
 0002:00030f10       _strlen                    100b6f10 f   libcmtd:strlen.obj
 0002:00030fc0       _memcpy                    100b6fc0 f   libcmtd:memcpy.obj
 0002:000313d0       _memmove                   100b73d0 f   libcmtd:memmove.obj
 0002:000317e0       __fpmath                   100b77e0 f   libcmtd:fpinit.obj
 0002:00031810       __fpclear                  100b7810 f   libcmtd:fpinit.obj
 0002:00031820       __cfltcvt_init             100b7820 f   libcmtd:fpinit.obj
 0002:00031880       ___setfflag                100b7880 f   libcmtd:fpinit.obj
 0002:000318b0       _vsprintf                  100b78b0 f   libcmtd:vsprintf.obj
 0002:000319d0       __vscprintf                100b79d0 f   libcmtd:vsprintf.obj
 0002:00031a70       _atol                      100b7a70 f   libcmtd:atox.obj
 0002:00031bc0       _atoi                      100b7bc0 f   libcmtd:atox.obj
 0002:00031be0       __atoi64                   100b7be0 f   libcmtd:atox.obj
 0002:00031d64       __ftol2                    100b7d64 f   libcmtd:ftol2.obj
 0002:00031e00       _atof                      100b7e00 f   libcmtd:atof.obj
 0002:00031e60       _fclose                    100b7e60 f   libcmtd:fclose.obj
 0002:00031f50       __fclose_lk                100b7f50 f   libcmtd:fclose.obj
 0002:00032030       _fprintf                   100b8030 f   libcmtd:fprintf.obj
 0002:00032160       __fsopen                   100b8160 f   libcmtd:fopen.obj
 0002:000322e0       _fopen                     100b82e0 f   libcmtd:fopen.obj
 0002:00032300       __onexit                   100b8300 f   libcmtd:onexit.obj
 0002:000324a0       _atexit                    100b84a0 f   libcmtd:onexit.obj
 0002:000324c0       ___onexitinit              100b84c0 f   libcmtd:onexit.obj
 0002:00032520       __alloca_probe             100b8520     libcmtd:chkstk.obj
 0002:00032520       __chkstk                   100b8520 f   libcmtd:chkstk.obj
 0002:00032570       __resetstkoflw             100b8570 f   libcmtd:resetstk.obj
 0002:00032714       __except_handler3          100b8714 f   libcmtd:exsup3.obj
 0002:000327fa       __seh_longjmp_unwind@4     100b87fa f   libcmtd:exsup3.obj
 0002:00032860       _wcscat                    100b8860 f   libcmtd:wcscat.obj
 0002:000328d0       _wcscpy                    100b88d0 f   libcmtd:wcscat.obj
 0002:00032920       _malloc                    100b8920 f   libcmtd:dbgheap.obj
 0002:00032950       __malloc_dbg               100b8950 f   libcmtd:dbgheap.obj
 0002:00032990       __nh_malloc                100b8990 f   libcmtd:dbgheap.obj
 0002:000329c0       __nh_malloc_dbg            100b89c0 f   libcmtd:dbgheap.obj
 0002:00032a90       __heap_alloc               100b8a90 f   libcmtd:dbgheap.obj
 0002:00032ab0       __heap_alloc_dbg           100b8ab0 f   libcmtd:dbgheap.obj
 0002:00032e90       _calloc                    100b8e90 f   libcmtd:dbgheap.obj
 0002:00032ec0       __calloc_dbg               100b8ec0 f   libcmtd:dbgheap.obj
 0002:00032f40       _realloc                   100b8f40 f   libcmtd:dbgheap.obj
 0002:00032f70       __realloc_dbg              100b8f70 f   libcmtd:dbgheap.obj
 0002:00033680       __expand                   100b9680 f   libcmtd:dbgheap.obj
 0002:000336b0       __expand_dbg               100b96b0 f   libcmtd:dbgheap.obj
 0002:00033760       _free                      100b9760 f   libcmtd:dbgheap.obj
 0002:00033780       __free_lk                  100b9780 f   libcmtd:dbgheap.obj
 0002:000337a0       __free_dbg                 100b97a0 f   libcmtd:dbgheap.obj
 0002:00033830       __free_dbg_lk              100b9830 f   libcmtd:dbgheap.obj
 0002:00033d50       __msize                    100b9d50 f   libcmtd:dbgheap.obj
 0002:00033d70       __msize_dbg                100b9d70 f   libcmtd:dbgheap.obj
 0002:00033f40       __CrtSetBreakAlloc         100b9f40 f   libcmtd:dbgheap.obj
 0002:00033f70       __CrtSetDbgBlockType       100b9f70 f   libcmtd:dbgheap.obj
 0002:00034080       __CrtSetAllocHook          100ba080 f   libcmtd:dbgheap.obj
 0002:00034110       __CrtCheckMemory           100ba110 f   libcmtd:dbgheap.obj
 0002:00034550       __CrtSetDbgFlag            100ba550 f   libcmtd:dbgheap.obj
 0002:00034620       __CrtDoForAllClientObjects 100ba620 f   libcmtd:dbgheap.obj
 0002:000346f0       __CrtIsValidPointer        100ba6f0 f   libcmtd:dbgheap.obj
 0002:00034750       __CrtIsValidHeapPointer    100ba750 f   libcmtd:dbgheap.obj
 0002:00034830       __CrtIsMemoryBlock         100ba830 f   libcmtd:dbgheap.obj
 0002:000349a0       __CrtReportBlockType       100ba9a0 f   libcmtd:dbgheap.obj
 0002:000349e0       __CrtSetDumpClient         100ba9e0 f   libcmtd:dbgheap.obj
 0002:00034a10       __CrtMemCheckpoint         100baa10 f   libcmtd:dbgheap.obj
 0002:00034c10       __CrtMemDifference         100bac10 f   libcmtd:dbgheap.obj
 0002:00034d70       __CrtMemDumpAllObjectsSince 100bad70 f   libcmtd:dbgheap.obj
 0002:00035270       __CrtDumpMemoryLeaks       100bb270 f   libcmtd:dbgheap.obj
 0002:000352f0       __CrtMemDumpStatistics     100bb2f0 f   libcmtd:dbgheap.obj
 0002:000353d0       __aligned_malloc           100bb3d0 f   libcmtd:dbgheap.obj
 0002:00035400       __aligned_malloc_dbg       100bb400 f   libcmtd:dbgheap.obj
 0002:00035430       __aligned_realloc          100bb430 f   libcmtd:dbgheap.obj
 0002:00035460       __aligned_realloc_dbg      100bb460 f   libcmtd:dbgheap.obj
 0002:00035490       __aligned_offset_malloc    100bb490 f   libcmtd:dbgheap.obj
 0002:000354c0       __aligned_offset_malloc_dbg 100bb4c0 f   libcmtd:dbgheap.obj
 0002:00035650       __aligned_offset_realloc   100bb650 f   libcmtd:dbgheap.obj
 0002:00035680       __aligned_offset_realloc_dbg 100bb680 f   libcmtd:dbgheap.obj
 0002:00035970       __aligned_free             100bb970 f   libcmtd:dbgheap.obj
 0002:00035990       __aligned_free_dbg         100bb990 f   libcmtd:dbgheap.obj
 0002:00035a60       __CRT_INIT@12              100bba60 f   libcmtd:dllcrt0.obj
 0002:00035d40       __DllMainCRTStartup@12     100bbd40 f   libcmtd:dllcrt0.obj
 0002:00035f20       __amsg_exit                100bbf20 f   libcmtd:dllcrt0.obj
 0002:00035f70       @__security_check_cookie@4 100bbf70 f   libcmtd:secchk.obj
 0002:00036020       ??1type_info@@UAE@XZ       100bc020 f   libcmtd:typinfo.obj
 0002:000360d0       ??_Gtype_info@@UAEPAXI@Z   100bc0d0 f i libcmtd:typinfo.obj
 0002:000360d0       ??_Etype_info@@UAEPAXI@Z   100bc0d0 f i libcmtd:typinfo.obj
 0002:00036110       ??8type_info@@QBEHABV0@@Z  100bc110 f   libcmtd:typinfo.obj
 0002:00036150       ??9type_info@@QBEHABV0@@Z  100bc150 f   libcmtd:typinfo.obj
 0002:00036190       ?before@type_info@@QBEHABV1@@Z 100bc190 f   libcmtd:typinfo.obj
 0002:000361d0       ?raw_name@type_info@@QBEPBDXZ 100bc1d0 f   libcmtd:typinfo.obj
 0002:000361f0       ??0type_info@@AAE@ABV0@@Z  100bc1f0 f   libcmtd:typinfo.obj
 0002:00036210       ??4type_info@@AAEAAV0@ABV0@@Z 100bc210 f   libcmtd:typinfo.obj
 0002:00036230       _memset                    100bc230 f   libcmtd:memset.obj
 0002:000362b0       __CxxThrowException@8      100bc2b0 f   libcmtd:throw.obj
 0002:00036310       _sprintf                   100bc310 f   libcmtd:sprintf.obj
 0002:00036440       __scprintf                 100bc440 f   libcmtd:sprintf.obj
 0002:000364e0       __purecall                 100bc4e0 f   libcmtd:purevirt.obj
 0002:00036510       __set_purecall_handler     100bc510 f   libcmtd:purevirt.obj
 0002:00036540       _memcmp                    100bc540 f   libcmtd:memcmp.obj
 0002:00036630       _abs                       100bc630 f   libcmtd:abs.obj
 0002:00036660       __abs64                    100bc660 f   libcmtd:abs.obj
 0002:000366b0       __mbschr                   100bc6b0 f   libcmtd:mbschr.obj
 0002:000367b0       _wcslen                    100bc7b0 f   libcmtd:wcslen.obj
 0002:000367f0       _swprintf                  100bc7f0 f   libcmtd:swprintf.obj
 0002:00036970       __scwprintf                100bc970 f   libcmtd:swprintf.obj
 0002:00036a10       __beginthreadex            100bca10 f   libcmtd:threadex.obj
 0002:00036c70       __endthreadex              100bcc70 f   libcmtd:threadex.obj
 0002:00036cd0       _sscanf                    100bccd0 f   libcmtd:sscanf.obj
 0002:00036da0       __snprintf                 100bcda0 f   libcmtd:snprintf.obj
 0002:00036ed0       __strdup                   100bced0 f   libcmtd:strdup.obj
 0002:00036f30       __cinit                    100bcf30 f   libcmtd:crt0dat.obj
 0002:00036fb0       _exit                      100bcfb0 f   libcmtd:crt0dat.obj
 0002:00036fd0       __exit                     100bcfd0 f   libcmtd:crt0dat.obj
 0002:00036ff0       __cexit                    100bcff0 f   libcmtd:crt0dat.obj
 0002:00037010       __c_exit                   100bd010 f   libcmtd:crt0dat.obj
 0002:000371b0       ___crtExitProcess          100bd1b0 f   libcmtd:crt0dat.obj
 0002:00037210       __lockexit                 100bd210 f   libcmtd:crt0dat.obj
 0002:00037230       __unlockexit               100bd230 f   libcmtd:crt0dat.obj
 0002:000372d0       ??_M@YGXPAXIHP6EX0@Z@Z     100bd2d0 f   libcmtd:ehvecdtr.obj
 0002:000373a0       ?__ArrayUnwind@@YGXPAXIHP6EX0@Z@Z 100bd3a0 f   libcmtd:ehvecdtr.obj
 0002:00037480       __dosmaperr                100bd480 f   libcmtd:dosmap.obj
 0002:00037540       __errno                    100bd540 f   libcmtd:dosmap.obj
 0002:00037550       ___doserrno                100bd550 f   libcmtd:dosmap.obj
 0002:00037560       __mbsrchr                  100bd560 f   libcmtd:mbsrchr.obj
 0002:00037660       __mbsinc                   100bd660 f   libcmtd:mbsinc.obj
 0002:000376b0       _labs                      100bd6b0 f   libcmtd:labs.obj
 0002:000376e0       __allshl                   100bd6e0 f   libcmtd:llshl.obj
 0002:00037710       __allmul                   100bd710 f   libcmtd:llmul.obj
 0002:00037760       __aullshr                  100bd760 f   libcmtd:ullshr.obj
 0002:00037790       __alldiv                   100bd790 f   libcmtd:lldiv.obj
 0002:00037870       ___updatetmbcinfo          100bd870 f   libcmtd:mbctype.obj
 0002:00037970       __setmbcp                  100bd970 f   libcmtd:mbctype.obj
 0002:00038500       __getmbcp                  100be500 f   libcmtd:mbctype.obj
 0002:00038520       ___initmbctable            100be520 f   libcmtd:mbctype.obj
 0002:00038550       ??_L@YGXPAXIHP6EX0@Z1@Z    100be550 f   libcmtd:ehvecctr.obj
 0002:00038620       __mbsdec                   100be620 f   libcmtd:mbsdec.obj
 0002:000386d0       __mbsspn                   100be6d0 f   libcmtd:mbsspn.obj
 0002:00038720       ___mbsspn_mt               100be720 f   libcmtd:mbsspn.obj
 0002:00038870       __mbscspn                  100be870 f   libcmtd:mbscspn.obj
 0002:000388c0       ___mbscspn_mt              100be8c0 f   libcmtd:mbscspn.obj
 0002:00038a10       __vsnprintf                100bea10 f   libcmtd:vsnprint.obj
 0002:00038b10       __gcvt                     100beb10 f   libcmtd:gcvt.obj
 0002:00038cb0       __mbspbrk                  100becb0 f   libcmtd:mbspbrk.obj
 0002:00038d00       ___mbspbrk_mt              100bed00 f   libcmtd:mbspbrk.obj
 0002:00038e50       __ctime64                  100bee50 f   libcmtd:ctime64.obj
 0002:00038e90       __ismbcspace               100bee90 f   libcmtd:ismbspc.obj
 0002:00038f90       ___InternalCxxFrameHandler 100bef90 f   libcmtd:frame.obj
 0002:00039660       ___FrameUnwindToState      100bf660 f   libcmtd:frame.obj
 0002:00039fa0       ___DestructExceptionObject 100bffa0 f   libcmtd:frame.obj
 0002:0003a0b0       ?__uncaught_exception@@YA_NXZ 100c00b0 f   libcmtd:frame.obj
 0002:0003a0d0       ___CxxExceptionFilter      100c00d0 f   libcmtd:frame.obj
 0002:0003a2f0       ___CxxRegisterExceptionObject 100c02f0 f   libcmtd:frame.obj
 0002:0003a450       ___CxxDetectRethrow        100c0450 f   libcmtd:frame.obj
 0002:0003a4c0       ___CxxUnregisterExceptionObject 100c04c0 f   libcmtd:frame.obj
 0002:0003a5c0       ___CxxQueryExceptionSize   100c05c0 f   libcmtd:frame.obj
 0002:0003a5d0       ___CxxCallUnwindDtor       100c05d0 f   libcmtd:frame.obj
 0002:0003a650       ___CxxCallUnwindVecDtor    100c0650 f   libcmtd:frame.obj
 0002:0003a6e0       __CallSettingFrame@12      100c06e0 f   libcmtd:lowhelpr.obj
 0002:0003a707       __NLG_Return               100c0707     libcmtd:lowhelpr.obj
 0002:0003a740       ___crtTlsAlloc@4           100c0740 f   libcmtd:tidtable.obj
 0002:0003a750       __mtinit                   100c0750 f   libcmtd:tidtable.obj
 0002:0003a8f0       __mtterm                   100c08f0 f   libcmtd:tidtable.obj
 0002:0003a930       __initptd                  100c0930 f   libcmtd:tidtable.obj
 0002:0003a950       __getptd                   100c0950 f   libcmtd:tidtable.obj
 0002:0003aa20       __freefls@4                100c0a20 f   libcmtd:tidtable.obj
 0002:0003ad30       __freeptd                  100c0d30 f   libcmtd:tidtable.obj
 0002:0003ad80       ___threadid                100c0d80 f   libcmtd:tidtable.obj
 0002:0003ad90       ___threadhandle            100c0d90 f   libcmtd:tidtable.obj
 0002:0003ada0       ?terminate@@YAXXZ          100c0da0 f   libcmtd:hooks.obj
 0002:0003ae30       ?unexpected@@YAXXZ         100c0e30 f   libcmtd:hooks.obj
 0002:0003ae60       ?_inconsistency@@YAXXZ     100c0e60 f   libcmtd:hooks.obj
 0002:0003aef0       ?_RTC_Failure@@YAXPAXH@Z   100c0ef0 f   libcmtd:error.obj
 0002:0003b1e0       ?_RTC_MemFailure@@YAXPAXHPBX@Z 100c11e0 f   libcmtd:error.obj
 0002:0003b4c0       ?_RTC_StackFailure@@YAXPAXPBD@Z 100c14c0 f   libcmtd:error.obj
 0002:0003b5b0       __RTC_UninitUse            100c15b0 f   libcmtd:error.obj
 0002:0003b7e0       __RTC_NumErrors            100c17e0 f   libcmtd:userapi.obj
 0002:0003b7f0       __RTC_GetErrDesc           100c17f0 f   libcmtd:userapi.obj
 0002:0003b820       __RTC_SetErrorType         100c1820 f   libcmtd:userapi.obj
 0002:0003b850       __RTC_SetErrorFunc         100c1850 f   libcmtd:userapi.obj
 0002:0003b870       ?_RTC_GetErrorFunc@@YAP6AHHPBDH00ZZPBX@Z 100c1870 f   libcmtd:userapi.obj
 0002:0003b880       __chkesp                   100c1880 f   libcmtd:chkesp.obj
 0002:0003b8d0       __CRT_RTC_INIT             100c18d0 f   libcmtd:chkesp.obj
 0002:0003b8e0       __mtinitlocks              100c18e0 f   libcmtd:mlock.obj
 0002:0003b990       __mtdeletelocks            100c1990 f   libcmtd:mlock.obj
 0002:0003ba80       __mtinitlocknum            100c1a80 f   libcmtd:mlock.obj
 0002:0003bbf0       __lock                     100c1bf0 f   libcmtd:mlock.obj
 0002:0003bc40       __unlock                   100c1c40 f   libcmtd:mlock.obj
 0002:0003bc60       __lockerr_exit             100c1c60 f   libcmtd:mlock.obj
 0002:0003bc90       __itoa                     100c1c90 f   libcmtd:xtoa.obj
 0002:0003bdf0       __ltoa                     100c1df0 f   libcmtd:xtoa.obj
 0002:0003be40       __ultoa                    100c1e40 f   libcmtd:xtoa.obj
 0002:0003be70       __i64toa                   100c1e70 f   libcmtd:xtoa.obj
 0002:0003c000       __ui64toa                  100c2000 f   libcmtd:xtoa.obj
 0002:0003c030       _strcpy                    100c2030 f   libcmtd:strcat.obj
 0002:0003c040       _strcat                    100c2040 f   libcmtd:strcat.obj
 0002:0003c170       _signal                    100c2170 f   libcmtd:winsig.obj
 0002:0003c570       _raise                     100c2570 f   libcmtd:winsig.obj
 0002:0003c8d0       ___fpecode                 100c28d0 f   libcmtd:winsig.obj
 0002:0003c8e0       ___pxcptinfoptrs           100c28e0 f   libcmtd:winsig.obj
 0002:0003c8f0       ___crtMessageBoxA          100c28f0 f   libcmtd:crtmbox.obj
 0002:0003cac0       _strncpy                   100c2ac0 f   libcmtd:strncpy.obj
 0002:0003cc30       _strcmp                    100c2c30 f   libcmtd:strcmp.obj
 0002:0003cce0       __setdefaultprecision      100c2ce0 f   libcmtd:fp8.obj
 0002:0003cd00       __ms_p5_test_fdiv          100c2d00 f   libcmtd:testfdiv.obj
 0002:0003cd70       __ms_p5_mp_test_fdiv       100c2d70 f   libcmtd:testfdiv.obj
 0002:0003cdd0       __forcdecpt                100c2dd0 f   libcmtd:cvt.obj
 0002:0003ce70       __cropzeros                100c2e70 f   libcmtd:cvt.obj
 0002:0003cf80       __positive                 100c2f80 f   libcmtd:cvt.obj
 0002:0003cfc0       __fassign                  100c2fc0 f   libcmtd:cvt.obj
 0002:0003d020       __cftoe                    100c3020 f   libcmtd:cvt.obj
 0002:0003d2a0       __cftof                    100c32a0 f   libcmtd:cvt.obj
 0002:0003d4d0       __cftog                    100c34d0 f   libcmtd:cvt.obj
 0002:0003d610       __cfltcvt                  100c3610 f   libcmtd:cvt.obj
 0002:0003d6d0       __flsbuf                   100c36d0 f   libcmtd:_flsbuf.obj
 0002:0003d9c0       __output                   100c39c0 f   libcmtd:output.obj
 0002:0003ed30       __chvalidator              100c4d30 f   libcmtd:isctype.obj
 0002:0003ed80       __chvalidator_mt           100c4d80 f   libcmtd:isctype.obj
 0002:0003edd0       __isctype                  100c4dd0 f   libcmtd:isctype.obj
 0002:0003ee20       ___isctype_mt              100c4e20 f   libcmtd:isctype.obj
 0002:0003ef10       ____setlc_active_func      100c4f10 f   libcmtd:setlocal.obj
 0002:0003ef20       ____unguarded_readlc_active_add_func 100c4f20 f   libcmtd:setlocal.obj
 0002:0003ef30       ___freetlocinfo            100c4f30 f   libcmtd:setlocal.obj
 0002:0003f110       ___updatetlocinfo          100c5110 f   libcmtd:setlocal.obj
 0002:0003f3e0       _setlocale                 100c53e0 f   libcmtd:setlocal.obj
 0002:00040150       __expandlocale             100c6150 f   libcmtd:setlocal.obj
 0002:000403a0       ___init_dummy              100c63a0 f   libcmtd:setlocal.obj
 0002:000403b0       __strcats                  100c63b0 f   libcmtd:setlocal.obj
 0002:00040420       ___lc_strtolc              100c6420 f   libcmtd:setlocal.obj
 0002:000405f0       ___lc_lctostr              100c65f0 f   libcmtd:setlocal.obj
[...]
 0005:00001ca8       __imp__SetForegroundWindow@4 10227ca8     user32:USER32.dll
 0005:00001cac       __imp__ShowCaret@4         10227cac     user32:USER32.dll
 0005:00001cb0       __imp__HideCaret@4         10227cb0     user32:USER32.dll
 0005:00001cb4       __imp__SetCaretPos@8       10227cb4     user32:USER32.dll
 0005:00001cb8       __imp__GetCaretPos@4       10227cb8     user32:USER32.dll
 0005:00001cbc       __imp__CreateCaret@16      10227cbc     user32:USER32.dll
 0005:00001cc0       __imp__GetClipboardViewer@0 10227cc0     user32:USER32.dll
 0005:00001cc4       __imp__GetClipboardOwner@0 10227cc4     user32:USER32.dll
 0005:00001cc8       __imp__GetOpenClipboardWindow@0 10227cc8     user32:USER32.dll
 0005:00001ccc       __imp__OpenClipboard@4     10227ccc     user32:USER32.dll
 0005:00001cd0       __imp__SetClipboardViewer@4 10227cd0     user32:USER32.dll
 0005:00001cd4       __imp__ChangeClipboardChain@8 10227cd4     user32:USER32.dll
 0005:00001cd8       __imp__FlashWindow@8       10227cd8     user32:USER32.dll
 0005:00001cdc       __imp__WindowFromPoint@8   10227cdc     user32:USER32.dll
 0005:00001ce0       __imp__SetParent@8         10227ce0     user32:USER32.dll
 0005:00001ce4       __imp__GetLastActivePopup@4 10227ce4     user32:USER32.dll
 0005:00001ce8       __imp__FindWindowExA@16    10227ce8     user32:USER32.dll
 0005:00001cec       __imp__ChildWindowFromPointEx@16 10227cec     user32:USER32.dll
 0005:00001cf0       __imp__ChildWindowFromPoint@12 10227cf0     user32:USER32.dll
 0005:00001cf4       __imp__ShowScrollBar@12    10227cf4     user32:USER32.dll
 0005:00001cf8       __imp__GetNextDlgTabItem@12 10227cf8     user32:USER32.dll
 0005:00001cfc       __imp__GetNextDlgGroupItem@12 10227cfc     user32:USER32.dll
 0005:00001d00       __imp__DlgDirSelectComboBoxExA@16 10227d00     user32:USER32.dll
 0005:00001d04       __imp__DlgDirSelectExA@16  10227d04     user32:USER32.dll
 0005:00001d08       __imp__SetRectEmpty@4      10227d08     user32:USER32.dll
 0005:00001d0c       __imp__DlgDirListA@20      10227d0c     user32:USER32.dll
 0005:00001d10       __imp__GetDesktopWindow@0  10227d10     user32:USER32.dll
 0005:00001d14       __imp__SetCapture@4        10227d14     user32:USER32.dll
 0005:00001d18       __imp__GetActiveWindow@0   10227d18     user32:USER32.dll
 0005:00001d1c       __imp__KillTimer@8         10227d1c     user32:USER32.dll
 0005:00001d20       __imp__SetTimer@16         10227d20     user32:USER32.dll
 0005:00001d24       __imp__DrawCaption@16      10227d24     user32:USER32.dll
 0005:00001d28       __imp__DrawAnimatedRects@16 10227d28     user32:USER32.dll
 0005:00001d2c       __imp__EnableScrollBar@12  10227d2c     user32:USER32.dll
 0005:00001d30       __imp__RedrawWindow@16     10227d30     user32:USER32.dll
 0005:00001d34       __imp__LockWindowUpdate@4  10227d34     user32:USER32.dll
 0005:00001d38       __imp__GetDCEx@12          10227d38     user32:USER32.dll
 0005:00001d3c       __imp__ShowOwnedPopups@8   10227d3c     user32:USER32.dll
 0005:00001d40       __imp__IsWindowVisible@4   10227d40     user32:USER32.dll
 0005:00001d44       __imp__ValidateRgn@8       10227d44     user32:USER32.dll
 0005:00001d48       __imp__ValidateRect@8      10227d48     user32:USER32.dll
 0005:00001d4c       __imp__InvalidateRgn@12    10227d4c     user32:USER32.dll
 0005:00001d50       __imp__InvalidateRect@12   10227d50     user32:USER32.dll
 0005:00001d54       __imp__GetUpdateRgn@12     10227d54     user32:USER32.dll
 0005:00001d58       __imp__GetUpdateRect@12    10227d58     user32:USER32.dll
 0005:00001d5c       __imp__UpdateWindow@4      10227d5c     user32:USER32.dll
 0005:00001d60       __imp__ReleaseDC@8         10227d60     user32:USER32.dll
 0005:00001d64       __imp__GetWindowDC@4       10227d64     user32:USER32.dll
 0005:00001d68       __imp__GetSysColor@4       10227d68     user32:USER32.dll
 0005:00001d6c       __imp__SendMessageA@16     10227d6c     user32:USER32.dll
 0005:00001d70       __imp__GetSystemMetrics@4  10227d70     user32:USER32.dll
 0005:00001d74       __imp__FindWindowA@8       10227d74     user32:USER32.dll
 0005:00001d78       __imp__CharLowerW@4        10227d78     user32:USER32.dll
 0005:00001d7c       __imp__CharLowerA@4        10227d7c     user32:USER32.dll
 0005:00001d80       __imp__CharUpperW@4        10227d80     user32:USER32.dll
 0005:00001d84       __imp__MsgWaitForMultipleObjects@20 10227d84     user32:USER32.dll
 0005:00001d88       __imp__IsWindowUnicode@4   10227d88     user32:USER32.dll
 0005:00001d8c       __imp__GetMessageW@16      10227d8c     user32:USER32.dll
 0005:00001d90       __imp__DispatchMessageW@4  10227d90     user32:USER32.dll
 0005:00001d94       __imp__SubtractRect@12     10227d94     user32:USER32.dll
 0005:00001d98       __imp__UnionRect@12        10227d98     user32:USER32.dll
 0005:00001d9c       __imp__InflateRect@12      10227d9c     user32:USER32.dll
 0005:00001da0       __imp__SetRect@20          10227da0     user32:USER32.dll
 0005:00001da4       __imp__GetDC@4             10227da4     user32:USER32.dll
 0005:00001da8       __imp__EndPaint@8          10227da8     user32:USER32.dll
 0005:00001dac       __imp__BeginPaint@8        10227dac     user32:USER32.dll
 0005:00001db0       __imp__ClientToScreen@8    10227db0     user32:USER32.dll
 0005:00001db4       __imp__BringWindowToTop@4  10227db4     user32:USER32.dll
 0005:00001db8       __imp__GetWindowRgn@8      10227db8     user32:USER32.dll
 0005:00001dbc       __imp__SetWindowRgn@12     10227dbc     user32:USER32.dll
 0005:00001dc0       __imp__ArrangeIconicWindows@4 10227dc0     user32:USER32.dll
 0005:00001dc4       __imp__IsZoomed@4          10227dc4     user32:USER32.dll
 0005:00001dc8       __imp__HiliteMenuItem@16   10227dc8     user32:USER32.dll
 0005:00001dcc       __imp__GetSystemMenu@8     10227dcc     user32:USER32.dll
 0005:00001dd0       __imp__DrawMenuBar@4       10227dd0     user32:USER32.dll
 0005:00001dd4       __imp__SetMenu@8           10227dd4     user32:USER32.dll
 0005:00001dd8       __imp__GetMenu@4           10227dd8     user32:USER32.dll
 0005:00001ddc       __imp__DragDetect@12       10227ddc     user32:USER32.dll
 0005:00001de0       __imp__ReleaseCapture@0    10227de0     user32:USER32.dll
 0005:00001de4       __imp__GetDialogBaseUnits@0 10227de4     user32:USER32.dll
 0005:00001de8       __imp__LoadAcceleratorsA@8 10227de8     user32:USER32.dll
 0005:00001dec       __imp__TranslateAcceleratorA@12 10227dec     user32:USER32.dll
 0005:00001df0       __imp__ReuseDDElParam@20   10227df0     user32:USER32.dll
 0005:00001df4       __imp__DestroyIcon@4       10227df4     user32:USER32.dll
 0005:00001df8       __imp__PostMessageA@16     10227df8     user32:USER32.dll
 0005:00001dfc       __imp__EnableWindow@8      10227dfc     user32:USER32.dll
 0005:00001e00       __imp__IsWindowEnabled@4   10227e00     user32:USER32.dll
 0005:00001e04       __imp__ShowWindow@8        10227e04     user32:USER32.dll
 0005:00001e08       __imp__MoveWindow@24       10227e08     user32:USER32.dll
 0005:00001e0c       __imp__SetWindowTextA@8    10227e0c     user32:USER32.dll
 0005:00001e10       __imp__IsDialogMessageA@8  10227e10     user32:USER32.dll
 0005:00001e14       __imp__ScrollWindowEx@32   10227e14     user32:USER32.dll
 0005:00001e18       __imp__IsDlgButtonChecked@8 10227e18     user32:USER32.dll
 0005:00001e1c       __imp__SetDlgItemTextA@12  10227e1c     user32:USER32.dll
 0005:00001e20       __imp__SetDlgItemInt@16    10227e20     user32:USER32.dll
 0005:00001e24       __imp__GetDlgItemTextA@16  10227e24     user32:USER32.dll
 0005:00001e28       __imp__GetDlgItemInt@16    10227e28     user32:USER32.dll
 0005:00001e2c       __imp__CheckRadioButton@16 10227e2c     user32:USER32.dll
 0005:00001e30       __imp__CheckDlgButton@12   10227e30     user32:USER32.dll
 0005:00001e34       __imp__RegisterWindowMessageA@4 10227e34     user32:USER32.dll
 0005:00001e38       __imp__LoadIconA@8         10227e38     user32:USER32.dll
 0005:00001e3c       __imp__SendDlgItemMessageA@20 10227e3c     user32:USER32.dll
 0005:00001e40       __imp__GetClientRect@8     10227e40     user32:USER32.dll
 0005:00001e44       __imp__MapWindowPoints@16  10227e44     user32:USER32.dll
 0005:00001e48       __imp__PeekMessageA@20     10227e48     user32:USER32.dll
 0005:00001e4c       __imp__DispatchMessageA@4  10227e4c     user32:USER32.dll
 0005:00001e50       __imp__GetFocus@0          10227e50     user32:USER32.dll
 0005:00001e54       __imp__SetActiveWindow@4   10227e54     user32:USER32.dll
 0005:00001e58       __imp__SetFocus@4          10227e58     user32:USER32.dll
 0005:00001e5c       __imp__AdjustWindowRectEx@16 10227e5c     user32:USER32.dll
 0005:00001e60       __imp__ScreenToClient@8    10227e60     user32:USER32.dll
 0005:00001e64       __imp__EqualRect@8         10227e64     user32:USER32.dll
 0005:00001e68       __imp__DeferWindowPos@32   10227e68     user32:USER32.dll
 0005:00001e6c       __imp__BeginDeferWindowPos@4 10227e6c     user32:USER32.dll
 0005:00001e70       __imp__CopyRect@8          10227e70     user32:USER32.dll
 0005:00001e74       __imp__EndDeferWindowPos@4 10227e74     user32:USER32.dll
 0005:00001e78       __imp__ScrollWindow@20     10227e78     user32:USER32.dll
 0005:00001e7c       __imp__GetScrollInfo@12    10227e7c     user32:USER32.dll
 0005:00001e80       __imp__SetScrollInfo@16    10227e80     user32:USER32.dll
 0005:00001e84       __imp__GetScrollRange@16   10227e84     user32:USER32.dll
 0005:00001e88       __imp__SetScrollRange@20   10227e88     user32:USER32.dll
 0005:00001e8c       __imp__GetKeyNameTextA@12  10227e8c     user32:USER32.dll
 0005:00001e90       __imp__MapVirtualKeyA@8    10227e90     user32:USER32.dll
 0005:00001e94       __imp__IsClipboardFormatAvailable@4 10227e94     user32:USER32.dll
 0005:00001e98       __imp__MessageBeep@4       10227e98     user32:USER32.dll
 0005:00001e9c       __imp__DlgDirListComboBoxA@20 10227e9c     user32:USER32.dll
 0005:00001ea0       __imp__PtInRect@12         10227ea0     user32:USER32.dll
 0005:00001ea4       __imp__IsRectEmpty@4       10227ea4     user32:USER32.dll
 0005:00001ea8       __imp__CharUpperA@4        10227ea8     user32:USER32.dll
 0005:00001eac       __imp__LoadImageA@24       10227eac     user32:USER32.dll
 0005:00001eb0       __imp__CopyImage@20        10227eb0     user32:USER32.dll
 0005:00001eb4       __imp__GetWindowRect@8     10227eb4     user32:USER32.dll
 0005:00001eb8       __imp__GetWindowPlacement@8 10227eb8     user32:USER32.dll
 0005:00001ebc       __imp__IsIconic@4          10227ebc     user32:USER32.dll
 0005:00001ec0       __imp__SystemParametersInfoA@16 10227ec0     user32:USER32.dll
 0005:00001ec4       __imp__IntersectRect@12    10227ec4     user32:USER32.dll
 0005:00001ec8       __imp__OffsetRect@12       10227ec8     user32:USER32.dll
 0005:00001ecc       __imp__SetWindowPos@28     10227ecc     user32:USER32.dll
 0005:00001ed0       __imp__SetWindowLongA@12   10227ed0     user32:USER32.dll
 0005:00001ed4       __imp__GetWindowLongA@8    10227ed4     user32:USER32.dll
 0005:00001ed8       __imp__GetMessagePos@0     10227ed8     user32:USER32.dll
 0005:00001edc       __imp__GetMessageTime@0    10227edc     user32:USER32.dll
 0005:00001ee0       __imp__DefWindowProcA@16   10227ee0     user32:USER32.dll
 0005:00001ee4       __imp__RemovePropA@8       10227ee4     user32:USER32.dll
 0005:00001ee8       __imp__CallWindowProcA@20  10227ee8     user32:USER32.dll
 0005:00001eec       __imp__GetPropA@8          10227eec     user32:USER32.dll
 0005:00001ef0       __imp__UnhookWindowsHookEx@4 10227ef0     user32:USER32.dll
 0005:00001ef4       __imp__SetPropA@12         10227ef4     user32:USER32.dll
 0005:00001ef8       __imp__GetScrollPos@8      10227ef8     user32:USER32.dll
 0005:00001efc       __imp__SetScrollPos@16     10227efc     user32:USER32.dll
 0005:00001f00       __imp__GetTopWindow@4      10227f00     user32:USER32.dll
 0005:00001f04       __imp__MessageBoxA@16      10227f04     user32:USER32.dll
 0005:00001f08       __imp__IsChild@8           10227f08     user32:USER32.dll
 0005:00001f0c       __imp__GetParent@4         10227f0c     user32:USER32.dll
 0005:00001f10       __imp__GetWindow@8         10227f10     user32:USER32.dll
 0005:00001f14       __imp__GetCapture@0        10227f14     user32:USER32.dll
 0005:00001f18       __imp__WinHelpA@16         10227f18     user32:USER32.dll
 0005:00001f1c       __imp__GetClassInfoA@12    10227f1c     user32:USER32.dll
 0005:00001f20       __imp__RegisterClassA@4    10227f20     user32:USER32.dll
 0005:00001f24       __imp__UnregisterClassA@8  10227f24     user32:USER32.dll
 0005:00001f28       __imp__TrackPopupMenuEx@24 10227f28     user32:USER32.dll
 0005:00001f2c       __imp__TrackPopupMenu@28   10227f2c     user32:USER32.dll
 0005:00001f30       __imp__SetWindowPlacement@8 10227f30     user32:USER32.dll
 0005:00001f34       __imp__GetDlgItem@8        10227f34     user32:USER32.dll
 0005:00001f38       __imp__GetWindowTextLengthA@4 10227f38     user32:USER32.dll
 0005:00001f3c       __imp__GetWindowTextA@12   10227f3c     user32:USER32.dll
 0005:00001f40       __imp__GetKeyState@4       10227f40     user32:USER32.dll
 0005:00001f44       __imp__DestroyWindow@4     10227f44     user32:USER32.dll
 0005:00001f48       __imp__GetDlgCtrlID@4      10227f48     user32:USER32.dll
 0005:00001f4c       __imp__IsWindow@4          10227f4c     user32:USER32.dll
 0005:00001f50       __imp__CreateWindowExA@48  10227f50     user32:USER32.dll
 0005:00001f54       __imp__SetWindowsHookExA@16 10227f54     user32:USER32.dll
 0005:00001f58       __imp__CallNextHookEx@16   10227f58     user32:USER32.dll
 0005:00001f5c       __imp__GetClassLongA@8     10227f5c     user32:USER32.dll
 0005:00001f60       __imp__GetClassInfoExA@12  10227f60     user32:USER32.dll
 0005:00001f64       __imp__GetClassNameA@12    10227f64     user32:USER32.dll
 0005:00001f68       __imp__SetCursor@4         10227f68     user32:USER32.dll
 0005:00001f6c       \177USER32_NULL_THUNK_DATA 10227f6c     user32:USER32.dll
 0005:00002058       __imp__GetFileVersionInfoA@16 10228058     version:VERSION.dll
 0005:0000205c       __imp__GetFileVersionInfoSizeA@8 1022805c     version:VERSION.dll
 0005:00002060       __imp__VerQueryValueA@16   10228060     version:VERSION.dll
 0005:00002064       \177VERSION_NULL_THUNK_DATA 10228064     version:VERSION.dll
 0005:00002090       __imp__OpenPrinterA@12     10228090     winspool:WINSPOOL.DRV
 0005:00002094       __imp__GetJobA@24          10228094     winspool:WINSPOOL.DRV
 0005:00002098       __imp__ClosePrinter@4      10228098     winspool:WINSPOOL.DRV
 0005:0000209c       __imp__DocumentPropertiesA@24 1022809c     winspool:WINSPOOL.DRV
 0005:000020a0       \177WINSPOOL_NULL_THUNK_DATA 102280a0     winspool:WINSPOOL.DRV
 0005:000020cc       __imp__CommDlgExtendedError@0 102280cc     comdlg32:comdlg32.dll
 0005:000020d0       __imp__PrintDlgA@4         102280d0     comdlg32:comdlg32.dll
 0005:000020d4       __imp__PageSetupDlgA@4     102280d4     comdlg32:comdlg32.dll
 0005:000020d8       __imp__FindTextA@4         102280d8     comdlg32:comdlg32.dll
 0005:000020dc       __imp__ReplaceTextA@4      102280dc     comdlg32:comdlg32.dll
 0005:000020e0       __imp__ChooseColorA@4      102280e0     comdlg32:comdlg32.dll
 0005:000020e4       __imp__GetFileTitleA@12    102280e4     comdlg32:comdlg32.dll
 0005:000020e8       __imp__GetOpenFileNameA@4  102280e8     comdlg32:comdlg32.dll
 0005:000020ec       __imp__GetSaveFileNameA@4  102280ec     comdlg32:comdlg32.dll
 0005:000020f0       \177comdlg32_NULL_THUNK_DATA 102280f0     comdlg32:comdlg32.dll
 0005:00002120       __imp__WriteFmtUserTypeStg@12 10228120     ole32:ole32.dll
 0005:00002124       __imp__SetConvertStg@8     10228124     ole32:ole32.dll
 0005:00002128       __imp__WriteClassStg@8     10228128     ole32:ole32.dll
 0005:0000212c       __imp__CreateBindCtx@8     1022812c     ole32:ole32.dll
 0005:00002130       __imp__CoTaskMemAlloc@4    10228130     ole32:ole32.dll
 0005:00002134       __imp__OleDuplicateData@12 10228134     ole32:ole32.dll
 0005:00002138       __imp__OleRegGetUserType@12 10228138     ole32:ole32.dll
 0005:0000213c       __imp__ReadFmtUserTypeStg@12 1022813c     ole32:ole32.dll
 0005:00002140       __imp__ReadClassStg@8      10228140     ole32:ole32.dll
 0005:00002144       __imp__StringFromCLSID@8   10228144     ole32:ole32.dll
 0005:00002148       __imp__CoTreatAsClass@8    10228148     ole32:ole32.dll
 0005:0000214c       __imp__ReleaseStgMedium@4  1022814c     ole32:ole32.dll
 0005:00002150       __imp__CoRegisterClassObject@20 10228150     ole32:ole32.dll
 0005:00002154       __imp__CoRevokeClassObject@4 10228154     ole32:ole32.dll
 0005:00002158       __imp__CoDisconnectObject@8 10228158     ole32:ole32.dll
 0005:0000215c       __imp__CoCreateInstance@20 1022815c     ole32:ole32.dll
 0005:00002160       __imp__StringFromGUID2@12  10228160     ole32:ole32.dll
 0005:00002164       __imp__CoReleaseMarshalData@4 10228164     ole32:ole32.dll
 0005:00002168       __imp__CoMarshalInterface@24 10228168     ole32:ole32.dll
 0005:0000216c       __imp__CreateStreamOnHGlobal@12 1022816c     ole32:ole32.dll
 0005:00002170       __imp__CoUnmarshalInterface@12 10228170     ole32:ole32.dll
 0005:00002174       __imp__CLSIDFromString@8   10228174     ole32:ole32.dll
 0005:00002178       __imp__CLSIDFromProgID@8   10228178     ole32:ole32.dll
 0005:0000217c       __imp__OleRun@4            1022817c     ole32:ole32.dll
 0005:00002180       __imp__CoTaskMemFree@4     10228180     ole32:ole32.dll
 0005:00002184       \177ole32_NULL_THUNK_DATA  10228184     ole32:ole32.dll
 0006:00000000       __DELAY_IMPORT_DESCRIPTOR_OLEACC 1022c000     oleacc:OLEACC.dll
 0006:00000020       __NULL_DELAY_IMPORT_DESCRIPTOR 1022c020     oleacc:OLEACC.dll
 0006:0000004c       \177OLEACC_NULL_THUNK_DATA_DLN 1022c04c     oleacc:OLEACC.dll
 0006:00000078       __imp__LresultFromObject@12 1022c078     oleacc:OLEACC.dll
 0006:0000007c       __imp__AccessibleObjectFromWindow@16 1022c07c     oleacc:OLEACC.dll
 0006:00000080       __imp__CreateStdAccessibleObject@16 1022c080     oleacc:OLEACC.dll
 0006:00000084       \177OLEACC_NULL_THUNK_DATA_DLA 1022c084     oleacc:OLEACC.dll
 0006:0000020c       \177OLEACC_NULL_THUNK_DATA_DLB 1022c20c     oleacc:OLEACC.dll

 entry point at        0002:00001329


 Exports

  ordinal    name

        1    ?CloseMiniX@@YGXXZ (void __stdcall CloseMiniX(void))
               exported name: CloseMiniX
        2    ?OpenMiniX@@YGXXZ (void __stdcall OpenMiniX(void))
               exported name: OpenMiniX
        3    ?ReadMiniXMonitor@@YGXPAU_MiniX_Monitor@@@Z (void __stdcall ReadMiniXMonitor(struct _MiniX_Monitor *))
               exported name: ReadMiniXMonitor
        4    ?ReadMiniXSerialNumber@@YGJXZ (long __stdcall ReadMiniXSerialNumber(void))
               exported name: ReadMiniXSerialNumber
        5    ?ReadMiniXSettings@@YGXPAU_MiniX_Settings@@@Z (void __stdcall ReadMiniXSettings(struct _MiniX_Settings *))
               exported name: ReadMiniXSettings
        6    ?SendMiniXCommand@@YGXE@Z (void __stdcall SendMiniXCommand(unsigned char))
               exported name: SendMiniXCommand
        7    ?SetMiniXCurrent@@YGXN@Z (void __stdcall SetMiniXCurrent(double))
               exported name: SetMiniXCurrent
        8    ?SetMiniXHV@@YGXN@Z (void __stdcall SetMiniXHV(double))
               exported name: SetMiniXHV
        9    ?isMiniXDlg@@YGEXZ (unsigned char __stdcall isMiniXDlg(void))
               exported name: isMiniXDlg
       10    _DllCanUnloadNow@0
               exported name: DllCanUnloadNow
       11    _DllGetClassObject@12
               exported name: DllGetClassObject
       12    _DllRegisterServer@0
               exported name: DllRegisterServer
